Microchip MPLAB XC8 Compiler V2.00 ()

Linker command line:

-W-3 --edf=C:\Program Files (x86)\Microchip\xc8\v2.00\pic\dat\en_msgs.txt \
  -cs -h+dist/default/production\PIC16F1765_SIM800_Control.production.sym \
  --cmf=dist/default/production\PIC16F1765_SIM800_Control.production.cmf -z \
  -Q16F1765 -oC:\Users\plj\AppData\Local\Temp\s14k.2 \
  --defsym=__MPLAB_BUILD=1 \
  -Mdist/default/production/PIC16F1765_SIM800_Control.production.map -E1 \
  -ver=XC8 --acfsm=1493 -ASTACK=02230h-023efh -pstack=STACK \
  -ACODE=00h-07FFhx4 -ASTRCODE=00h-01FFFh -ASTRING=00h-0FFhx32 \
  -ACONST=00h-0FFhx32 -AENTRY=00h-0FFhx32 -ACOMMON=070h-07Fh \
  -ABANK0=020h-06Fh -ABANK1=0A0h-0EFh -ABANK2=0120h-016Fh \
  -ABANK3=01A0h-01EFh -ABANK4=0220h-026Fh -ABANK5=02A0h-02EFh \
  -ABANK6=0320h-032Fh -ABANK7=03A0h-03EFh -ABANK8=0420h-046Fh \
  -ABANK9=04A0h-04EFh -ABANK10=0520h-056Fh -ABANK11=05A0h-05EFh \
  -ABANK12=0620h-064Fh -ABIGRAM=02000h-021EFh,02230h-023EFh \
  -ARAM=020h-06Fh,0A0h-0EFh,0120h-016Fh,01A0h-01EFh,0220h-026Fh,02A0h-02EFh,0320h-032Fh,03A0h-03EFh,0420h-046Fh,04A0h-04EFh,0520h-056Fh,05A0h-05EFh,0620h-064Fh \
  -AABS1=020h-07Fh,0A0h-0EFh,0120h-016Fh,01A0h-01EFh,0220h-026Fh,02A0h-02EFh,0320h-032Fh,03A0h-03EFh,0420h-046Fh,04A0h-04EFh,0520h-056Fh,05A0h-05EFh,0620h-064Fh \
  -ASFR0=00h-01Fh -ASFR1=080h-09Fh -ASFR2=0100h-011Fh -ASFR3=0180h-019Fh \
  -ASFR4=0200h-021Fh -ASFR5=0280h-029Fh -ASFR6=0300h-031Fh \
  -ASFR7=0380h-039Fh -ASFR8=0400h-041Fh -ASFR9=0480h-049Fh \
  -ASFR10=0500h-051Fh -ASFR11=0580h-059Fh -ASFR12=0600h-061Fh \
  -ASFR13=0680h-06EFh -ASFR14=0700h-076Fh -ASFR15=0780h-07EFh \
  -ASFR16=0800h-086Fh -ASFR17=0880h-08EFh -ASFR18=0900h-096Fh \
  -ASFR19=0980h-09EFh -ASFR20=0A00h-0A6Fh -ASFR21=0A80h-0AEFh \
  -ASFR22=0B00h-0B6Fh -ASFR23=0B80h-0BEFh -ASFR24=0C00h-0C6Fh \
  -ASFR25=0C80h-0CEFh -ASFR26=0D00h-0D6Fh -ASFR27=0D80h-0DEFh \
  -ASFR28=0E00h-0E6Fh -ASFR29=0E80h-0EEFh -ASFR30=0F00h-0F6Fh \
  -ASFR31=0F80h-0FEFh -preset_vec=00h,intentry,init,end_init -ppowerup=CODE \
  -pcinit=CODE -pfunctab=ENTRY -ACONFIG=08007h-08008h -pconfig=CONFIG \
  -DCONFIG=2 -AIDLOC=08000h-08003h -pidloc=IDLOC -DIDLOC=2 -DCODE=2 \
  -DSTRCODE=2 -DSTRING=2 -DCONST=2 -DENTRY=2 -k \
  C:\Users\plj\AppData\Local\Temp\s14k.o \
  dist/default/production\PIC16F1765_SIM800_Control.production.o 

Object code version is 3.11

Machine type is 16F1765



                Name                               Link     Load   Length Selector   Space Scale
C:\Users\plj\AppData\Local\Temp\s14k.o
                end_init                              2        2        2        0       0
                reset_vec                             0        0        2        0       0
                config                             8007     8007        2    1000E       0
dist/default/production\PIC16F1765_SIM800_Control.production.o
                cinit                               7E5      7E5       1B      FCA       0
                text19                              3A0      3A0        6      740       0
                text18                              3C5      3C5        C      78A       0
                text17                              3A6      3A6        6      74C       0
                text16                              3BA      3BA        B      774       0
                text15                              3B2      3B2        8      764       0
                text14                              417      417       21      82E       0
                text13                              39C      39C        4      738       0
                text12                              3DD      3DD       10      7BA       0
                text11                              3ED      3ED       11      7DA       0
                text10                              517      517       54      A2E       0
                text9                               3D1      3D1        C      7A2       0
                text8                               3FE      3FE       19      7FC       0
                text7                               438      438       29      870       0
                text6                               4D8      4D8       3F      9B0       0
                text5                               461      461       3B      8C2       0
                text4                               56B      56B       5D      AD6       0
                text3                               5C8      5C8       5D      B90       0
                text2                               625      625       AA      C4A       0
                text1                               49C      49C       3C      938       0
                maintext                            6CF      6CF      116      D9E       0
                cstackBANK0                          20       20       4A       20       1
                cstackCOMMON                         70       70        E       70       1
                cstackBANK1                          A0       A0       42       A0       1
                clrtext                             3AC      3AC        6      758       0
                bssBANK4                            220      220       40      220       1
                bssBANK3                            1A0      1A0       40      1A0       1
                bssBANK2                            120      120       40      120       1
                stringtext3                         813      813        5     1000       0
                stringtext2                         80C      80C        7     1000       0
                stringtext1                         800      800        C     1000       0
                nvBANK0                              6A       6A        2       20       1

TOTAL           Name                               Link     Load   Length     Space
        CLASS   STACK          

        CLASS   CODE           
                end_init                              2        2        2         0
                cinit                               7E5      7E5       1B         0
                reset_vec                             0        0        2         0
                text19                              3A0      3A0        6         0
                text18                              3C5      3C5        C         0
                text17                              3A6      3A6        6         0
                text16                              3BA      3BA        B         0
                text15                              3B2      3B2        8         0
                text14                              417      417       21         0
                text13                              39C      39C        4         0
                text12                              3DD      3DD       10         0
                text11                              3ED      3ED       11         0
                text10                              517      517       54         0
                text9                               3D1      3D1        C         0
                text8                               3FE      3FE       19         0
                text7                               438      438       29         0
                text6                               4D8      4D8       3F         0
                text5                               461      461       3B         0
                text4                               56B      56B       5D         0
                text3                               5C8      5C8       5D         0
                text2                               625      625       AA         0
                text1                               49C      49C       3C         0
                maintext                            6CF      6CF      116         0
                clrtext                             3AC      3AC        6         0

        CLASS   STRCODE        
                stringtext3                         813      813        5         0
                stringtext2                         80C      80C        7         0
                stringtext1                         800      800        C         0

        CLASS   STRING         

        CLASS   CONST          

        CLASS   ENTRY          

        CLASS   COMMON         
                cstackCOMMON                         70       70        E         1

        CLASS   BANK0          
                cstackBANK0                          20       20       4A         1
                nvBANK0                              6A       6A        2         1

        CLASS   BANK1          
                cstackBANK1                          A0       A0       42         1

        CLASS   BANK2          
                bssBANK2                            120      120       40         1

        CLASS   BANK3          
                bssBANK3                            1A0      1A0       40         1

        CLASS   BANK4          
                bssBANK4                            220      220       40         1

        CLASS   BANK5          

        CLASS   BANK6          

        CLASS   BANK7          

        CLASS   BANK8          

        CLASS   BANK9          

        CLASS   BANK10         

        CLASS   BANK11         

        CLASS   BANK12         

        CLASS   BIGRAM         

        CLASS   RAM            

        CLASS   ABS1           
                abs_s1                               7E       7E        2         1

        CLASS   SFR0           

        CLASS   SFR1           

        CLASS   SFR2           

        CLASS   SFR3           

        CLASS   SFR4           

        CLASS   SFR5           

        CLASS   SFR6           

        CLASS   SFR7           

        CLASS   SFR8           

        CLASS   SFR9           

        CLASS   SFR10          

        CLASS   SFR11          

        CLASS   SFR12          

        CLASS   SFR13          

        CLASS   SFR14          

        CLASS   SFR15          

        CLASS   SFR16          

        CLASS   SFR17          

        CLASS   SFR18          

        CLASS   SFR19          

        CLASS   SFR20          

        CLASS   SFR21          

        CLASS   SFR22          

        CLASS   SFR23          

        CLASS   SFR24          

        CLASS   SFR25          

        CLASS   SFR26          

        CLASS   SFR27          

        CLASS   SFR28          

        CLASS   SFR29          

        CLASS   SFR30          

        CLASS   SFR31          

        CLASS   CONFIG         
                config                             8007     8007        2         0

        CLASS   IDLOC          

        CLASS   BANK31         

        CLASS   BANK30         

        CLASS   BANK29         

        CLASS   BANK28         

        CLASS   BANK27         

        CLASS   BANK26         

        CLASS   BANK25         

        CLASS   BANK24         

        CLASS   BANK23         

        CLASS   BANK22         

        CLASS   BANK21         

        CLASS   BANK20         

        CLASS   BANK19         

        CLASS   BANK18         

        CLASS   BANK17         

        CLASS   BANK16         

        CLASS   BANK15         

        CLASS   BANK14         

        CLASS   BANK13         

        CLASS   EEDATA         



SEGMENTS        Name                           Load    Length   Top    Selector   Space  Class     Delta

                reset_vec                      000000  000004  000004         0       0  CODE        2
                cstackBANK0                    000020  00004C  00006C        20       1  BANK0       1
                cstackCOMMON                   000070  00000E  00007E        70       1  COMMON      1
                cstackBANK1                    0000A0  000042  0000E2        A0       1  BANK1       1
                bssBANK2                       000120  000040  000160       120       1  BANK2       1
                bssBANK3                       0001A0  000040  0001E0       1A0       1  BANK3       1
                bssBANK4                       000220  000040  000260       220       1  BANK4       1
                text13                         00039C  000004  0003A0       738       0  CODE        2
                text19                         0003A0  000006  0003A6       740       0  CODE        2
                text17                         0003A6  000006  0003AC       74C       0  CODE        2
                clrtext                        0003AC  000006  0003B2       758       0  CODE        2
                text15                         0003B2  000008  0003BA       764       0  CODE        2
                text16                         0003BA  00000B  0003C5       774       0  CODE        2
                text18                         0003C5  00000C  0003D1       78A       0  CODE        2
                text9                          0003D1  00000C  0003DD       7A2       0  CODE        2
                text12                         0003DD  000010  0003ED       7BA       0  CODE        2
                text11                         0003ED  000011  0003FE       7DA       0  CODE        2
                text8                          0003FE  000019  000417       7FC       0  CODE        2
                text14                         000417  000021  000438       82E       0  CODE        2
                text7                          000438  000029  000461       870       0  CODE        2
                text5                          000461  00003B  00049C       8C2       0  CODE        2
                text1                          00049C  00003C  0004D8       938       0  CODE        2
                text6                          0004D8  00003F  000517       9B0       0  CODE        2
                text10                         000517  000054  00056B       A2E       0  CODE        2
                text4                          00056B  00005D  0005C8       AD6       0  CODE        2
                text3                          0005C8  00005D  000625       B90       0  CODE        2
                text2                          000625  0000AA  0006CF       C4A       0  CODE        2
                maintext                       0006CF  000116  0007E5       D9E       0  CODE        2
                cinit                          0007E5  00001B  000800       FCA       0  CODE        2
                stringtext1                    000800  000018  000818      1000       0  STRCODE     2
                config                         008007  000002  008009     1000E       0  CONFIG      2


UNUSED ADDRESS RANGES

        Name                Unused          Largest block    Delta
        BANK0            0006C-0006F               4           1
        BANK1            000E2-000EF               E           1
        BANK10           00520-0056F              50           1
        BANK11           005A0-005EF              50           1
        BANK12           00620-0064F              30           1
        BANK2            00160-0016F              10           1
        BANK3            001E0-001EF              10           1
        BANK4            00260-0026F              10           1
        BANK5            002A0-002EF              50           1
        BANK6            00320-0032F              10           1
        BANK7            003A0-003EF              50           1
        BANK8            00420-0046F              50           1
        BANK9            004A0-004EF              50           1
        BIGRAM           02000-021EF             1F0           1
                         02230-023EF             1C0
        CODE             00004-0039B             398           2
                         00818-01FFF             800
        CONST            00004-0039B             100           2
                         00818-01FFF             100
        ENTRY            00004-0039B             100           2
                         00818-01FFF             100
        IDLOC            08000-08003               4           2
        RAM              0006C-0006F               4           1
                         000E2-000EF               E
                         00160-0016F              10
                         001E0-001EF              10
                         00260-0026F              10
                         002A0-002EF              50
                         00320-0032F              10
                         003A0-003EF              50
                         00420-0046F              50
                         004A0-004EF              50
                         00520-0056F              50
                         005A0-005EF              50
                         00620-0064F              30
        SFR0             00000-0001F              20           1
        SFR1             00080-0009F              20           1
        SFR10            00500-0051F              20           1
        SFR11            00580-0059F              20           1
        SFR12            00600-0061F              20           1
        SFR13            00680-006EF              70           1
        SFR14            00700-0076F              70           1
        SFR15            00780-007EF              70           1
        SFR16            00800-0086F              70           1
        SFR17            00880-008EF              70           1
        SFR18            00900-0096F              70           1
        SFR19            00980-009EF              70           1
        SFR2             00100-0011F              20           1
        SFR20            00A00-00A6F              70           1
        SFR21            00A80-00AEF              70           1
        SFR22            00B00-00B6F              70           1
        SFR23            00B80-00BEF              70           1
        SFR24            00C00-00C6F              70           1
        SFR25            00C80-00CEF              70           1
        SFR26            00D00-00D6F              70           1
        SFR27            00D80-00DEF              70           1
        SFR28            00E00-00E6F              70           1
        SFR29            00E80-00EEF              70           1
        SFR3             00180-0019F              20           1
        SFR30            00F00-00F6F              70           1
        SFR31            00F80-00FEF              70           1
        SFR4             00200-0021F              20           1
        SFR5             00280-0029F              20           1
        SFR6             00300-0031F              20           1
        SFR7             00380-0039F              20           1
        SFR8             00400-0041F              20           1
        SFR9             00480-0049F              20           1
        STACK            02230-023EF             1C0           1
        STRCODE          00004-0039B             398           2
                         00818-01FFF            17E8
        STRING           00004-0039B             100           2
                         00818-01FFF             100

                                  Symbol Table

?_EUSART_Read_String                     cstackCOMMON 00070
?_SendAT                                 cstackBANK0  00020
?_SendCMGF                               cstackBANK0  00020
?_strcmp                                 cstackCOMMON 00070
?_strlen                                 cstackCOMMON 00070
EUSART_Read_String@c                     cstackCOMMON 0007A
EUSART_Read_String@i                     cstackCOMMON 00077
EUSART_Read_String@max_length            cstackCOMMON 00070
EUSART_Read_String@s                     cstackCOMMON 00079
EUSART_Read_String@seenCR                cstackCOMMON 00073
EUSART_Read_String@seenNL                cstackCOMMON 00075
EUSART_Write@txData                      cstackCOMMON 00070
EUSART_Write_String@s                    cstackCOMMON 00071
INT_SetInterruptHandler@InterruptHandler cstackCOMMON 00070
SendAT@F6746                             bssBANK3     001A0
SendAT@charsRead                         cstackBANK0  00066
SendAT@line                              cstackBANK0  00023
SendAT@response                          cstackBANK0  00065
SendAT@totalRead                         cstackBANK0  00063
SendCMGF@F6752                           bssBANK4     00220
SendCMGF@charsRead                       cstackBANK0  00066
SendCMGF@line                            cstackBANK0  00023
SendCMGF@response                        cstackBANK0  00065
SendCMGF@totalRead                       cstackBANK0  00063
_ANSELA                                  (abs)        0018C
_ANSELC                                  (abs)        0018E
_BAUD1CON                                (abs)        0019F
_BORCON                                  (abs)        0021D
_EUSART_Initialize                       text18       003C5
_EUSART_Read                             text11       003ED
_EUSART_Read_String                      text10       00517
_EUSART_Write                            text9        003D1
_EUSART_Write_String                     text8        003FE
_EUSART_is_rx_ready                      text19       003A0
_EXT_INT_Initialize                      text16       003BA
_INTCONbits                              (abs)        0000B
_INT_DefaultInterruptHandler             (abs)        00000
_INT_InterruptHandler                    nvBANK0      0006A
_INT_SetInterruptHandler                 text17       003A6
_LATA                                    (abs)        0010C
_LATC                                    (abs)        0010E
_LATCbits                                (abs)        0010E
_ODCONA                                  (abs)        0028C
_ODCONC                                  (abs)        0028E
_OPTION_REGbits                          (abs)        00095
_OSCCON                                  (abs)        00099
_OSCILLATOR_Initialize                   text15       003B2
_OSCSTAT                                 (abs)        0009A
_OSCTUNE                                 (abs)        00098
_PIN_MANAGER_Initialize                  text14       00417
_PIR1bits                                (abs)        00011
_RC1REG                                  (abs)        00199
_RC1STA                                  (abs)        0019D
_RC1STAbits                              (abs)        0019D
_RC4PPS                                  (abs)        00EA4
_RXPPS                                   (abs)        00E24
_SLRCONA                                 (abs)        0030C
_SLRCONC                                 (abs)        0030E
_SPBRGH                                  (abs)        0019C
_SPBRGL                                  (abs)        0019B
_SYSTEM_Initialize                       text12       003DD
_SendAT                                  text4        0056B
_SendCMGF                                text3        005C8
_TRISA                                   (abs)        0008C
_TRISC                                   (abs)        0008E
_TX1REG                                  (abs)        0019A
_TX1STA                                  (abs)        0019E
_TX1STAbits                              (abs)        0019E
_WDTCON                                  (abs)        00097
_WDT_Initialize                          text13       0039C
_WPUA                                    (abs)        0020C
_WPUC                                    (abs)        0020E
__CFG_BOREN$ON                           (abs)        00000
__CFG_BORV$LO                            (abs)        00000
__CFG_CLKOUTEN$OFF                       (abs)        00000
__CFG_CP$OFF                             (abs)        00000
__CFG_FCMEN$ON                           (abs)        00000
__CFG_FOSC$INTOSC                        (abs)        00000
__CFG_IESO$ON                            (abs)        00000
__CFG_LPBOR$OFF                          (abs)        00000
__CFG_LVP$ON                             (abs)        00000
__CFG_MCLRE$ON                           (abs)        00000
__CFG_PLLEN$OFF                          (abs)        00000
__CFG_PPS1WAY$ON                         (abs)        00000
__CFG_PWRTE$OFF                          (abs)        00000
__CFG_STVREN$ON                          (abs)        00000
__CFG_WDTE$OFF                           (abs)        00000
__CFG_WRT$OFF                            (abs)        00000
__CFG_ZCD$OFF                            (abs)        00000
__Habs1                                  abs1         00000
__Hbank0                                 bank0        00000
__Hbank1                                 bank1        00000
__Hbank10                                bank10       00000
__Hbank11                                bank11       00000
__Hbank12                                bank12       00000
__Hbank13                                bank13       00000
__Hbank14                                bank14       00000
__Hbank15                                bank15       00000
__Hbank16                                bank16       00000
__Hbank17                                bank17       00000
__Hbank18                                bank18       00000
__Hbank19                                bank19       00000
__Hbank2                                 bank2        00000
__Hbank20                                bank20       00000
__Hbank21                                bank21       00000
__Hbank22                                bank22       00000
__Hbank23                                bank23       00000
__Hbank24                                bank24       00000
__Hbank25                                bank25       00000
__Hbank26                                bank26       00000
__Hbank27                                bank27       00000
__Hbank28                                bank28       00000
__Hbank29                                bank29       00000
__Hbank3                                 bank3        00000
__Hbank30                                bank30       00000
__Hbank31                                bank31       00000
__Hbank4                                 bank4        00000
__Hbank5                                 bank5        00000
__Hbank6                                 bank6        00000
__Hbank7                                 bank7        00000
__Hbank8                                 bank8        00000
__Hbank9                                 bank9        00000
__Hbigram                                bigram       00000
__HbssBANK2                              bssBANK2     00000
__HbssBANK3                              bssBANK3     00000
__HbssBANK4                              bssBANK4     00000
__Hcinit                                 cinit        00800
__Hclrtext                               clrtext      00000
__Hcode                                  code         00000
__Hcommon                                common       00000
__Hconfig                                config       08009
__HcstackBANK0                           cstackBANK0  00000
__HcstackBANK1                           cstackBANK1  00000
__HcstackCOMMON                          cstackCOMMON 00000
__Heeprom_data                           eeprom_data  00000
__Hend_init                              end_init     00004
__Hfunctab                               functab      00000
__Hidloc                                 idloc        00000
__Hinit                                  init         00002
__Hintentry                              intentry     00002
__Hmaintext                              maintext     00000
__HnvBANK0                               nvBANK0      00000
__Hpowerup                               powerup      00000
__Hram                                   ram          00000
__Hreset_vec                             reset_vec    00002
__Hsfr0                                  sfr0         00000
__Hsfr1                                  sfr1         00000
__Hsfr10                                 sfr10        00000
__Hsfr11                                 sfr11        00000
__Hsfr12                                 sfr12        00000
__Hsfr13                                 sfr13        00000
__Hsfr14                                 sfr14        00000
__Hsfr15                                 sfr15        00000
__Hsfr16                                 sfr16        00000
__Hsfr17                                 sfr17        00000
__Hsfr18                                 sfr18        00000
__Hsfr19                                 sfr19        00000
__Hsfr2                                  sfr2         00000
__Hsfr20                                 sfr20        00000
__Hsfr21                                 sfr21        00000
__Hsfr22                                 sfr22        00000
__Hsfr23                                 sfr23        00000
__Hsfr24                                 sfr24        00000
__Hsfr25                                 sfr25        00000
__Hsfr26                                 sfr26        00000
__Hsfr27                                 sfr27        00000
__Hsfr28                                 sfr28        00000
__Hsfr29                                 sfr29        00000
__Hsfr3                                  sfr3         00000
__Hsfr30                                 sfr30        00000
__Hsfr31                                 sfr31        00000
__Hsfr4                                  sfr4         00000
__Hsfr5                                  sfr5         00000
__Hsfr6                                  sfr6         00000
__Hsfr7                                  sfr7         00000
__Hsfr8                                  sfr8         00000
__Hsfr9                                  sfr9         00000
__Hspace_0                               (abs)        08009
__Hspace_1                               (abs)        00260
__Hspace_2                               (abs)        00000
__Hspace_3                               (abs)        00000
__Hstack                                 stack        00000
__Hstrings                               strings      00000
__Hstringtext1                           stringtext1  00000
__Hstringtext2                           stringtext2  00000
__Hstringtext3                           stringtext3  00000
__Hstringtext4                           stringtext4  00000
__Htext                                  text         00000
__Labs1                                  abs1         00000
__Lbank0                                 bank0        00000
__Lbank1                                 bank1        00000
__Lbank10                                bank10       00000
__Lbank11                                bank11       00000
__Lbank12                                bank12       00000
__Lbank13                                bank13       00000
__Lbank14                                bank14       00000
__Lbank15                                bank15       00000
__Lbank16                                bank16       00000
__Lbank17                                bank17       00000
__Lbank18                                bank18       00000
__Lbank19                                bank19       00000
__Lbank2                                 bank2        00000
__Lbank20                                bank20       00000
__Lbank21                                bank21       00000
__Lbank22                                bank22       00000
__Lbank23                                bank23       00000
__Lbank24                                bank24       00000
__Lbank25                                bank25       00000
__Lbank26                                bank26       00000
__Lbank27                                bank27       00000
__Lbank28                                bank28       00000
__Lbank29                                bank29       00000
__Lbank3                                 bank3        00000
__Lbank30                                bank30       00000
__Lbank31                                bank31       00000
__Lbank4                                 bank4        00000
__Lbank5                                 bank5        00000
__Lbank6                                 bank6        00000
__Lbank7                                 bank7        00000
__Lbank8                                 bank8        00000
__Lbank9                                 bank9        00000
__Lbigram                                bigram       00000
__LbssBANK2                              bssBANK2     00000
__LbssBANK3                              bssBANK3     00000
__LbssBANK4                              bssBANK4     00000
__Lcinit                                 cinit        007E5
__Lclrtext                               clrtext      00000
__Lcode                                  code         00000
__Lcommon                                common       00000
__Lconfig                                config       08007
__LcstackBANK0                           cstackBANK0  00000
__LcstackBANK1                           cstackBANK1  00000
__LcstackCOMMON                          cstackCOMMON 00000
__Leeprom_data                           eeprom_data  00000
__Lend_init                              end_init     00002
__Lfunctab                               functab      00000
__Lidloc                                 idloc        00000
__Linit                                  init         00002
__Lintentry                              intentry     00002
__Lmaintext                              maintext     00000
__LnvBANK0                               nvBANK0      00000
__Lpowerup                               powerup      00000
__Lram                                   ram          00000
__Lreset_vec                             reset_vec    00000
__Lsfr0                                  sfr0         00000
__Lsfr1                                  sfr1         00000
__Lsfr10                                 sfr10        00000
__Lsfr11                                 sfr11        00000
__Lsfr12                                 sfr12        00000
__Lsfr13                                 sfr13        00000
__Lsfr14                                 sfr14        00000
__Lsfr15                                 sfr15        00000
__Lsfr16                                 sfr16        00000
__Lsfr17                                 sfr17        00000
__Lsfr18                                 sfr18        00000
__Lsfr19                                 sfr19        00000
__Lsfr2                                  sfr2         00000
__Lsfr20                                 sfr20        00000
__Lsfr21                                 sfr21        00000
__Lsfr22                                 sfr22        00000
__Lsfr23                                 sfr23        00000
__Lsfr24                                 sfr24        00000
__Lsfr25                                 sfr25        00000
__Lsfr26                                 sfr26        00000
__Lsfr27                                 sfr27        00000
__Lsfr28                                 sfr28        00000
__Lsfr29                                 sfr29        00000
__Lsfr3                                  sfr3         00000
__Lsfr30                                 sfr30        00000
__Lsfr31                                 sfr31        00000
__Lsfr4                                  sfr4         00000
__Lsfr5                                  sfr5         00000
__Lsfr6                                  sfr6         00000
__Lsfr7                                  sfr7         00000
__Lsfr8                                  sfr8         00000
__Lsfr9                                  sfr9         00000
__Lspace_0                               (abs)        00000
__Lspace_1                               (abs)        00000
__Lspace_2                               (abs)        00000
__Lspace_3                               (abs)        00000
__Lstack                                 stack        00000
__Lstrings                               strings      00000
__Lstringtext1                           stringtext1  00000
__Lstringtext2                           stringtext2  00000
__Lstringtext3                           stringtext3  00000
__Lstringtext4                           stringtext4  00000
__Ltext                                  text         00000
__S0                                     (abs)        08009
__S1                                     (abs)        00260
__S2                                     (abs)        00000
___int_sp                                stack        00000
___latbits                               (abs)        00002
___sp                                    stack        00000
__end_of_EUSART_Initialize               text18       003D1
__end_of_EUSART_Read                     text11       003FE
__end_of_EUSART_Read_String              text10       0056B
__end_of_EUSART_Write                    text9        003DD
__end_of_EUSART_Write_String             text8        00417
__end_of_EUSART_is_rx_ready              text19       003A6
__end_of_EXT_INT_Initialize              text16       003C5
__end_of_INT_SetInterruptHandler         text17       003AC
__end_of_OSCILLATOR_Initialize           text15       003BA
__end_of_PIN_MANAGER_Initialize          text14       00438
__end_of_SYSTEM_Initialize               text12       003ED
__end_of_SendAT                          text4        005C8
__end_of_SendCMGF                        text3        00625
__end_of_WDT_Initialize                  text13       003A0
__end_of__initialization                 cinit        007FD
__end_of_main                            maintext     007E5
__end_of_memset                          text2        006CF
__end_of_strcmp                          text1        004D8
__end_of_strlen                          text7        00461
__end_of_strncat                         text6        00517
__end_of_strncpy                         text5        0049C
__initialization                         cinit        007E5
__pbssBANK2                              bssBANK2     00120
__pbssBANK3                              bssBANK3     001A0
__pbssBANK4                              bssBANK4     00220
__pcstackBANK0                           cstackBANK0  00020
__pcstackBANK1                           cstackBANK1  000A0
__pcstackCOMMON                          cstackCOMMON 00070
__pmaintext                              maintext     006CF
__pnvBANK0                               nvBANK0      0006A
__pstringtext1                           stringtext1  00800
__pstringtext2                           stringtext2  0080C
__pstringtext3                           stringtext3  00813
__pstringtext4                           stringtext4  00000
__ptext1                                 text1        0049C
__ptext10                                text10       00517
__ptext11                                text11       003ED
__ptext12                                text12       003DD
__ptext13                                text13       0039C
__ptext14                                text14       00417
__ptext15                                text15       003B2
__ptext16                                text16       003BA
__ptext17                                text17       003A6
__ptext18                                text18       003C5
__ptext19                                text19       003A0
__ptext2                                 text2        00625
__ptext3                                 text3        005C8
__ptext4                                 text4        0056B
__ptext5                                 text5        00461
__ptext6                                 text6        004D8
__ptext7                                 text7        00438
__ptext8                                 text8        003FE
__ptext9                                 text9        003D1
__size_of_EUSART_Initialize              (abs)        00000
__size_of_EUSART_Read                    (abs)        00000
__size_of_EUSART_Read_String             (abs)        00000
__size_of_EUSART_Write                   (abs)        00000
__size_of_EUSART_Write_String            (abs)        00000
__size_of_EUSART_is_rx_ready             (abs)        00000
__size_of_EXT_INT_Initialize             (abs)        00000
__size_of_INT_SetInterruptHandler        (abs)        00000
__size_of_OSCILLATOR_Initialize          (abs)        00000
__size_of_PIN_MANAGER_Initialize         (abs)        00000
__size_of_SYSTEM_Initialize              (abs)        00000
__size_of_SendAT                         (abs)        00000
__size_of_SendCMGF                       (abs)        00000
__size_of_WDT_Initialize                 (abs)        00000
__size_of_main                           (abs)        00000
__size_of_memset                         (abs)        00000
__size_of_strcmp                         (abs)        00000
__size_of_strlen                         (abs)        00000
__size_of_strncat                        (abs)        00000
__size_of_strncpy                        (abs)        00000
_main                                    maintext     006CF
_memset                                  text2        00625
_strcmp                                  text1        0049C
_strlen                                  text7        00438
_strncat                                 text6        004D8
_strncpy                                 text5        00461
btemp                                    (abs)        0007E
clear_ram0                               clrtext      003AC
end_of_initialization                    cinit        007FD
intlevel0                                functab      00000
intlevel1                                functab      00000
intlevel2                                functab      00000
intlevel3                                functab      00000
intlevel4                                functab      00000
intlevel5                                functab      00000
main@F7061                               bssBANK2     00120
main@charsRead                           cstackBANK1  000E0
main@responseArray                       cstackBANK1  000A0
memset@c                                 cstackCOMMON 00070
memset@dest                              cstackCOMMON 00078
memset@k                                 cstackCOMMON 00076
memset@n                                 cstackCOMMON 00072
memset@s                                 cstackCOMMON 00079
reset_vec                                reset_vec    00000
stackhi                                  (abs)        023EF
stacklo                                  (abs)        02230
start                                    init         00002
start_initialization                     cinit        007E5
strcmp@l                                 cstackCOMMON 00074
strcmp@r                                 cstackCOMMON 00070
strlen@a                                 cstackCOMMON 00076
strlen@s                                 cstackCOMMON 00077
strncat@a                                cstackCOMMON 0007C
strncat@d                                cstackCOMMON 0007D
strncat@n                                cstackCOMMON 00079
strncat@s                                cstackCOMMON 00078
strncpy@cp                               cstackCOMMON 00075
strncpy@d                                cstackCOMMON 00074
strncpy@n                                cstackCOMMON 00071
strncpy@s                                cstackCOMMON 00070
wtemp0                                   (abs)        0007E


FUNCTION INFORMATION:

 *************** function _main *****************
 Defined at:
		line 52 in file "main.c"
 Parameters:    Size  Location     Type
		None
 Auto vars:     Size  Location     Type
  responseArra   64    0[BANK1 ] unsigned char [64]
  charsRead       2   64[BANK1 ] int 
 Return value:  Size  Location     Type
                  1    wreg      void 
 Registers used:
		wreg, fsr0l, fsr0h, fsr1l, fsr1h, status,2, status,0, pclath, cstack
 Tracked objects:
		On entry : 
		On exit  : 
		Unchanged: 
 Data sizes:     COMMON   BANK0   BANK1   BANK2   BANK3   BANK4   BANK5   BANK6   BANK7   BANK8   BANK9  BANK10  BANK11  BANK12
      Params:         0       0       0       0       0       0       0       0       0       0       0       0       0       0
      Locals:         0       0      66       0       0       0       0       0       0       0       0       0       0       0
      Temps:          0       2       0       0       0       0       0       0       0       0       0       0       0       0
      Totals:         0       2      66       0       0       0       0       0       0       0       0       0       0       0
Total ram usage:       68 bytes
 Hardware stack levels required when called:    3
 This function calls:
		_EUSART_Read_String
		_EUSART_is_rx_ready
		_SYSTEM_Initialize
		_SendAT
		_SendCMGF
		_memset
		_strcmp
 This function is called by:
		Startup code after reset
 This function uses a non-reentrant model


 *************** function _strcmp *****************
 Defined at:
		line 3 in file "C:\Program Files (x86)\Microchip\xc8\v2.00\pic\sources\c99\common\strcmp.c"
 Parameters:    Size  Location     Type
  l               1    wreg     PTR const unsigned char 
		 -> main@responseArray(64), 
  r               2    0[COMMON] PTR const unsigned char 
		 -> STR_2(7), STR_1(7), 
 Auto vars:     Size  Location     Type
  l               1    4[COMMON] PTR const unsigned char 
		 -> main@responseArray(64), 
 Return value:  Size  Location     Type
                  2    0[COMMON] int 
 Registers used:
		wreg, fsr0l, fsr0h, fsr1l, fsr1h, status,2, status,0, pclath
 Tracked objects:
		On entry : 
		On exit  : 
		Unchanged: 
 Data sizes:     COMMON   BANK0   BANK1   BANK2   BANK3   BANK4   BANK5   BANK6   BANK7   BANK8   BANK9  BANK10  BANK11  BANK12
      Params:         2       0       0       0       0       0       0       0       0       0       0       0       0       0
      Locals:         1       0       0       0       0       0       0       0       0       0       0       0       0       0
      Temps:          2       0       0       0       0       0       0       0       0       0       0       0       0       0
      Totals:         5       0       0       0       0       0       0       0       0       0       0       0       0       0
Total ram usage:        5 bytes
 Hardware stack levels used:    1
 This function calls:
		Nothing
 This function is called by:
		_main
 This function uses a non-reentrant model


 *************** function _memset *****************
 Defined at:
		line 4 in file "C:\Program Files (x86)\Microchip\xc8\v2.00\pic\sources\c99\common\memset.c"
 Parameters:    Size  Location     Type
  dest            1    wreg     PTR void 
		 -> main@responseArray(64), 
  c               2    0[COMMON] int 
  n               2    2[COMMON] unsigned int 
 Auto vars:     Size  Location     Type
  dest            1    8[COMMON] PTR void 
		 -> main@responseArray(64), 
  k               2    6[COMMON] unsigned int 
  s               1    9[COMMON] PTR unsigned char 
		 -> main@responseArray(64), 
 Return value:  Size  Location     Type
                  1    wreg      PTR void 
 Registers used:
		wreg, fsr1l, fsr1h, status,2, status,0
 Tracked objects:
		On entry : 
		On exit  : 
		Unchanged: 
 Data sizes:     COMMON   BANK0   BANK1   BANK2   BANK3   BANK4   BANK5   BANK6   BANK7   BANK8   BANK9  BANK10  BANK11  BANK12
      Params:         4       0       0       0       0       0       0       0       0       0       0       0       0       0
      Locals:         4       0       0       0       0       0       0       0       0       0       0       0       0       0
      Temps:          2       0       0       0       0       0       0       0       0       0       0       0       0       0
      Totals:        10       0       0       0       0       0       0       0       0       0       0       0       0       0
Total ram usage:       10 bytes
 Hardware stack levels used:    1
 This function calls:
		Nothing
 This function is called by:
		_main
 This function uses a non-reentrant model


 *************** function _SendCMGF *****************
 Defined at:
		line 54 in file "sim800at.c"
 Parameters:    Size  Location     Type
  response        1    wreg     PTR unsigned char 
		 -> main@responseArray(64), 
 Auto vars:     Size  Location     Type
  response        1   69[BANK0 ] PTR unsigned char 
		 -> main@responseArray(64), 
  line           64    3[BANK0 ] unsigned char [64]
  charsRead       2   70[BANK0 ] int 
  totalRead       2   67[BANK0 ] int 
 Return value:  Size  Location     Type
                  2    0[BANK0 ] int 
 Registers used:
		wreg, fsr0l, fsr0h, fsr1l, fsr1h, status,2, status,0, pclath, cstack
 Tracked objects:
		On entry : 
		On exit  : 
		Unchanged: 
 Data sizes:     COMMON   BANK0   BANK1   BANK2   BANK3   BANK4   BANK5   BANK6   BANK7   BANK8   BANK9  BANK10  BANK11  BANK12
      Params:         0       2       0       0       0       0       0       0       0       0       0       0       0       0
      Locals:         0      69       0       0       0       0       0       0       0       0       0       0       0       0
      Temps:          0       1       0       0       0       0       0       0       0       0       0       0       0       0
      Totals:         0      72       0       0       0       0       0       0       0       0       0       0       0       0
Total ram usage:       72 bytes
 Hardware stack levels used:    1
 Hardware stack levels required when called:    2
 This function calls:
		_EUSART_Read_String
		_EUSART_Write_String
		_strncat
		_strncpy
 This function is called by:
		_main
 This function uses a non-reentrant model


 *************** function _SendAT *****************
 Defined at:
		line 25 in file "sim800at.c"
 Parameters:    Size  Location     Type
  response        1    wreg     PTR unsigned char 
		 -> main@responseArray(64), 
 Auto vars:     Size  Location     Type
  response        1   69[BANK0 ] PTR unsigned char 
		 -> main@responseArray(64), 
  line           64    3[BANK0 ] unsigned char [64]
  charsRead       2   70[BANK0 ] int 
  totalRead       2   67[BANK0 ] int 
 Return value:  Size  Location     Type
                  2    0[BANK0 ] int 
 Registers used:
		wreg, fsr0l, fsr0h, fsr1l, fsr1h, status,2, status,0, pclath, cstack
 Tracked objects:
		On entry : 
		On exit  : 
		Unchanged: 
 Data sizes:     COMMON   BANK0   BANK1   BANK2   BANK3   BANK4   BANK5   BANK6   BANK7   BANK8   BANK9  BANK10  BANK11  BANK12
      Params:         0       2       0       0       0       0       0       0       0       0       0       0       0       0
      Locals:         0      69       0       0       0       0       0       0       0       0       0       0       0       0
      Temps:          0       1       0       0       0       0       0       0       0       0       0       0       0       0
      Totals:         0      72       0       0       0       0       0       0       0       0       0       0       0       0
Total ram usage:       72 bytes
 Hardware stack levels used:    1
 Hardware stack levels required when called:    2
 This function calls:
		_EUSART_Read_String
		_EUSART_Write_String
		_strncat
		_strncpy
 This function is called by:
		_main
 This function uses a non-reentrant model


 *************** function _strncpy *****************
 Defined at:
		line 7 in file "C:\Program Files (x86)\Microchip\xc8\v2.00\pic\sources\c99\common\strncpy.c"
 Parameters:    Size  Location     Type
  d               1    wreg     PTR unsigned char 
		 -> main@responseArray(64), 
  s               1    0[COMMON] PTR const unsigned char 
		 -> SendCMGF@line(64), SendAT@line(64), 
  n               2    1[COMMON] unsigned int 
 Auto vars:     Size  Location     Type
  d               1    4[COMMON] PTR unsigned char 
		 -> main@responseArray(64), 
  cp              1    5[COMMON] PTR unsigned char 
		 -> main@responseArray(64), 
 Return value:  Size  Location     Type
                  1    wreg      PTR unsigned char 
 Registers used:
		wreg, fsr0l, fsr0h, fsr1l, fsr1h, status,2, status,0
 Tracked objects:
		On entry : 
		On exit  : 
		Unchanged: 
 Data sizes:     COMMON   BANK0   BANK1   BANK2   BANK3   BANK4   BANK5   BANK6   BANK7   BANK8   BANK9  BANK10  BANK11  BANK12
      Params:         3       0       0       0       0       0       0       0       0       0       0       0       0       0
      Locals:         2       0       0       0       0       0       0       0       0       0       0       0       0       0
      Temps:          1       0       0       0       0       0       0       0       0       0       0       0       0       0
      Totals:         6       0       0       0       0       0       0       0       0       0       0       0       0       0
Total ram usage:        6 bytes
 Hardware stack levels used:    1
 This function calls:
		Nothing
 This function is called by:
		_SendAT
		_SendCMGF
 This function uses a non-reentrant model


 *************** function _strncat *****************
 Defined at:
		line 3 in file "C:\Program Files (x86)\Microchip\xc8\v2.00\pic\sources\c99\common\strncat.c"
 Parameters:    Size  Location     Type
  d               1    wreg     PTR unsigned char 
		 -> main@responseArray(64), 
  s               1    8[COMMON] PTR const unsigned char 
		 -> SendCMGF@line(64), SendAT@line(64), 
  n               2    9[COMMON] unsigned int 
 Auto vars:     Size  Location     Type
  d               1   13[COMMON] PTR unsigned char 
		 -> main@responseArray(64), 
  a               1   12[COMMON] PTR unsigned char 
		 -> main@responseArray(64), 
 Return value:  Size  Location     Type
                  1    wreg      PTR unsigned char 
 Registers used:
		wreg, fsr1l, fsr1h, status,2, status,0, pclath, cstack
 Tracked objects:
		On entry : 
		On exit  : 
		Unchanged: 
 Data sizes:     COMMON   BANK0   BANK1   BANK2   BANK3   BANK4   BANK5   BANK6   BANK7   BANK8   BANK9  BANK10  BANK11  BANK12
      Params:         3       0       0       0       0       0       0       0       0       0       0       0       0       0
      Locals:         2       0       0       0       0       0       0       0       0       0       0       0       0       0
      Temps:          1       0       0       0       0       0       0       0       0       0       0       0       0       0
      Totals:         6       0       0       0       0       0       0       0       0       0       0       0       0       0
Total ram usage:        6 bytes
 Hardware stack levels used:    1
 Hardware stack levels required when called:    1
 This function calls:
		_strlen
 This function is called by:
		_SendAT
		_SendCMGF
 This function uses a non-reentrant model


 *************** function _strlen *****************
 Defined at:
		line 12 in file "C:\Program Files (x86)\Microchip\xc8\v2.00\pic\sources\c99\common\strlen.c"
 Parameters:    Size  Location     Type
  s               1    wreg     PTR const unsigned char 
		 -> main@responseArray(64), 
 Auto vars:     Size  Location     Type
  s               1    7[COMMON] PTR const unsigned char 
		 -> main@responseArray(64), 
  a               1    6[COMMON] PTR const unsigned char 
		 -> main@responseArray(64), 
 Return value:  Size  Location     Type
                  2    0[COMMON] unsigned int 
 Registers used:
		wreg, fsr1l, fsr1h, status,2, status,0
 Tracked objects:
		On entry : 
		On exit  : 
		Unchanged: 
 Data sizes:     COMMON   BANK0   BANK1   BANK2   BANK3   BANK4   BANK5   BANK6   BANK7   BANK8   BANK9  BANK10  BANK11  BANK12
      Params:         2       0       0       0       0       0       0       0       0       0       0       0       0       0
      Locals:         2       0       0       0       0       0       0       0       0       0       0       0       0       0
      Temps:          4       0       0       0       0       0       0       0       0       0       0       0       0       0
      Totals:         8       0       0       0       0       0       0       0       0       0       0       0       0       0
Total ram usage:        8 bytes
 Hardware stack levels used:    1
 This function calls:
		Nothing
 This function is called by:
		_strncat
 This function uses a non-reentrant model


 *************** function _EUSART_Write_String *****************
 Defined at:
		line 110 in file "mcc_generated_files/eusart.c"
 Parameters:    Size  Location     Type
  s               2    1[COMMON] PTR unsigned char 
		 -> STR_4(12), STR_3(5), 
 Auto vars:     Size  Location     Type
		None
 Return value:  Size  Location     Type
                  1    wreg      void 
 Registers used:
		wreg, fsr0l, fsr0h, status,2, status,0, pclath, cstack
 Tracked objects:
		On entry : 
		On exit  : 
		Unchanged: 
 Data sizes:     COMMON   BANK0   BANK1   BANK2   BANK3   BANK4   BANK5   BANK6   BANK7   BANK8   BANK9  BANK10  BANK11  BANK12
      Params:         2       0       0       0       0       0       0       0       0       0       0       0       0       0
      Locals:         0       0       0       0       0       0       0       0       0       0       0       0       0       0
      Temps:          1       0       0       0       0       0       0       0       0       0       0       0       0       0
      Totals:         3       0       0       0       0       0       0       0       0       0       0       0       0       0
Total ram usage:        3 bytes
 Hardware stack levels used:    1
 Hardware stack levels required when called:    1
 This function calls:
		_EUSART_Write
 This function is called by:
		_SendAT
		_SendCMGF
 This function uses a non-reentrant model


 *************** function _EUSART_Write *****************
 Defined at:
		line 103 in file "mcc_generated_files/eusart.c"
 Parameters:    Size  Location     Type
  txData          1    wreg     unsigned char 
 Auto vars:     Size  Location     Type
  txData          1    0[COMMON] unsigned char 
 Return value:  Size  Location     Type
                  1    wreg      void 
 Registers used:
		wreg
 Tracked objects:
		On entry : 
		On exit  : 
		Unchanged: 
 Data sizes:     COMMON   BANK0   BANK1   BANK2   BANK3   BANK4   BANK5   BANK6   BANK7   BANK8   BANK9  BANK10  BANK11  BANK12
      Params:         0       0       0       0       0       0       0       0       0       0       0       0       0       0
      Locals:         1       0       0       0       0       0       0       0       0       0       0       0       0       0
      Temps:          0       0       0       0       0       0       0       0       0       0       0       0       0       0
      Totals:         1       0       0       0       0       0       0       0       0       0       0       0       0       0
Total ram usage:        1 bytes
 Hardware stack levels used:    1
 This function calls:
		Nothing
 This function is called by:
		_EUSART_Write_String
 This function uses a non-reentrant model


 *************** function _EUSART_Read_String *****************
 Defined at:
		line 119 in file "mcc_generated_files/eusart.c"
 Parameters:    Size  Location     Type
  s               1    wreg     PTR unsigned char 
		 -> SendCMGF@line(64), SendAT@line(64), main@responseArray(64), 
  max_length      2    0[COMMON] unsigned int 
 Auto vars:     Size  Location     Type
  s               1    9[COMMON] PTR unsigned char 
		 -> SendCMGF@line(64), SendAT@line(64), main@responseArray(64), 
  c               1   10[COMMON] unsigned char 
  i               2    7[COMMON] int 
  seenNL          2    5[COMMON] unsigned int 
  seenCR          2    3[COMMON] unsigned int 
 Return value:  Size  Location     Type
                  2    0[COMMON] int 
 Registers used:
		wreg, fsr1l, fsr1h, status,2, status,0, pclath, cstack
 Tracked objects:
		On entry : 
		On exit  : 
		Unchanged: 
 Data sizes:     COMMON   BANK0   BANK1   BANK2   BANK3   BANK4   BANK5   BANK6   BANK7   BANK8   BANK9  BANK10  BANK11  BANK12
      Params:         2       0       0       0       0       0       0       0       0       0       0       0       0       0
      Locals:         8       0       0       0       0       0       0       0       0       0       0       0       0       0
      Temps:          1       0       0       0       0       0       0       0       0       0       0       0       0       0
      Totals:        11       0       0       0       0       0       0       0       0       0       0       0       0       0
Total ram usage:       11 bytes
 Hardware stack levels used:    1
 Hardware stack levels required when called:    1
 This function calls:
		_EUSART_Read
 This function is called by:
		_main
		_SendAT
		_SendCMGF
 This function uses a non-reentrant model


 *************** function _EUSART_Read *****************
 Defined at:
		line 88 in file "mcc_generated_files/eusart.c"
 Parameters:    Size  Location     Type
		None
 Auto vars:     Size  Location     Type
		None
 Return value:  Size  Location     Type
                  1    wreg      unsigned char 
 Registers used:
		wreg
 Tracked objects:
		On entry : 
		On exit  : 
		Unchanged: 
 Data sizes:     COMMON   BANK0   BANK1   BANK2   BANK3   BANK4   BANK5   BANK6   BANK7   BANK8   BANK9  BANK10  BANK11  BANK12
      Params:         0       0       0       0       0       0       0       0       0       0       0       0       0       0
      Locals:         0       0       0       0       0       0       0       0       0       0       0       0       0       0
      Temps:          0       0       0       0       0       0       0       0       0       0       0       0       0       0
      Totals:         0       0       0       0       0       0       0       0       0       0       0       0       0       0
Total ram usage:        0 bytes
 Hardware stack levels used:    1
 This function calls:
		Nothing
 This function is called by:
		_EUSART_Read_String
 This function uses a non-reentrant model


 *************** function _SYSTEM_Initialize *****************
 Defined at:
		line 50 in file "mcc_generated_files/mcc.c"
 Parameters:    Size  Location     Type
		None
 Auto vars:     Size  Location     Type
		None
 Return value:  Size  Location     Type
                  1    wreg      void 
 Registers used:
		wreg, status,2, status,0, pclath, cstack
 Tracked objects:
		On entry : 
		On exit  : 
		Unchanged: 
 Data sizes:     COMMON   BANK0   BANK1   BANK2   BANK3   BANK4   BANK5   BANK6   BANK7   BANK8   BANK9  BANK10  BANK11  BANK12
      Params:         0       0       0       0       0       0       0       0       0       0       0       0       0       0
      Locals:         0       0       0       0       0       0       0       0       0       0       0       0       0       0
      Temps:          0       0       0       0       0       0       0       0       0       0       0       0       0       0
      Totals:         0       0       0       0       0       0       0       0       0       0       0       0       0       0
Total ram usage:        0 bytes
 Hardware stack levels used:    1
 Hardware stack levels required when called:    2
 This function calls:
		_EUSART_Initialize
		_EXT_INT_Initialize
		_OSCILLATOR_Initialize
		_PIN_MANAGER_Initialize
		_WDT_Initialize
 This function is called by:
		_main
 This function uses a non-reentrant model


 *************** function _WDT_Initialize *****************
 Defined at:
		line 72 in file "mcc_generated_files/mcc.c"
 Parameters:    Size  Location     Type
		None
 Auto vars:     Size  Location     Type
		None
 Return value:  Size  Location     Type
                  1    wreg      void 
 Registers used:
		wreg
 Tracked objects:
		On entry : 
		On exit  : 
		Unchanged: 
 Data sizes:     COMMON   BANK0   BANK1   BANK2   BANK3   BANK4   BANK5   BANK6   BANK7   BANK8   BANK9  BANK10  BANK11  BANK12
      Params:         0       0       0       0       0       0       0       0       0       0       0       0       0       0
      Locals:         0       0       0       0       0       0       0       0       0       0       0       0       0       0
      Temps:          0       0       0       0       0       0       0       0       0       0       0       0       0       0
      Totals:         0       0       0       0       0       0       0       0       0       0       0       0       0       0
Total ram usage:        0 bytes
 Hardware stack levels used:    1
 This function calls:
		Nothing
 This function is called by:
		_SYSTEM_Initialize
 This function uses a non-reentrant model


 *************** function _PIN_MANAGER_Initialize *****************
 Defined at:
		line 57 in file "mcc_generated_files/pin_manager.c"
 Parameters:    Size  Location     Type
		None
 Auto vars:     Size  Location     Type
		None
 Return value:  Size  Location     Type
                  1    wreg      void 
 Registers used:
		wreg, status,2
 Tracked objects:
		On entry : 
		On exit  : 
		Unchanged: 
 Data sizes:     COMMON   BANK0   BANK1   BANK2   BANK3   BANK4   BANK5   BANK6   BANK7   BANK8   BANK9  BANK10  BANK11  BANK12
      Params:         0       0       0       0       0       0       0       0       0       0       0       0       0       0
      Locals:         0       0       0       0       0       0       0       0       0       0       0       0       0       0
      Temps:          0       0       0       0       0       0       0       0       0       0       0       0       0       0
      Totals:         0       0       0       0       0       0       0       0       0       0       0       0       0       0
Total ram usage:        0 bytes
 Hardware stack levels used:    1
 This function calls:
		Nothing
 This function is called by:
		_SYSTEM_Initialize
 This function uses a non-reentrant model


 *************** function _OSCILLATOR_Initialize *****************
 Defined at:
		line 60 in file "mcc_generated_files/mcc.c"
 Parameters:    Size  Location     Type
		None
 Auto vars:     Size  Location     Type
		None
 Return value:  Size  Location     Type
                  1    wreg      void 
 Registers used:
		wreg, status,2
 Tracked objects:
		On entry : 
		On exit  : 
		Unchanged: 
 Data sizes:     COMMON   BANK0   BANK1   BANK2   BANK3   BANK4   BANK5   BANK6   BANK7   BANK8   BANK9  BANK10  BANK11  BANK12
      Params:         0       0       0       0       0       0       0       0       0       0       0       0       0       0
      Locals:         0       0       0       0       0       0       0       0       0       0       0       0       0       0
      Temps:          0       0       0       0       0       0       0       0       0       0       0       0       0       0
      Totals:         0       0       0       0       0       0       0       0       0       0       0       0       0       0
Total ram usage:        0 bytes
 Hardware stack levels used:    1
 This function calls:
		Nothing
 This function is called by:
		_SYSTEM_Initialize
 This function uses a non-reentrant model


 *************** function _EXT_INT_Initialize *****************
 Defined at:
		line 59 in file "mcc_generated_files/ext_int.c"
 Parameters:    Size  Location     Type
		None
 Auto vars:     Size  Location     Type
		None
 Return value:  Size  Location     Type
                  1    wreg      void 
 Registers used:
		wreg, status,2, status,0, pclath, cstack
 Tracked objects:
		On entry : 
		On exit  : 
		Unchanged: 
 Data sizes:     COMMON   BANK0   BANK1   BANK2   BANK3   BANK4   BANK5   BANK6   BANK7   BANK8   BANK9  BANK10  BANK11  BANK12
      Params:         0       0       0       0       0       0       0       0       0       0       0       0       0       0
      Locals:         0       0       0       0       0       0       0       0       0       0       0       0       0       0
      Temps:          0       0       0       0       0       0       0       0       0       0       0       0       0       0
      Totals:         0       0       0       0       0       0       0       0       0       0       0       0       0       0
Total ram usage:        0 bytes
 Hardware stack levels used:    1
 Hardware stack levels required when called:    1
 This function calls:
		_INT_SetInterruptHandler
 This function is called by:
		_SYSTEM_Initialize
 This function uses a non-reentrant model


 *************** function _INT_SetInterruptHandler *****************
 Defined at:
		line 50 in file "mcc_generated_files/ext_int.c"
 Parameters:    Size  Location     Type
  InterruptHan    2    0[COMMON] PTR FTN()void 
		 -> INT_DefaultInterruptHandler(1), 
 Auto vars:     Size  Location     Type
		None
 Return value:  Size  Location     Type
                  1    wreg      void 
 Registers used:
		wreg
 Tracked objects:
		On entry : 
		On exit  : 
		Unchanged: 
 Data sizes:     COMMON   BANK0   BANK1   BANK2   BANK3   BANK4   BANK5   BANK6   BANK7   BANK8   BANK9  BANK10  BANK11  BANK12
      Params:         2       0       0       0       0       0       0       0       0       0       0       0       0       0
      Locals:         0       0       0       0       0       0       0       0       0       0       0       0       0       0
      Temps:          0       0       0       0       0       0       0       0       0       0       0       0       0       0
      Totals:         2       0       0       0       0       0       0       0       0       0       0       0       0       0
Total ram usage:        2 bytes
 Hardware stack levels used:    1
 This function calls:
		Nothing
 This function is called by:
		_EXT_INT_Initialize
 This function uses a non-reentrant model


 *************** function _EUSART_Initialize *****************
 Defined at:
		line 55 in file "mcc_generated_files/eusart.c"
 Parameters:    Size  Location     Type
		None
 Auto vars:     Size  Location     Type
		None
 Return value:  Size  Location     Type
                  1    wreg      void 
 Registers used:
		wreg
 Tracked objects:
		On entry : 
		On exit  : 
		Unchanged: 
 Data sizes:     COMMON   BANK0   BANK1   BANK2   BANK3   BANK4   BANK5   BANK6   BANK7   BANK8   BANK9  BANK10  BANK11  BANK12
      Params:         0       0       0       0       0       0       0       0       0       0       0       0       0       0
      Locals:         0       0       0       0       0       0       0       0       0       0       0       0       0       0
      Temps:          0       0       0       0       0       0       0       0       0       0       0       0       0       0
      Totals:         0       0       0       0       0       0       0       0       0       0       0       0       0       0
Total ram usage:        0 bytes
 Hardware stack levels used:    1
 This function calls:
		Nothing
 This function is called by:
		_SYSTEM_Initialize
 This function uses a non-reentrant model


 *************** function _EUSART_is_rx_ready *****************
 Defined at:
		line 80 in file "mcc_generated_files/eusart.c"
 Parameters:    Size  Location     Type
		None
 Auto vars:     Size  Location     Type
		None
 Return value:  Size  Location     Type
                  1    wreg      _Bool 
 Registers used:
		wreg, status,2, status,0
 Tracked objects:
		On entry : 
		On exit  : 
		Unchanged: 
 Data sizes:     COMMON   BANK0   BANK1   BANK2   BANK3   BANK4   BANK5   BANK6   BANK7   BANK8   BANK9  BANK10  BANK11  BANK12
      Params:         0       0       0       0       0       0       0       0       0       0       0       0       0       0
      Locals:         0       0       0       0       0       0       0       0       0       0       0       0       0       0
      Temps:          0       0       0       0       0       0       0       0       0       0       0       0       0       0
      Totals:         0       0       0       0       0       0       0       0       0       0       0       0       0       0
Total ram usage:        0 bytes
 Hardware stack levels used:    1
 This function calls:
		Nothing
 This function is called by:
		_main
 This function uses a non-reentrant model



MODULE INFORMATION

Module		Function		Class		Link	Load	Size
C:\Program Files (x86)\Microchip\xc8\v2.00\pic\sources\c99\common\strncpy.c
		_strncpy       		CODE           	0461	0000	60

C:\Program Files (x86)\Microchip\xc8\v2.00\pic\sources\c99\common\strncpy.c estimated size: 60

C:\Program Files (x86)\Microchip\xc8\v2.00\pic\sources\c99\common\strlen.c
		_strlen        		CODE           	0438	0000	42

C:\Program Files (x86)\Microchip\xc8\v2.00\pic\sources\c99\common\strlen.c estimated size: 42

mcc_generated_files/pin_manager.c
		_PIN_MANAGER_Initialize		CODE           	0417	0000	34

mcc_generated_files/pin_manager.c estimated size: 34

C:\Program Files (x86)\Microchip\xc8\v2.00\pic\sources\c99\common\strcmp.c
		_strcmp        		CODE           	049C	0000	61

C:\Program Files (x86)\Microchip\xc8\v2.00\pic\sources\c99\common\strcmp.c estimated size: 61

C:\Program Files (x86)\Microchip\xc8\v2.00\pic\sources\c99\common\memset.c
		_memset        		CODE           	0625	0000	171

C:\Program Files (x86)\Microchip\xc8\v2.00\pic\sources\c99\common\memset.c estimated size: 171

mcc_generated_files/ext_int.c
		_EXT_INT_Initialize		CODE           	03BA	0000	12
		_INT_SetInterruptHandler		CODE           	03A6	0000	7

mcc_generated_files/ext_int.c estimated size: 19

sim800at.c
		_SendCMGF      		CODE           	05C8	0000	94
		_SendAT        		CODE           	056B	0000	94

sim800at.c estimated size: 188

shared
		__initialization		CODE           	07E5	0000	25

shared estimated size: 25

mcc_generated_files/mcc.c
		_WDT_Initialize		CODE           	039C	0000	5
		_OSCILLATOR_Initialize		CODE           	03B2	0000	9
		_SYSTEM_Initialize		CODE           	03DD	0000	17

mcc_generated_files/mcc.c estimated size: 31

mcc_generated_files/eusart.c
		_EUSART_Read   		CODE           	03ED	0000	18
		_EUSART_Write  		CODE           	03D1	0000	13
		_EUSART_Write_String		CODE           	03FE	0000	26
		_EUSART_Initialize		CODE           	03C5	0000	13
		_EUSART_Read_String		CODE           	0517	0000	85
		_EUSART_is_rx_ready		CODE           	03A0	0000	7

mcc_generated_files/eusart.c estimated size: 162

main.c
		_main          		CODE           	06CF	0000	279

main.c estimated size: 279

C:\Program Files (x86)\Microchip\xc8\v2.00\pic\sources\c99\common\strncat.c
		_strncat       		CODE           	04D8	0000	64

C:\Program Files (x86)\Microchip\xc8\v2.00\pic\sources\c99\common\strncat.c estimated size: 64

