Microchip MPLAB XC8 Compiler V2.00 ()

Linker command line:

-W-3 --edf=C:\Program Files (x86)\Microchip\xc8\v2.00\pic\dat\en_msgs.txt \
  -cs -h+dist/default/production\PIC16F1765_SIM800_Control.production.sym \
  --cmf=dist/default/production\PIC16F1765_SIM800_Control.production.cmf -z \
  -Q16F1765 -oC:\Users\plj\AppData\Local\Temp\sc9g.2 \
  --defsym=__MPLAB_BUILD=1 \
  -Mdist/default/production/PIC16F1765_SIM800_Control.production.map -E1 \
  -ver=XC8 --acfsm=1493 -ASTACK=02360h-023efh -pstack=STACK \
  -ACODE=00h-07FFhx4 -ASTRCODE=00h-01FFFh -ASTRING=00h-0FFhx32 \
  -ACONST=00h-0FFhx32 -AENTRY=00h-0FFhx32 -ACOMMON=070h-07Fh \
  -ABANK0=020h-06Fh -ABANK1=0A0h-0EFh -ABANK2=0120h-016Fh \
  -ABANK3=01A0h-01EFh -ABANK4=0220h-026Fh -ABANK5=02A0h-02EFh \
  -ABANK6=0320h-032Fh -ABANK7=03A0h-03EFh -ABANK8=0420h-046Fh \
  -ABANK9=04A0h-04EFh -ABANK10=0520h-056Fh -ABANK11=05A0h-05EFh \
  -ABANK12=0620h-064Fh -ABIGRAM=02000h-021EFh,02230h-023EFh \
  -ARAM=020h-06Fh,0A0h-0EFh,0120h-016Fh,01A0h-01EFh,0220h-026Fh,02A0h-02EFh,0320h-032Fh,03A0h-03EFh,0420h-046Fh,04A0h-04EFh,0520h-056Fh,05A0h-05EFh,0620h-064Fh \
  -AABS1=020h-07Fh,0A0h-0EFh,0120h-016Fh,01A0h-01EFh,0220h-026Fh,02A0h-02EFh,0320h-032Fh,03A0h-03EFh,0420h-046Fh,04A0h-04EFh,0520h-056Fh,05A0h-05EFh,0620h-064Fh \
  -ASFR0=00h-01Fh -ASFR1=080h-09Fh -ASFR2=0100h-011Fh -ASFR3=0180h-019Fh \
  -ASFR4=0200h-021Fh -ASFR5=0280h-029Fh -ASFR6=0300h-031Fh \
  -ASFR7=0380h-039Fh -ASFR8=0400h-041Fh -ASFR9=0480h-049Fh \
  -ASFR10=0500h-051Fh -ASFR11=0580h-059Fh -ASFR12=0600h-061Fh \
  -ASFR13=0680h-06EFh -ASFR14=0700h-076Fh -ASFR15=0780h-07EFh \
  -ASFR16=0800h-086Fh -ASFR17=0880h-08EFh -ASFR18=0900h-096Fh \
  -ASFR19=0980h-09EFh -ASFR20=0A00h-0A6Fh -ASFR21=0A80h-0AEFh \
  -ASFR22=0B00h-0B6Fh -ASFR23=0B80h-0BEFh -ASFR24=0C00h-0C6Fh \
  -ASFR25=0C80h-0CEFh -ASFR26=0D00h-0D6Fh -ASFR27=0D80h-0DEFh \
  -ASFR28=0E00h-0E6Fh -ASFR29=0E80h-0EEFh -ASFR30=0F00h-0F6Fh \
  -ASFR31=0F80h-0FEFh -preset_vec=00h,intentry,init,end_init -ppowerup=CODE \
  -pcinit=CODE -pfunctab=ENTRY -ACONFIG=08007h-08008h -pconfig=CONFIG \
  -DCONFIG=2 -AIDLOC=08000h-08003h -pidloc=IDLOC -DIDLOC=2 -DCODE=2 \
  -DSTRCODE=2 -DSTRING=2 -DCONST=2 -DENTRY=2 -k \
  C:\Users\plj\AppData\Local\Temp\sc9g.o \
  dist/default/production\PIC16F1765_SIM800_Control.production.o 

Object code version is 3.11

Machine type is 16F1765



                Name                               Link     Load   Length Selector   Space Scale
C:\Users\plj\AppData\Local\Temp\sc9g.o
                end_init                              2        2        2        0       0
                reset_vec                             0        0        2        0       0
                config                             8007     8007        2    1000E       0
dist/default/production\PIC16F1765_SIM800_Control.production.o
                cinit                               7B5      7B5       4B      F6A       0
                text29                              F76      F76       11     1EEC       0
                text28                              18A      18A       54      314       0
                text27                              F4E      F4E        C     1E9C       0
                text26                              F87      F87       19     1F0E       0
                text25                                8        8       23       10       0
                text24                               6D       6D       43       DA       0
                text23                               2B       2B       42       56       0
                text22                              239      239       63      472       0
                text21                              29C      29C       63      538       0
                text20                              2FF      2FF       63      5FE       0
                text19                              FA0      FA0       1F     1F40       0
                text18                              F44      F44        A     1E88       0
                text17                              6E5      6E5       D0      DCA       0
                text16                              FBF      FBF       20     1F7E       0
                text15                              362      362       69      6C4       0
                text14                              1DE      1DE       5B      3BC       0
                text13                              627      627       BE      C4E       0
                text12                              56F      56F       B8      ADE       0
                text11                              138      138       52      270       0
                text10                              43F      43F       98      87E       0
                text9                                B0       B0       44      160       0
                text8                               4D7      4D7       98      9AE       0
                text7                                F4       F4       44      1E8       0
                text6                               F5A      F5A        C     1EB4       0
                text5                               F35      F35        1     1E6A       0
                text4                               F3C      F3C        8     1E78       0
                text3                               FDF      FDF       21     1FBE       0
                text2                                 4        4        4        0       0
                text1                               F66      F66       10     1ECC       0
                maintext                            3CB      3CB       74      796       0
                cstackBANK0                          20       20       4E       20       1
                cstackCOMMON                         70       70        E       70       1
                cstackBANK1                          A0       A0       2F       A0       1
                cstackBANK2                         120      120       40      120       1
                cstackBANK3                         1A0      1A0       40      1A0       1
                clrtext                             F36      F36        6     1E6C       0
                bssBANK10                           520      520       40      520       1
                bssBANK9                            4A0      4A0       40      4A0       1
                bssBANK8                            420      420       40      420       1
                bssBANK7                            3A0      3A0       40      3A0       1
                bssBANK5                            2A0      2A0       40      2A0       1
                bssBANK4                            220      220       20      220       1
                bssBANK3                            1E0      1E0       10      1A0       1
                bssBANK2                            160      160       10      120       1
                bssBANK1                             CF       CF       18       A0       1
                stringtext9                        104C     104C        4     2000       0
                stringtext8                        1047     1047        5     2000       0
                stringtext7                        1042     1042        5     2000       0
                stringtext6                        103B     103B        7     2000       0
                stringtext5                        1034     1034        7     2000       0
                stringtext4                        102D     102D        7     2000       0
                stringtext3                        1021     1021        C     2000       0
                stringtext2                        1011     1011       10     2000       0
                stringtext1                        1000     1000       11     2000       0

TOTAL           Name                               Link     Load   Length     Space
        CLASS   STACK          

        CLASS   CODE           
                end_init                              2        2        2         0
                cinit                               7B5      7B5       4B         0
                reset_vec                             0        0        2         0
                text29                              F76      F76       11         0
                text28                              18A      18A       54         0
                text27                              F4E      F4E        C         0
                text26                              F87      F87       19         0
                text25                                8        8       23         0
                text24                               6D       6D       43         0
                text23                               2B       2B       42         0
                text22                              239      239       63         0
                text21                              29C      29C       63         0
                text20                              2FF      2FF       63         0
                text19                              FA0      FA0       1F         0
                text18                              F44      F44        A         0
                text17                              6E5      6E5       D0         0
                text16                              FBF      FBF       20         0
                text15                              362      362       69         0
                text14                              1DE      1DE       5B         0
                text13                              627      627       BE         0
                text12                              56F      56F       B8         0
                text11                              138      138       52         0
                text10                              43F      43F       98         0
                text9                                B0       B0       44         0
                text8                               4D7      4D7       98         0
                text7                                F4       F4       44         0
                text6                               F5A      F5A        C         0
                text5                               F35      F35        1         0
                text4                               F3C      F3C        8         0
                text3                               FDF      FDF       21         0
                text2                                 4        4        4         0
                text1                               F66      F66       10         0
                maintext                            3CB      3CB       74         0
                clrtext                             F36      F36        6         0

        CLASS   STRCODE        
                stringtext9                        104C     104C        4         0
                stringtext8                        1047     1047        5         0
                stringtext7                        1042     1042        5         0
                stringtext6                        103B     103B        7         0
                stringtext5                        1034     1034        7         0
                stringtext4                        102D     102D        7         0
                stringtext3                        1021     1021        C         0
                stringtext2                        1011     1011       10         0
                stringtext1                        1000     1000       11         0

        CLASS   STRING         

        CLASS   CONST          

        CLASS   ENTRY          

        CLASS   COMMON         
                cstackCOMMON                         70       70        E         1

        CLASS   BANK0          
                cstackBANK0                          20       20       4E         1

        CLASS   BANK1          
                cstackBANK1                          A0       A0       2F         1
                bssBANK1                             CF       CF       18         1

        CLASS   BANK2          
                cstackBANK2                         120      120       40         1
                bssBANK2                            160      160       10         1

        CLASS   BANK3          
                cstackBANK3                         1A0      1A0       40         1
                bssBANK3                            1E0      1E0       10         1

        CLASS   BANK4          
                bssBANK4                            220      220       20         1

        CLASS   BANK5          
                bssBANK5                            2A0      2A0       40         1

        CLASS   BANK6          

        CLASS   BANK7          
                bssBANK7                            3A0      3A0       40         1

        CLASS   BANK8          
                bssBANK8                            420      420       40         1

        CLASS   BANK9          
                bssBANK9                            4A0      4A0       40         1

        CLASS   BANK10         
                bssBANK10                           520      520       40         1

        CLASS   BANK11         

        CLASS   BANK12         

        CLASS   BIGRAM         

        CLASS   RAM            

        CLASS   ABS1           
                abs_s1                               7E       7E        2         1

        CLASS   SFR0           

        CLASS   SFR1           

        CLASS   SFR2           

        CLASS   SFR3           

        CLASS   SFR4           

        CLASS   SFR5           

        CLASS   SFR6           

        CLASS   SFR7           

        CLASS   SFR8           

        CLASS   SFR9           

        CLASS   SFR10          

        CLASS   SFR11          

        CLASS   SFR12          

        CLASS   SFR13          

        CLASS   SFR14          

        CLASS   SFR15          

        CLASS   SFR16          

        CLASS   SFR17          

        CLASS   SFR18          

        CLASS   SFR19          

        CLASS   SFR20          

        CLASS   SFR21          

        CLASS   SFR22          

        CLASS   SFR23          

        CLASS   SFR24          

        CLASS   SFR25          

        CLASS   SFR26          

        CLASS   SFR27          

        CLASS   SFR28          

        CLASS   SFR29          

        CLASS   SFR30          

        CLASS   SFR31          

        CLASS   CONFIG         
                config                             8007     8007        2         0

        CLASS   IDLOC          

        CLASS   BANK31         

        CLASS   BANK30         

        CLASS   BANK29         

        CLASS   BANK28         

        CLASS   BANK27         

        CLASS   BANK26         

        CLASS   BANK25         

        CLASS   BANK24         

        CLASS   BANK23         

        CLASS   BANK22         

        CLASS   BANK21         

        CLASS   BANK20         

        CLASS   BANK19         

        CLASS   BANK18         

        CLASS   BANK17         

        CLASS   BANK16         

        CLASS   BANK15         

        CLASS   BANK14         

        CLASS   BANK13         

        CLASS   EEDATA         



SEGMENTS        Name                           Load    Length   Top    Selector   Space  Class     Delta

                reset_vec                      000000  000008  000008         0       0  CODE        2
                text25                         000008  000023  00002B        10       0  CODE        2
                cstackBANK0                    000020  00004E  00006E        20       1  BANK0       1
                text23                         00002B  000042  00006D        56       0  CODE        2
                cstackCOMMON                   000070  00000E  00007E        70       1  COMMON      1
                cstackBANK1                    0000A0  000047  0000E7        A0       1  BANK1       1
                text24                         00006D  000043  0000B0        DA       0  CODE        2
                cstackBANK2                    000120  000050  000170       120       1  BANK2       1
                text9                          0000B0  000044  0000F4       160       0  CODE        2
                cstackBANK3                    0001A0  000050  0001F0       1A0       1  BANK3       1
                text7                          0000F4  000044  000138       1E8       0  CODE        2
                bssBANK4                       000220  000020  000240       220       1  BANK4       1
                text11                         000138  000052  00018A       270       0  CODE        2
                bssBANK5                       0002A0  000040  0002E0       2A0       1  BANK5       1
                text28                         00018A  000054  0001DE       314       0  CODE        2
                bssBANK7                       0003A0  000040  0003E0       3A0       1  BANK7       1
                text14                         0001DE  00005B  000239       3BC       0  CODE        2
                bssBANK8                       000420  000040  000460       420       1  BANK8       1
                text22                         000239  000063  00029C       472       0  CODE        2
                bssBANK9                       0004A0  000040  0004E0       4A0       1  BANK9       1
                bssBANK10                      000520  000040  000560       520       1  BANK10      1
                text21                         00029C  000063  0002FF       538       0  CODE        2
                text20                         0002FF  000063  000362       5FE       0  CODE        2
                text15                         000362  000069  0003CB       6C4       0  CODE        2
                maintext                       0003CB  000074  00043F       796       0  CODE        2
                text10                         00043F  000098  0004D7       87E       0  CODE        2
                text8                          0004D7  000098  00056F       9AE       0  CODE        2
                text12                         00056F  0000B8  000627       ADE       0  CODE        2
                text13                         000627  0000BE  0006E5       C4E       0  CODE        2
                text17                         0006E5  0000D0  0007B5       DCA       0  CODE        2
                cinit                          0007B5  00004B  000800       F6A       0  CODE        2
                text5                          000F35  000001  000F36      1E6A       0  CODE        2
                clrtext                        000F36  000006  000F3C      1E6C       0  CODE        2
                text4                          000F3C  000008  000F44      1E78       0  CODE        2
                text18                         000F44  00000A  000F4E      1E88       0  CODE        2
                text27                         000F4E  00000C  000F5A      1E9C       0  CODE        2
                text6                          000F5A  00000C  000F66      1EB4       0  CODE        2
                text1                          000F66  000010  000F76      1ECC       0  CODE        2
                text29                         000F76  000011  000F87      1EEC       0  CODE        2
                text26                         000F87  000019  000FA0      1F0E       0  CODE        2
                text19                         000FA0  00001F  000FBF      1F40       0  CODE        2
                text16                         000FBF  000020  000FDF      1F7E       0  CODE        2
                text3                          000FDF  000021  001000      1FBE       0  CODE        2
                stringtext1                    001000  000050  001050      2000       0  STRCODE     2
                config                         008007  000002  008009     1000E       0  CONFIG      2


UNUSED ADDRESS RANGES

        Name                Unused          Largest block    Delta
        BANK0            0006E-0006F               2           1
        BANK1            000E7-000EF               9           1
        BANK10           00560-0056F              10           1
        BANK11           005A0-005EF              50           1
        BANK12           00620-0064F              30           1
        BANK4            00240-0026F              30           1
        BANK5            002E0-002EF              10           1
        BANK6            00320-0032F              10           1
        BANK7            003E0-003EF              10           1
        BANK8            00460-0046F              10           1
        BANK9            004E0-004EF              10           1
        BIGRAM           02000-021EF             1F0           1
                         02230-023EF             1C0
        CODE             00800-00F34             735           2
                         01050-01FFF             7B0
        CONST            00800-00F34             100           2
                         01050-01FFF             100
        ENTRY            00800-00F34             100           2
                         01050-01FFF             100
        IDLOC            08000-08003               4           2
        RAM              0006E-0006F               2           1
                         000E7-000EF               9
                         00240-0026F              30
                         002E0-002EF              10
                         00320-0032F              10
                         003E0-003EF              10
                         00460-0046F              10
                         004E0-004EF              10
                         00560-0056F              10
                         005A0-005EF              50
                         00620-0064F              30
        SFR0             00000-0001F              20           1
        SFR1             00080-0009F              20           1
        SFR10            00500-0051F              20           1
        SFR11            00580-0059F              20           1
        SFR12            00600-0061F              20           1
        SFR13            00680-006EF              70           1
        SFR14            00700-0076F              70           1
        SFR15            00780-007EF              70           1
        SFR16            00800-0086F              70           1
        SFR17            00880-008EF              70           1
        SFR18            00900-0096F              70           1
        SFR19            00980-009EF              70           1
        SFR2             00100-0011F              20           1
        SFR20            00A00-00A6F              70           1
        SFR21            00A80-00AEF              70           1
        SFR22            00B00-00B6F              70           1
        SFR23            00B80-00BEF              70           1
        SFR24            00C00-00C6F              70           1
        SFR25            00C80-00CEF              70           1
        SFR26            00D00-00D6F              70           1
        SFR27            00D80-00DEF              70           1
        SFR28            00E00-00E6F              70           1
        SFR29            00E80-00EEF              70           1
        SFR3             00180-0019F              20           1
        SFR30            00F00-00F6F              70           1
        SFR31            00F80-00FEF              70           1
        SFR4             00200-0021F              20           1
        SFR5             00280-0029F              20           1
        SFR6             00300-0031F              20           1
        SFR7             00380-0039F              20           1
        SFR8             00400-0041F              20           1
        SFR9             00480-0049F              20           1
        STACK            02360-023EF              90           1
        STRCODE          00800-00F34             735           2
                         01050-01FFF             FB0
        STRING           00800-00F34             100           2
                         01050-01FFF             100

                                  Symbol Table

?_EUSART_Read_String             cstackCOMMON 00070
?_SendAT                         cstackBANK0  00020
?_SendBtn1Message                cstackBANK0  00020
?_SendBtn2Message                cstackBANK0  00020
?_SendBtn3Message                cstackBANK0  00020
?_SendCMGF                       cstackBANK0  00020
?_SendCSCS                       cstackBANK0  00020
?_strchr                         cstackCOMMON 00070
?_strlen                         cstackCOMMON 00070
?_strncmp                        cstackCOMMON 00070
?_strstr                         cstackBANK0  00020
Button1Message@F7091             bssBANK4     00220
Button1Message@charsRead         cstackBANK1  000A9
Button1Message@intArr            cstackBANK1  000AC
Button1Message@line              cstackBANK1  000AB
Button1Message@responseArray     cstackBANK1  000CC
Button2Message@charsRead         cstackBANK1  000A9
Button2Message@line              cstackBANK1  000AB
Button2Message@responseArray     cstackBANK0  0006C
Button3Message@charsRead         cstackBANK1  000A9
Button3Message@line              cstackBANK1  000AB
Button3Message@responseArray     cstackBANK0  0006C
EUSART_Read_String@c             cstackCOMMON 00079
EUSART_Read_String@i             cstackCOMMON 00077
EUSART_Read_String@max_length    cstackCOMMON 00070
EUSART_Read_String@s             cstackCOMMON 0007A
EUSART_Read_String@seenCR        cstackCOMMON 00073
EUSART_Read_String@seenNL        cstackCOMMON 00075
EUSART_Write@txData              cstackCOMMON 00070
EUSART_Write_String@s            cstackCOMMON 00071
PreMessageSetup@F7085            bssBANK1     000DF
PreMessageSetup@charsRead        cstackBANK0  00068
PreMessageSetup@intArr           cstackBANK1  000A0
PreMessageSetup@responseArray    cstackBANK1  000A8
SendAT@F6743                     bssBANK8     00420
SendAT@charsRead                 cstackBANK0  00066
SendAT@line                      cstackBANK0  00023
SendAT@response                  cstackBANK0  00065
SendAT@totalRead                 cstackBANK0  00063
SendBtn1Message@F6761            bssBANK1     000CF
SendBtn1Message@charsRead        cstackBANK0  00037
SendBtn1Message@intline          cstackBANK0  00024
SendBtn1Message@response         cstackBANK0  00036
SendBtn1Message@totalRead        cstackBANK0  00034
SendBtn2Message@F6767            bssBANK2     00160
SendBtn2Message@charsRead        cstackBANK0  00037
SendBtn2Message@intline          cstackBANK0  00024
SendBtn2Message@response         cstackBANK0  00036
SendBtn2Message@totalRead        cstackBANK0  00034
SendBtn3Message@F6773            bssBANK3     001E0
SendBtn3Message@charsRead        cstackBANK0  00037
SendBtn3Message@intline          cstackBANK0  00024
SendBtn3Message@response         cstackBANK0  00036
SendBtn3Message@totalRead        cstackBANK0  00034
SendCMGF@F6749                   bssBANK9     004A0
SendCMGF@charsRead               cstackBANK0  00066
SendCMGF@line                    cstackBANK0  00023
SendCMGF@response                cstackBANK0  00065
SendCMGF@totalRead               cstackBANK0  00063
SendCSCS@F6755                   bssBANK10    00520
SendCSCS@charsRead               cstackBANK0  00066
SendCSCS@line                    cstackBANK0  00023
SendCSCS@response                cstackBANK0  00065
SendCSCS@totalRead               cstackBANK0  00063
_ANSELA                          (abs)        0018C
_ANSELC                          (abs)        0018E
_BAUD1CON                        (abs)        0019F
_BORCON                          (abs)        0021D
_Button1Message                  text11       00138
_Button2Message                  text9        000B0
_Button3Message                  text7        000F4
_EUSART_Initialize               text6        00F5A
_EUSART_Read                     text29       00F76
_EUSART_Read_String              text28       0018A
_EUSART_Write                    text27       00F4E
_EUSART_Write_String             text26       00F87
_EXT_INT_Initialize              text5        00F35
_FlashPin                        text19       00FA0
_LATA                            (abs)        0010C
_LATAbits                        (abs)        0010C
_LATC                            (abs)        0010E
_ODCONA                          (abs)        0028C
_ODCONC                          (abs)        0028E
_OPTION_REGbits                  (abs)        00095
_OSCCON                          (abs)        00099
_OSCILLATOR_Initialize           text4        00F3C
_OSCSTAT                         (abs)        0009A
_OSCTUNE                         (abs)        00098
_PIN_MANAGER_Initialize          text3        00FDF
_PIR1bits                        (abs)        00011
_PORTCbits                       (abs)        0000E
_PreMessageSetup                 text13       00627
_RC1REG                          (abs)        00199
_RC1STA                          (abs)        0019D
_RC1STAbits                      (abs)        0019D
_RC4PPS                          (abs)        00EA4
_RXPPS                           (abs)        00E24
_SLRCONA                         (abs)        0030C
_SLRCONC                         (abs)        0030E
_SPBRGH                          (abs)        0019C
_SPBRGL                          (abs)        0019B
_SYSTEM_Initialize               text1        00F66
_SendAT                          text22       00239
_SendBtn1Message                 text12       0056F
_SendBtn2Message                 text10       0043F
_SendBtn3Message                 text8        004D7
_SendCMGF                        text21       0029C
_SendCSCS                        text20       002FF
_TRISA                           (abs)        0008C
_TRISC                           (abs)        0008E
_TX1REG                          (abs)        0019A
_TX1STA                          (abs)        0019E
_WDTCON                          (abs)        00097
_WDT_Initialize                  text2        00004
_WPUA                            (abs)        0020C
_WPUC                            (abs)        0020E
_WarningFlash                    text18       00F44
__CFG_BOREN$ON                   (abs)        00000
__CFG_BORV$LO                    (abs)        00000
__CFG_CLKOUTEN$OFF               (abs)        00000
__CFG_CP$OFF                     (abs)        00000
__CFG_FCMEN$ON                   (abs)        00000
__CFG_FOSC$INTOSC                (abs)        00000
__CFG_IESO$ON                    (abs)        00000
__CFG_LPBOR$OFF                  (abs)        00000
__CFG_LVP$ON                     (abs)        00000
__CFG_MCLRE$ON                   (abs)        00000
__CFG_PLLEN$OFF                  (abs)        00000
__CFG_PPS1WAY$ON                 (abs)        00000
__CFG_PWRTE$OFF                  (abs)        00000
__CFG_STVREN$ON                  (abs)        00000
__CFG_WDTE$OFF                   (abs)        00000
__CFG_WRT$OFF                    (abs)        00000
__CFG_ZCD$OFF                    (abs)        00000
__Habs1                          abs1         00000
__Hbank0                         bank0        00000
__Hbank1                         bank1        00000
__Hbank10                        bank10       00000
__Hbank11                        bank11       00000
__Hbank12                        bank12       00000
__Hbank13                        bank13       00000
__Hbank14                        bank14       00000
__Hbank15                        bank15       00000
__Hbank16                        bank16       00000
__Hbank17                        bank17       00000
__Hbank18                        bank18       00000
__Hbank19                        bank19       00000
__Hbank2                         bank2        00000
__Hbank20                        bank20       00000
__Hbank21                        bank21       00000
__Hbank22                        bank22       00000
__Hbank23                        bank23       00000
__Hbank24                        bank24       00000
__Hbank25                        bank25       00000
__Hbank26                        bank26       00000
__Hbank27                        bank27       00000
__Hbank28                        bank28       00000
__Hbank29                        bank29       00000
__Hbank3                         bank3        00000
__Hbank30                        bank30       00000
__Hbank31                        bank31       00000
__Hbank4                         bank4        00000
__Hbank5                         bank5        00000
__Hbank6                         bank6        00000
__Hbank7                         bank7        00000
__Hbank8                         bank8        00000
__Hbank9                         bank9        00000
__Hbigram                        bigram       00000
__HbssBANK1                      bssBANK1     00000
__HbssBANK10                     bssBANK10    00000
__HbssBANK2                      bssBANK2     00000
__HbssBANK3                      bssBANK3     00000
__HbssBANK4                      bssBANK4     00000
__HbssBANK5                      bssBANK5     00000
__HbssBANK7                      bssBANK7     00000
__HbssBANK8                      bssBANK8     00000
__HbssBANK9                      bssBANK9     00000
__Hcinit                         cinit        00800
__Hclrtext                       clrtext      00000
__Hcode                          code         00000
__Hcommon                        common       00000
__Hconfig                        config       08009
__HcstackBANK0                   cstackBANK0  00000
__HcstackBANK1                   cstackBANK1  00000
__HcstackBANK2                   cstackBANK2  00000
__HcstackBANK3                   cstackBANK3  00000
__HcstackCOMMON                  cstackCOMMON 00000
__Heeprom_data                   eeprom_data  00000
__Hend_init                      end_init     00004
__Hfunctab                       functab      00000
__Hidloc                         idloc        00000
__Hinit                          init         00002
__Hintentry                      intentry     00002
__Hmaintext                      maintext     00000
__Hpowerup                       powerup      00000
__Hram                           ram          00000
__Hreset_vec                     reset_vec    00002
__Hsfr0                          sfr0         00000
__Hsfr1                          sfr1         00000
__Hsfr10                         sfr10        00000
__Hsfr11                         sfr11        00000
__Hsfr12                         sfr12        00000
__Hsfr13                         sfr13        00000
__Hsfr14                         sfr14        00000
__Hsfr15                         sfr15        00000
__Hsfr16                         sfr16        00000
__Hsfr17                         sfr17        00000
__Hsfr18                         sfr18        00000
__Hsfr19                         sfr19        00000
__Hsfr2                          sfr2         00000
__Hsfr20                         sfr20        00000
__Hsfr21                         sfr21        00000
__Hsfr22                         sfr22        00000
__Hsfr23                         sfr23        00000
__Hsfr24                         sfr24        00000
__Hsfr25                         sfr25        00000
__Hsfr26                         sfr26        00000
__Hsfr27                         sfr27        00000
__Hsfr28                         sfr28        00000
__Hsfr29                         sfr29        00000
__Hsfr3                          sfr3         00000
__Hsfr30                         sfr30        00000
__Hsfr31                         sfr31        00000
__Hsfr4                          sfr4         00000
__Hsfr5                          sfr5         00000
__Hsfr6                          sfr6         00000
__Hsfr7                          sfr7         00000
__Hsfr8                          sfr8         00000
__Hsfr9                          sfr9         00000
__Hspace_0                       (abs)        08009
__Hspace_1                       (abs)        00560
__Hspace_2                       (abs)        00000
__Hspace_3                       (abs)        00000
__Hstack                         stack        00000
__Hstrings                       strings      00000
__Hstringtext1                   stringtext1  00000
__Hstringtext10                  stringtext10 00000
__Hstringtext2                   stringtext2  00000
__Hstringtext3                   stringtext3  00000
__Hstringtext4                   stringtext4  00000
__Hstringtext5                   stringtext5  00000
__Hstringtext6                   stringtext6  00000
__Hstringtext7                   stringtext7  00000
__Hstringtext8                   stringtext8  00000
__Hstringtext9                   stringtext9  00000
__Htext                          text         00000
__Labs1                          abs1         00000
__Lbank0                         bank0        00000
__Lbank1                         bank1        00000
__Lbank10                        bank10       00000
__Lbank11                        bank11       00000
__Lbank12                        bank12       00000
__Lbank13                        bank13       00000
__Lbank14                        bank14       00000
__Lbank15                        bank15       00000
__Lbank16                        bank16       00000
__Lbank17                        bank17       00000
__Lbank18                        bank18       00000
__Lbank19                        bank19       00000
__Lbank2                         bank2        00000
__Lbank20                        bank20       00000
__Lbank21                        bank21       00000
__Lbank22                        bank22       00000
__Lbank23                        bank23       00000
__Lbank24                        bank24       00000
__Lbank25                        bank25       00000
__Lbank26                        bank26       00000
__Lbank27                        bank27       00000
__Lbank28                        bank28       00000
__Lbank29                        bank29       00000
__Lbank3                         bank3        00000
__Lbank30                        bank30       00000
__Lbank31                        bank31       00000
__Lbank4                         bank4        00000
__Lbank5                         bank5        00000
__Lbank6                         bank6        00000
__Lbank7                         bank7        00000
__Lbank8                         bank8        00000
__Lbank9                         bank9        00000
__Lbigram                        bigram       00000
__LbssBANK1                      bssBANK1     00000
__LbssBANK10                     bssBANK10    00000
__LbssBANK2                      bssBANK2     00000
__LbssBANK3                      bssBANK3     00000
__LbssBANK4                      bssBANK4     00000
__LbssBANK5                      bssBANK5     00000
__LbssBANK7                      bssBANK7     00000
__LbssBANK8                      bssBANK8     00000
__LbssBANK9                      bssBANK9     00000
__Lcinit                         cinit        007B5
__Lclrtext                       clrtext      00000
__Lcode                          code         00000
__Lcommon                        common       00000
__Lconfig                        config       08007
__LcstackBANK0                   cstackBANK0  00000
__LcstackBANK1                   cstackBANK1  00000
__LcstackBANK2                   cstackBANK2  00000
__LcstackBANK3                   cstackBANK3  00000
__LcstackCOMMON                  cstackCOMMON 00000
__Leeprom_data                   eeprom_data  00000
__Lend_init                      end_init     00002
__Lfunctab                       functab      00000
__Lidloc                         idloc        00000
__Linit                          init         00002
__Lintentry                      intentry     00002
__Lmaintext                      maintext     00000
__Lpowerup                       powerup      00000
__Lram                           ram          00000
__Lreset_vec                     reset_vec    00000
__Lsfr0                          sfr0         00000
__Lsfr1                          sfr1         00000
__Lsfr10                         sfr10        00000
__Lsfr11                         sfr11        00000
__Lsfr12                         sfr12        00000
__Lsfr13                         sfr13        00000
__Lsfr14                         sfr14        00000
__Lsfr15                         sfr15        00000
__Lsfr16                         sfr16        00000
__Lsfr17                         sfr17        00000
__Lsfr18                         sfr18        00000
__Lsfr19                         sfr19        00000
__Lsfr2                          sfr2         00000
__Lsfr20                         sfr20        00000
__Lsfr21                         sfr21        00000
__Lsfr22                         sfr22        00000
__Lsfr23                         sfr23        00000
__Lsfr24                         sfr24        00000
__Lsfr25                         sfr25        00000
__Lsfr26                         sfr26        00000
__Lsfr27                         sfr27        00000
__Lsfr28                         sfr28        00000
__Lsfr29                         sfr29        00000
__Lsfr3                          sfr3         00000
__Lsfr30                         sfr30        00000
__Lsfr31                         sfr31        00000
__Lsfr4                          sfr4         00000
__Lsfr5                          sfr5         00000
__Lsfr6                          sfr6         00000
__Lsfr7                          sfr7         00000
__Lsfr8                          sfr8         00000
__Lsfr9                          sfr9         00000
__Lspace_0                       (abs)        00000
__Lspace_1                       (abs)        00000
__Lspace_2                       (abs)        00000
__Lspace_3                       (abs)        00000
__Lstack                         stack        00000
__Lstrings                       strings      00000
__Lstringtext1                   stringtext1  00000
__Lstringtext10                  stringtext10 00000
__Lstringtext2                   stringtext2  00000
__Lstringtext3                   stringtext3  00000
__Lstringtext4                   stringtext4  00000
__Lstringtext5                   stringtext5  00000
__Lstringtext6                   stringtext6  00000
__Lstringtext7                   stringtext7  00000
__Lstringtext8                   stringtext8  00000
__Lstringtext9                   stringtext9  00000
__Ltext                          text         00000
__S0                             (abs)        08009
__S1                             (abs)        00560
__S2                             (abs)        00000
___int_sp                        stack        00000
___latbits                       (abs)        00002
___sp                            stack        00000
__end_of_Button1Message          text11       0018A
__end_of_Button2Message          text9        000F4
__end_of_Button3Message          text7        00138
__end_of_EUSART_Initialize       text6        00F66
__end_of_EUSART_Read             text29       00F87
__end_of_EUSART_Read_String      text28       001DE
__end_of_EUSART_Write            text27       00F5A
__end_of_EUSART_Write_String     text26       00FA0
__end_of_EXT_INT_Initialize      text5        00F36
__end_of_FlashPin                text19       00FBF
__end_of_OSCILLATOR_Initialize   text4        00F44
__end_of_PIN_MANAGER_Initialize  text3        01000
__end_of_PreMessageSetup         text13       006E5
__end_of_SYSTEM_Initialize       text1        00F76
__end_of_SendAT                  text22       0029C
__end_of_SendBtn1Message         text12       00627
__end_of_SendBtn2Message         text10       004D7
__end_of_SendBtn3Message         text8        0056F
__end_of_SendCMGF                text21       002FF
__end_of_SendCSCS                text20       00362
__end_of_WDT_Initialize          text2        00008
__end_of_WarningFlash            text18       00F4E
__end_of__initialization         cinit        007FD
__end_of_main                    maintext     0043F
__end_of_memset                  text17       007B5
__end_of_strchr                  text16       00FDF
__end_of_strlen                  text25       0002B
__end_of_strncat                 text24       000B0
__end_of_strncmp                 text15       003CB
__end_of_strncpy                 text23       0006D
__end_of_strstr                  text14       00239
__initialization                 cinit        007B5
__pbssBANK1                      bssBANK1     000CF
__pbssBANK10                     bssBANK10    00520
__pbssBANK2                      bssBANK2     00160
__pbssBANK3                      bssBANK3     001E0
__pbssBANK4                      bssBANK4     00220
__pbssBANK5                      bssBANK5     002A0
__pbssBANK7                      bssBANK7     003A0
__pbssBANK8                      bssBANK8     00420
__pbssBANK9                      bssBANK9     004A0
__pcstackBANK0                   cstackBANK0  00020
__pcstackBANK1                   cstackBANK1  000A0
__pcstackBANK2                   cstackBANK2  00120
__pcstackBANK3                   cstackBANK3  001A0
__pcstackCOMMON                  cstackCOMMON 00070
__pmaintext                      maintext     003CB
__pstringtext1                   stringtext1  01000
__pstringtext10                  stringtext10 00000
__pstringtext2                   stringtext2  01011
__pstringtext3                   stringtext3  01021
__pstringtext4                   stringtext4  0102D
__pstringtext5                   stringtext5  01034
__pstringtext6                   stringtext6  0103B
__pstringtext7                   stringtext7  01042
__pstringtext8                   stringtext8  01047
__pstringtext9                   stringtext9  0104C
__ptext1                         text1        00F66
__ptext10                        text10       0043F
__ptext11                        text11       00138
__ptext12                        text12       0056F
__ptext13                        text13       00627
__ptext14                        text14       001DE
__ptext15                        text15       00362
__ptext16                        text16       00FBF
__ptext17                        text17       006E5
__ptext18                        text18       00F44
__ptext19                        text19       00FA0
__ptext2                         text2        00004
__ptext20                        text20       002FF
__ptext21                        text21       0029C
__ptext22                        text22       00239
__ptext23                        text23       0002B
__ptext24                        text24       0006D
__ptext25                        text25       00008
__ptext26                        text26       00F87
__ptext27                        text27       00F4E
__ptext28                        text28       0018A
__ptext29                        text29       00F76
__ptext3                         text3        00FDF
__ptext4                         text4        00F3C
__ptext5                         text5        00F35
__ptext6                         text6        00F5A
__ptext7                         text7        000F4
__ptext8                         text8        004D7
__ptext9                         text9        000B0
__size_of_Button1Message         (abs)        00000
__size_of_Button2Message         (abs)        00000
__size_of_Button3Message         (abs)        00000
__size_of_EUSART_Initialize      (abs)        00000
__size_of_EUSART_Read            (abs)        00000
__size_of_EUSART_Read_String     (abs)        00000
__size_of_EUSART_Write           (abs)        00000
__size_of_EUSART_Write_String    (abs)        00000
__size_of_EXT_INT_Initialize     (abs)        00000
__size_of_FlashPin               (abs)        00000
__size_of_OSCILLATOR_Initialize  (abs)        00000
__size_of_PIN_MANAGER_Initialize (abs)        00000
__size_of_PreMessageSetup        (abs)        00000
__size_of_SYSTEM_Initialize      (abs)        00000
__size_of_SendAT                 (abs)        00000
__size_of_SendBtn1Message        (abs)        00000
__size_of_SendBtn2Message        (abs)        00000
__size_of_SendBtn3Message        (abs)        00000
__size_of_SendCMGF               (abs)        00000
__size_of_SendCSCS               (abs)        00000
__size_of_WDT_Initialize         (abs)        00000
__size_of_WarningFlash           (abs)        00000
__size_of_main                   (abs)        00000
__size_of_memset                 (abs)        00000
__size_of_strchr                 (abs)        00000
__size_of_strlen                 (abs)        00000
__size_of_strncat                (abs)        00000
__size_of_strncmp                (abs)        00000
__size_of_strncpy                (abs)        00000
__size_of_strstr                 (abs)        00000
_main                            maintext     003CB
_memset                          text17       006E5
_strchr                          text16       00FBF
_strlen                          text25       00008
_strncat                         text24       0006D
_strncmp                         text15       00362
_strncpy                         text23       0002B
_strstr                          text14       001DE
btemp                            (abs)        0007E
clear_ram0                       clrtext      00F36
end_of_initialization            cinit        007FD
intlevel0                        functab      00000
intlevel1                        functab      00000
intlevel2                        functab      00000
intlevel3                        functab      00000
intlevel4                        functab      00000
intlevel5                        functab      00000
main@F7076                       bssBANK5     002A0
main@F7078                       bssBANK7     003A0
main@charsRead                   cstackBANK1  000CD
main@lineArray                   cstackBANK3  001A0
main@responseArray               cstackBANK2  00120
memset@c                         cstackCOMMON 00072
memset@dest                      cstackCOMMON 00070
memset@k                         cstackCOMMON 0007A
memset@n                         cstackCOMMON 00074
memset@s                         cstackCOMMON 0007C
reset_vec                        reset_vec    00000
stackhi                          (abs)        023EF
stacklo                          (abs)        02360
start                            init         00002
start_initialization             cinit        007B5
strchr@c                         cstackCOMMON 00072
strchr@s                         cstackCOMMON 00070
strlen@a                         cstackCOMMON 00074
strlen@s                         cstackCOMMON 00070
strncat@a                        cstackCOMMON 0007C
strncat@d                        cstackCOMMON 00076
strncat@n                        cstackCOMMON 00079
strncat@s                        cstackCOMMON 00078
strncmp@_l                       cstackCOMMON 00070
strncmp@_r                       cstackCOMMON 00072
strncmp@l                        cstackCOMMON 00078
strncmp@n                        cstackCOMMON 00074
strncmp@r                        cstackCOMMON 0007A
strncpy@cp                       cstackCOMMON 00077
strncpy@d                        cstackCOMMON 00070
strncpy@n                        cstackCOMMON 00073
strncpy@s                        cstackCOMMON 00072
strstr@h                         cstackBANK0  00020
strstr@n                         cstackBANK0  00022
strstr@nl                        cstackBANK0  00024
wtemp0                           (abs)        0007E


FUNCTION INFORMATION:

 *************** function _main *****************
 Defined at:
		line 68 in file "main.c"
 Parameters:    Size  Location     Type
		None
 Auto vars:     Size  Location     Type
  responseArra   64    0[BANK2 ] unsigned char [64]
  lineArray      64    0[BANK3 ] unsigned char [64]
  charsRead       2   45[BANK1 ] int 
 Return value:  Size  Location     Type
                  1    wreg      void 
 Registers used:
		wreg, fsr0l, fsr0h, fsr1l, fsr1h, status,2, status,0, pclath, cstack
 Tracked objects:
		On entry : 
		On exit  : 
		Unchanged: 
 Data sizes:     COMMON   BANK0   BANK1   BANK2   BANK3   BANK4   BANK5   BANK6   BANK7   BANK8   BANK9  BANK10  BANK11  BANK12
      Params:         0       0       0       0       0       0       0       0       0       0       0       0       0       0
      Locals:         0       0       2      64      64       0       0       0       0       0       0       0       0       0
      Temps:          0       1       0       0       0       0       0       0       0       0       0       0       0       0
      Totals:         0       1       2      64      64       0       0       0       0       0       0       0       0       0
Total ram usage:      131 bytes
 Hardware stack levels required when called:    5
 This function calls:
		_Button1Message
		_Button2Message
		_Button3Message
		_SYSTEM_Initialize
 This function is called by:
		Startup code after reset
 This function uses a non-reentrant model


 *************** function _SYSTEM_Initialize *****************
 Defined at:
		line 50 in file "mcc_generated_files/mcc.c"
 Parameters:    Size  Location     Type
		None
 Auto vars:     Size  Location     Type
		None
 Return value:  Size  Location     Type
                  1    wreg      void 
 Registers used:
		wreg, status,2, status,0, pclath, cstack
 Tracked objects:
		On entry : 
		On exit  : 
		Unchanged: 
 Data sizes:     COMMON   BANK0   BANK1   BANK2   BANK3   BANK4   BANK5   BANK6   BANK7   BANK8   BANK9  BANK10  BANK11  BANK12
      Params:         0       0       0       0       0       0       0       0       0       0       0       0       0       0
      Locals:         0       0       0       0       0       0       0       0       0       0       0       0       0       0
      Temps:          0       0       0       0       0       0       0       0       0       0       0       0       0       0
      Totals:         0       0       0       0       0       0       0       0       0       0       0       0       0       0
Total ram usage:        0 bytes
 Hardware stack levels used:    1
 Hardware stack levels required when called:    1
 This function calls:
		_EUSART_Initialize
		_EXT_INT_Initialize
		_OSCILLATOR_Initialize
		_PIN_MANAGER_Initialize
		_WDT_Initialize
 This function is called by:
		_main
 This function uses a non-reentrant model


 *************** function _WDT_Initialize *****************
 Defined at:
		line 72 in file "mcc_generated_files/mcc.c"
 Parameters:    Size  Location     Type
		None
 Auto vars:     Size  Location     Type
		None
 Return value:  Size  Location     Type
                  1    wreg      void 
 Registers used:
		wreg
 Tracked objects:
		On entry : 
		On exit  : 
		Unchanged: 
 Data sizes:     COMMON   BANK0   BANK1   BANK2   BANK3   BANK4   BANK5   BANK6   BANK7   BANK8   BANK9  BANK10  BANK11  BANK12
      Params:         0       0       0       0       0       0       0       0       0       0       0       0       0       0
      Locals:         0       0       0       0       0       0       0       0       0       0       0       0       0       0
      Temps:          0       0       0       0       0       0       0       0       0       0       0       0       0       0
      Totals:         0       0       0       0       0       0       0       0       0       0       0       0       0       0
Total ram usage:        0 bytes
 Hardware stack levels used:    1
 This function calls:
		Nothing
 This function is called by:
		_SYSTEM_Initialize
 This function uses a non-reentrant model


 *************** function _PIN_MANAGER_Initialize *****************
 Defined at:
		line 57 in file "mcc_generated_files/pin_manager.c"
 Parameters:    Size  Location     Type
		None
 Auto vars:     Size  Location     Type
		None
 Return value:  Size  Location     Type
                  1    wreg      void 
 Registers used:
		wreg, status,2
 Tracked objects:
		On entry : 
		On exit  : 
		Unchanged: 
 Data sizes:     COMMON   BANK0   BANK1   BANK2   BANK3   BANK4   BANK5   BANK6   BANK7   BANK8   BANK9  BANK10  BANK11  BANK12
      Params:         0       0       0       0       0       0       0       0       0       0       0       0       0       0
      Locals:         0       0       0       0       0       0       0       0       0       0       0       0       0       0
      Temps:          0       0       0       0       0       0       0       0       0       0       0       0       0       0
      Totals:         0       0       0       0       0       0       0       0       0       0       0       0       0       0
Total ram usage:        0 bytes
 Hardware stack levels used:    1
 This function calls:
		Nothing
 This function is called by:
		_SYSTEM_Initialize
 This function uses a non-reentrant model


 *************** function _OSCILLATOR_Initialize *****************
 Defined at:
		line 60 in file "mcc_generated_files/mcc.c"
 Parameters:    Size  Location     Type
		None
 Auto vars:     Size  Location     Type
		None
 Return value:  Size  Location     Type
                  1    wreg      void 
 Registers used:
		wreg, status,2
 Tracked objects:
		On entry : 
		On exit  : 
		Unchanged: 
 Data sizes:     COMMON   BANK0   BANK1   BANK2   BANK3   BANK4   BANK5   BANK6   BANK7   BANK8   BANK9  BANK10  BANK11  BANK12
      Params:         0       0       0       0       0       0       0       0       0       0       0       0       0       0
      Locals:         0       0       0       0       0       0       0       0       0       0       0       0       0       0
      Temps:          0       0       0       0       0       0       0       0       0       0       0       0       0       0
      Totals:         0       0       0       0       0       0       0       0       0       0       0       0       0       0
Total ram usage:        0 bytes
 Hardware stack levels used:    1
 This function calls:
		Nothing
 This function is called by:
		_SYSTEM_Initialize
 This function uses a non-reentrant model


 *************** function _EXT_INT_Initialize *****************
 Defined at:
		line 32 in file "mcc_generated_files/ext_int.c"
 Parameters:    Size  Location     Type
		None
 Auto vars:     Size  Location     Type
		None
 Return value:  Size  Location     Type
                  1    wreg      void 
 Registers used:
		None
 Tracked objects:
		On entry : 
		On exit  : 
		Unchanged: 
 Data sizes:     COMMON   BANK0   BANK1   BANK2   BANK3   BANK4   BANK5   BANK6   BANK7   BANK8   BANK9  BANK10  BANK11  BANK12
      Params:         0       0       0       0       0       0       0       0       0       0       0       0       0       0
      Locals:         0       0       0       0       0       0       0       0       0       0       0       0       0       0
      Temps:          0       0       0       0       0       0       0       0       0       0       0       0       0       0
      Totals:         0       0       0       0       0       0       0       0       0       0       0       0       0       0
Total ram usage:        0 bytes
 Hardware stack levels used:    1
 This function calls:
		Nothing
 This function is called by:
		_SYSTEM_Initialize
 This function uses a non-reentrant model


 *************** function _EUSART_Initialize *****************
 Defined at:
		line 55 in file "mcc_generated_files/eusart.c"
 Parameters:    Size  Location     Type
		None
 Auto vars:     Size  Location     Type
		None
 Return value:  Size  Location     Type
                  1    wreg      void 
 Registers used:
		wreg
 Tracked objects:
		On entry : 
		On exit  : 
		Unchanged: 
 Data sizes:     COMMON   BANK0   BANK1   BANK2   BANK3   BANK4   BANK5   BANK6   BANK7   BANK8   BANK9  BANK10  BANK11  BANK12
      Params:         0       0       0       0       0       0       0       0       0       0       0       0       0       0
      Locals:         0       0       0       0       0       0       0       0       0       0       0       0       0       0
      Temps:          0       0       0       0       0       0       0       0       0       0       0       0       0       0
      Totals:         0       0       0       0       0       0       0       0       0       0       0       0       0       0
Total ram usage:        0 bytes
 Hardware stack levels used:    1
 This function calls:
		Nothing
 This function is called by:
		_SYSTEM_Initialize
 This function uses a non-reentrant model


 *************** function _Button3Message *****************
 Defined at:
		line 176 in file "main.c"
 Parameters:    Size  Location     Type
  responseArra    1    wreg     PTR unsigned char 
		 -> main@responseArray(64), 
  charsRead       2    9[BANK1 ] int 
  line            1   11[BANK1 ] PTR unsigned char 
		 -> main@lineArray(64), 
 Auto vars:     Size  Location     Type
  responseArra    1   76[BANK0 ] PTR unsigned char 
		 -> main@responseArray(64), 
 Return value:  Size  Location     Type
                  1    wreg      void 
 Registers used:
		wreg, fsr0l, fsr0h, fsr1l, fsr1h, status,2, status,0, pclath, cstack
 Tracked objects:
		On entry : 
		On exit  : 
		Unchanged: 
 Data sizes:     COMMON   BANK0   BANK1   BANK2   BANK3   BANK4   BANK5   BANK6   BANK7   BANK8   BANK9  BANK10  BANK11  BANK12
      Params:         0       0       3       0       0       0       0       0       0       0       0       0       0       0
      Locals:         0       1       0       0       0       0       0       0       0       0       0       0       0       0
      Temps:          0       0       0       0       0       0       0       0       0       0       0       0       0       0
      Totals:         0       1       3       0       0       0       0       0       0       0       0       0       0       0
Total ram usage:        4 bytes
 Hardware stack levels used:    1
 Hardware stack levels required when called:    4
 This function calls:
		_PreMessageSetup
		_SendBtn3Message
		_WarningFlash
		_memset
		_strstr
 This function is called by:
		_main
 This function uses a non-reentrant model


 *************** function _SendBtn3Message *****************
 Defined at:
		line 182 in file "sim800at.c"
 Parameters:    Size  Location     Type
  response        1    wreg     PTR unsigned char 
		 -> main@responseArray(64), 
 Auto vars:     Size  Location     Type
  response        1   22[BANK0 ] PTR unsigned char 
		 -> main@responseArray(64), 
  intline        16    4[BANK0 ] unsigned char [16]
  charsRead       2   23[BANK0 ] int 
  totalRead       2   20[BANK0 ] int 
 Return value:  Size  Location     Type
                  2    0[BANK0 ] int 
 Registers used:
		wreg, fsr0l, fsr0h, fsr1l, fsr1h, status,2, status,0, pclath, cstack
 Tracked objects:
		On entry : 
		On exit  : 
		Unchanged: 
 Data sizes:     COMMON   BANK0   BANK1   BANK2   BANK3   BANK4   BANK5   BANK6   BANK7   BANK8   BANK9  BANK10  BANK11  BANK12
      Params:         0       2       0       0       0       0       0       0       0       0       0       0       0       0
      Locals:         0      21       0       0       0       0       0       0       0       0       0       0       0       0
      Temps:          0       2       0       0       0       0       0       0       0       0       0       0       0       0
      Totals:         0      25       0       0       0       0       0       0       0       0       0       0       0       0
Total ram usage:       25 bytes
 Hardware stack levels used:    1
 Hardware stack levels required when called:    2
 This function calls:
		_EUSART_Read_String
		_EUSART_Write_String
		_strncat
		_strncpy
 This function is called by:
		_Button3Message
 This function uses a non-reentrant model


 *************** function _Button2Message *****************
 Defined at:
		line 163 in file "main.c"
 Parameters:    Size  Location     Type
  responseArra    1    wreg     PTR unsigned char 
		 -> main@responseArray(64), 
  charsRead       2    9[BANK1 ] int 
  line            1   11[BANK1 ] PTR unsigned char 
		 -> main@lineArray(64), 
 Auto vars:     Size  Location     Type
  responseArra    1   76[BANK0 ] PTR unsigned char 
		 -> main@responseArray(64), 
 Return value:  Size  Location     Type
                  1    wreg      void 
 Registers used:
		wreg, fsr0l, fsr0h, fsr1l, fsr1h, status,2, status,0, pclath, cstack
 Tracked objects:
		On entry : 
		On exit  : 
		Unchanged: 
 Data sizes:     COMMON   BANK0   BANK1   BANK2   BANK3   BANK4   BANK5   BANK6   BANK7   BANK8   BANK9  BANK10  BANK11  BANK12
      Params:         0       0       3       0       0       0       0       0       0       0       0       0       0       0
      Locals:         0       1       0       0       0       0       0       0       0       0       0       0       0       0
      Temps:          0       0       0       0       0       0       0       0       0       0       0       0       0       0
      Totals:         0       1       3       0       0       0       0       0       0       0       0       0       0       0
Total ram usage:        4 bytes
 Hardware stack levels used:    1
 Hardware stack levels required when called:    4
 This function calls:
		_PreMessageSetup
		_SendBtn2Message
		_WarningFlash
		_memset
		_strstr
 This function is called by:
		_main
 This function uses a non-reentrant model


 *************** function _SendBtn2Message *****************
 Defined at:
		line 160 in file "sim800at.c"
 Parameters:    Size  Location     Type
  response        1    wreg     PTR unsigned char 
		 -> main@responseArray(64), 
 Auto vars:     Size  Location     Type
  response        1   22[BANK0 ] PTR unsigned char 
		 -> main@responseArray(64), 
  intline        16    4[BANK0 ] unsigned char [16]
  charsRead       2   23[BANK0 ] int 
  totalRead       2   20[BANK0 ] int 
 Return value:  Size  Location     Type
                  2    0[BANK0 ] int 
 Registers used:
		wreg, fsr0l, fsr0h, fsr1l, fsr1h, status,2, status,0, pclath, cstack
 Tracked objects:
		On entry : 
		On exit  : 
		Unchanged: 
 Data sizes:     COMMON   BANK0   BANK1   BANK2   BANK3   BANK4   BANK5   BANK6   BANK7   BANK8   BANK9  BANK10  BANK11  BANK12
      Params:         0       2       0       0       0       0       0       0       0       0       0       0       0       0
      Locals:         0      21       0       0       0       0       0       0       0       0       0       0       0       0
      Temps:          0       2       0       0       0       0       0       0       0       0       0       0       0       0
      Totals:         0      25       0       0       0       0       0       0       0       0       0       0       0       0
Total ram usage:       25 bytes
 Hardware stack levels used:    1
 Hardware stack levels required when called:    2
 This function calls:
		_EUSART_Read_String
		_EUSART_Write_String
		_strncat
		_strncpy
 This function is called by:
		_Button2Message
 This function uses a non-reentrant model


 *************** function _Button1Message *****************
 Defined at:
		line 148 in file "main.c"
 Parameters:    Size  Location     Type
  responseArra    1    wreg     PTR unsigned char 
		 -> main@responseArray(64), 
  charsRead       2    9[BANK1 ] int 
  line            1   11[BANK1 ] PTR unsigned char 
		 -> main@lineArray(64), 
 Auto vars:     Size  Location     Type
  responseArra    1   44[BANK1 ] PTR unsigned char 
		 -> main@responseArray(64), 
  intArr         32   12[BANK1 ] unsigned char [32]
 Return value:  Size  Location     Type
                  1    wreg      void 
 Registers used:
		wreg, fsr0l, fsr0h, fsr1l, fsr1h, status,2, status,0, pclath, cstack
 Tracked objects:
		On entry : 
		On exit  : 
		Unchanged: 
 Data sizes:     COMMON   BANK0   BANK1   BANK2   BANK3   BANK4   BANK5   BANK6   BANK7   BANK8   BANK9  BANK10  BANK11  BANK12
      Params:         0       0       3       0       0       0       0       0       0       0       0       0       0       0
      Locals:         0       0      33       0       0       0       0       0       0       0       0       0       0       0
      Temps:          0       1       0       0       0       0       0       0       0       0       0       0       0       0
      Totals:         0       1      36       0       0       0       0       0       0       0       0       0       0       0
Total ram usage:       37 bytes
 Hardware stack levels used:    1
 Hardware stack levels required when called:    4
 This function calls:
		_PreMessageSetup
		_SendBtn1Message
		_WarningFlash
		_memset
		_strstr
 This function is called by:
		_main
 This function uses a non-reentrant model


 *************** function _SendBtn1Message *****************
 Defined at:
		line 135 in file "sim800at.c"
 Parameters:    Size  Location     Type
  response        1    wreg     PTR unsigned char 
		 -> Button1Message@intArr(32), 
 Auto vars:     Size  Location     Type
  response        1   22[BANK0 ] PTR unsigned char 
		 -> Button1Message@intArr(32), 
  intline        16    4[BANK0 ] unsigned char [16]
  charsRead       2   23[BANK0 ] int 
  totalRead       2   20[BANK0 ] int 
 Return value:  Size  Location     Type
                  2    0[BANK0 ] int 
 Registers used:
		wreg, fsr0l, fsr0h, fsr1l, fsr1h, status,2, status,0, pclath, cstack
 Tracked objects:
		On entry : 
		On exit  : 
		Unchanged: 
 Data sizes:     COMMON   BANK0   BANK1   BANK2   BANK3   BANK4   BANK5   BANK6   BANK7   BANK8   BANK9  BANK10  BANK11  BANK12
      Params:         0       2       0       0       0       0       0       0       0       0       0       0       0       0
      Locals:         0      21       0       0       0       0       0       0       0       0       0       0       0       0
      Temps:          0       2       0       0       0       0       0       0       0       0       0       0       0       0
      Totals:         0      25       0       0       0       0       0       0       0       0       0       0       0       0
Total ram usage:       25 bytes
 Hardware stack levels used:    1
 Hardware stack levels required when called:    2
 This function calls:
		_EUSART_Read_String
		_EUSART_Write_String
		_strncat
		_strncpy
 This function is called by:
		_Button1Message
 This function uses a non-reentrant model


 *************** function _PreMessageSetup *****************
 Defined at:
		line 115 in file "main.c"
 Parameters:    Size  Location     Type
  responseArra    1    wreg     PTR unsigned char 
		 -> main@responseArray(64), 
  charsRead       2   72[BANK0 ] int 
 Auto vars:     Size  Location     Type
  responseArra    1    8[BANK1 ] PTR unsigned char 
		 -> main@responseArray(64), 
  intArr          8    0[BANK1 ] unsigned char [8]
 Return value:  Size  Location     Type
                  1    wreg      void 
 Registers used:
		wreg, fsr0l, fsr0h, fsr1l, fsr1h, status,2, status,0, pclath, cstack
 Tracked objects:
		On entry : 
		On exit  : 
		Unchanged: 
 Data sizes:     COMMON   BANK0   BANK1   BANK2   BANK3   BANK4   BANK5   BANK6   BANK7   BANK8   BANK9  BANK10  BANK11  BANK12
      Params:         0       2       0       0       0       0       0       0       0       0       0       0       0       0
      Locals:         0       0       9       0       0       0       0       0       0       0       0       0       0       0
      Temps:          0       2       0       0       0       0       0       0       0       0       0       0       0       0
      Totals:         0       4       9       0       0       0       0       0       0       0       0       0       0       0
Total ram usage:       13 bytes
 Hardware stack levels used:    1
 Hardware stack levels required when called:    3
 This function calls:
		_SendAT
		_SendCMGF
		_SendCSCS
		_WarningFlash
		_memset
		_strstr
 This function is called by:
		_Button1Message
		_Button2Message
		_Button3Message
 This function uses a non-reentrant model


 *************** function _strstr *****************
 Defined at:
		line 143 in file "C:\Program Files (x86)\Microchip\xc8\v2.00\pic\sources\c99\common\strstr.c"
 Parameters:    Size  Location     Type
  h               2    0[BANK0 ] PTR const unsigned char 
		 -> Button1Message@intArr(32), NULL(0), PreMessageSetup@intArr(8), main@responseArray(64), 
  n               2    2[BANK0 ] PTR const unsigned char 
		 -> STR_6(4), STR_5(4), STR_4(4), STR_3(5), 
		 -> STR_2(5), STR_1(5), 
 Auto vars:     Size  Location     Type
  nl              2    4[BANK0 ] unsigned int 
 Return value:  Size  Location     Type
                  2    0[BANK0 ] PTR unsigned char 
 Registers used:
		wreg, fsr0l, fsr0h, fsr1l, fsr1h, status,2, status,0, pclath, cstack
 Tracked objects:
		On entry : 
		On exit  : 
		Unchanged: 
 Data sizes:     COMMON   BANK0   BANK1   BANK2   BANK3   BANK4   BANK5   BANK6   BANK7   BANK8   BANK9  BANK10  BANK11  BANK12
      Params:         0       4       0       0       0       0       0       0       0       0       0       0       0       0
      Locals:         0       2       0       0       0       0       0       0       0       0       0       0       0       0
      Temps:          2       0       0       0       0       0       0       0       0       0       0       0       0       0
      Totals:         2       6       0       0       0       0       0       0       0       0       0       0       0       0
Total ram usage:        8 bytes
 Hardware stack levels used:    1
 Hardware stack levels required when called:    1
 This function calls:
		_strchr
		_strlen
		_strncmp
 This function is called by:
		_PreMessageSetup
		_Button1Message
		_Button2Message
		_Button3Message
 This function uses a non-reentrant model


 *************** function _strncmp *****************
 Defined at:
		line 3 in file "C:\Program Files (x86)\Microchip\xc8\v2.00\pic\sources\c99\common\strncmp.c"
 Parameters:    Size  Location     Type
  _l              2    0[COMMON] PTR const unsigned char 
		 -> Button1Message@intArr(32), NULL(0), PreMessageSetup@intArr(8), main@responseArray(64), 
  _r              2    2[COMMON] PTR const unsigned char 
		 -> STR_6(4), STR_5(4), STR_4(4), STR_3(5), 
		 -> STR_2(5), STR_1(5), 
  n               2    4[COMMON] unsigned int 
 Auto vars:     Size  Location     Type
  r               2   10[COMMON] PTR const unsigned char 
		 -> STR_6(4), STR_5(4), STR_4(4), STR_3(5), 
		 -> STR_2(5), STR_1(5), 
  l               2    8[COMMON] PTR const unsigned char 
		 -> Button1Message@intArr(32), NULL(0), PreMessageSetup@intArr(8), main@responseArray(64), 
 Return value:  Size  Location     Type
                  2    0[COMMON] int 
 Registers used:
		wreg, fsr0l, fsr0h, fsr1l, fsr1h, status,2, status,0, pclath
 Tracked objects:
		On entry : 
		On exit  : 
		Unchanged: 
 Data sizes:     COMMON   BANK0   BANK1   BANK2   BANK3   BANK4   BANK5   BANK6   BANK7   BANK8   BANK9  BANK10  BANK11  BANK12
      Params:         6       0       0       0       0       0       0       0       0       0       0       0       0       0
      Locals:         4       0       0       0       0       0       0       0       0       0       0       0       0       0
      Temps:          2       0       0       0       0       0       0       0       0       0       0       0       0       0
      Totals:        12       0       0       0       0       0       0       0       0       0       0       0       0       0
Total ram usage:       12 bytes
 Hardware stack levels used:    1
 This function calls:
		Nothing
 This function is called by:
		_strstr
 This function uses a non-reentrant model


 *************** function _strchr *****************
 Defined at:
		line 7 in file "C:\Program Files (x86)\Microchip\xc8\v2.00\pic\sources\c99\common\strchr.c"
 Parameters:    Size  Location     Type
  s               2    0[COMMON] PTR const unsigned char 
		 -> Button1Message@intArr(32), NULL(0), PreMessageSetup@intArr(8), main@responseArray(64), 
  c               2    2[COMMON] int 
 Auto vars:     Size  Location     Type
		None
 Return value:  Size  Location     Type
                  2    0[COMMON] PTR unsigned char 
 Registers used:
		wreg, fsr1l, fsr1h, status,2, status,0
 Tracked objects:
		On entry : 
		On exit  : 
		Unchanged: 
 Data sizes:     COMMON   BANK0   BANK1   BANK2   BANK3   BANK4   BANK5   BANK6   BANK7   BANK8   BANK9  BANK10  BANK11  BANK12
      Params:         4       0       0       0       0       0       0       0       0       0       0       0       0       0
      Locals:         0       0       0       0       0       0       0       0       0       0       0       0       0       0
      Temps:          2       0       0       0       0       0       0       0       0       0       0       0       0       0
      Totals:         6       0       0       0       0       0       0       0       0       0       0       0       0       0
Total ram usage:        6 bytes
 Hardware stack levels used:    1
 This function calls:
		Nothing
 This function is called by:
		_strstr
 This function uses a non-reentrant model


 *************** function _memset *****************
 Defined at:
		line 4 in file "C:\Program Files (x86)\Microchip\xc8\v2.00\pic\sources\c99\common\memset.c"
 Parameters:    Size  Location     Type
  dest            2    0[COMMON] PTR void 
		 -> PreMessageSetup@intArr(8), main@responseArray(64), 
  c               2    2[COMMON] int 
  n               2    4[COMMON] unsigned int 
 Auto vars:     Size  Location     Type
  s               2   12[COMMON] PTR unsigned char 
		 -> PreMessageSetup@intArr(8), main@responseArray(64), 
  k               2   10[COMMON] unsigned int 
 Return value:  Size  Location     Type
                  2    0[COMMON] PTR void 
 Registers used:
		wreg, fsr1l, fsr1h, status,2, status,0
 Tracked objects:
		On entry : 
		On exit  : 
		Unchanged: 
 Data sizes:     COMMON   BANK0   BANK1   BANK2   BANK3   BANK4   BANK5   BANK6   BANK7   BANK8   BANK9  BANK10  BANK11  BANK12
      Params:         6       0       0       0       0       0       0       0       0       0       0       0       0       0
      Locals:         4       0       0       0       0       0       0       0       0       0       0       0       0       0
      Temps:          4       0       0       0       0       0       0       0       0       0       0       0       0       0
      Totals:        14       0       0       0       0       0       0       0       0       0       0       0       0       0
Total ram usage:       14 bytes
 Hardware stack levels used:    1
 This function calls:
		Nothing
 This function is called by:
		_PreMessageSetup
		_Button1Message
		_Button2Message
		_Button3Message
 This function uses a non-reentrant model


 *************** function _WarningFlash *****************
 Defined at:
		line 109 in file "main.c"
 Parameters:    Size  Location     Type
		None
 Auto vars:     Size  Location     Type
		None
 Return value:  Size  Location     Type
                  1    wreg      void 
 Registers used:
		wreg, status,2, status,0, pclath, cstack
 Tracked objects:
		On entry : 
		On exit  : 
		Unchanged: 
[...]
 Hardware stack levels used:    1
 This function calls:
		Nothing
 This function is called by:
		_WarningFlash
 This function uses a non-reentrant model


 *************** function _SendCSCS *****************
 Defined at:
		line 83 in file "sim800at.c"
 Parameters:    Size  Location     Type
  response        1    wreg     PTR unsigned char 
		 -> PreMessageSetup@intArr(8), 
 Auto vars:     Size  Location     Type
  response        1   69[BANK0 ] PTR unsigned char 
		 -> PreMessageSetup@intArr(8), 
  line           64    3[BANK0 ] unsigned char [64]
  charsRead       2   70[BANK0 ] int 
  totalRead       2   67[BANK0 ] int 
 Return value:  Size  Location     Type
                  2    0[BANK0 ] int 
 Registers used:
		wreg, fsr0l, fsr0h, fsr1l, fsr1h, status,2, status,0, pclath, cstack
 Tracked objects:
		On entry : 
		On exit  : 
		Unchanged: 
 Data sizes:     COMMON   BANK0   BANK1   BANK2   BANK3   BANK4   BANK5   BANK6   BANK7   BANK8   BANK9  BANK10  BANK11  BANK12
      Params:         0       2       0       0       0       0       0       0       0       0       0       0       0       0
      Locals:         0      69       0       0       0       0       0       0       0       0       0       0       0       0
      Temps:          0       1       0       0       0       0       0       0       0       0       0       0       0       0
      Totals:         0      72       0       0       0       0       0       0       0       0       0       0       0       0
Total ram usage:       72 bytes
 Hardware stack levels used:    1
 Hardware stack levels required when called:    2
 This function calls:
		_EUSART_Read_String
		_EUSART_Write_String
		_strncat
		_strncpy
 This function is called by:
		_PreMessageSetup
 This function uses a non-reentrant model


 *************** function _SendCMGF *****************
 Defined at:
		line 54 in file "sim800at.c"
 Parameters:    Size  Location     Type
  response        1    wreg     PTR unsigned char 
		 -> PreMessageSetup@intArr(8), 
 Auto vars:     Size  Location     Type
  response        1   69[BANK0 ] PTR unsigned char 
		 -> PreMessageSetup@intArr(8), 
  line           64    3[BANK0 ] unsigned char [64]
  charsRead       2   70[BANK0 ] int 
  totalRead       2   67[BANK0 ] int 
 Return value:  Size  Location     Type
                  2    0[BANK0 ] int 
 Registers used:
		wreg, fsr0l, fsr0h, fsr1l, fsr1h, status,2, status,0, pclath, cstack
 Tracked objects:
		On entry : 
		On exit  : 
		Unchanged: 
 Data sizes:     COMMON   BANK0   BANK1   BANK2   BANK3   BANK4   BANK5   BANK6   BANK7   BANK8   BANK9  BANK10  BANK11  BANK12
      Params:         0       2       0       0       0       0       0       0       0       0       0       0       0       0
      Locals:         0      69       0       0       0       0       0       0       0       0       0       0       0       0
      Temps:          0       1       0       0       0       0       0       0       0       0       0       0       0       0
      Totals:         0      72       0       0       0       0       0       0       0       0       0       0       0       0
Total ram usage:       72 bytes
 Hardware stack levels used:    1
 Hardware stack levels required when called:    2
 This function calls:
		_EUSART_Read_String
		_EUSART_Write_String
		_strncat
		_strncpy
 This function is called by:
		_PreMessageSetup
 This function uses a non-reentrant model


 *************** function _SendAT *****************
 Defined at:
		line 25 in file "sim800at.c"
 Parameters:    Size  Location     Type
  response        1    wreg     PTR unsigned char 
		 -> PreMessageSetup@intArr(8), 
 Auto vars:     Size  Location     Type
  response        1   69[BANK0 ] PTR unsigned char 
		 -> PreMessageSetup@intArr(8), 
  line           64    3[BANK0 ] unsigned char [64]
  charsRead       2   70[BANK0 ] int 
  totalRead       2   67[BANK0 ] int 
 Return value:  Size  Location     Type
                  2    0[BANK0 ] int 
 Registers used:
		wreg, fsr0l, fsr0h, fsr1l, fsr1h, status,2, status,0, pclath, cstack
 Tracked objects:
		On entry : 
		On exit  : 
		Unchanged: 
 Data sizes:     COMMON   BANK0   BANK1   BANK2   BANK3   BANK4   BANK5   BANK6   BANK7   BANK8   BANK9  BANK10  BANK11  BANK12
      Params:         0       2       0       0       0       0       0       0       0       0       0       0       0       0
      Locals:         0      69       0       0       0       0       0       0       0       0       0       0       0       0
      Temps:          0       1       0       0       0       0       0       0       0       0       0       0       0       0
      Totals:         0      72       0       0       0       0       0       0       0       0       0       0       0       0
Total ram usage:       72 bytes
 Hardware stack levels used:    1
 Hardware stack levels required when called:    2
 This function calls:
		_EUSART_Read_String
		_EUSART_Write_String
		_strncat
		_strncpy
 This function is called by:
		_PreMessageSetup
 This function uses a non-reentrant model


 *************** function _strncpy *****************
 Defined at:
		line 7 in file "C:\Program Files (x86)\Microchip\xc8\v2.00\pic\sources\c99\common\strncpy.c"
 Parameters:    Size  Location     Type
  d               2    0[COMMON] PTR unsigned char 
		 -> Button1Message@intArr(32), PreMessageSetup@intArr(8), main@responseArray(64), 
  s               1    2[COMMON] PTR const unsigned char 
		 -> SendBtn3Message@intline(16), SendBtn2Message@intline(16), SendBtn1Message@intline(16), SendCSCS@line(64), 
		 -> SendCMGF@line(64), SendAT@line(64), 
  n               2    3[COMMON] unsigned int 
 Auto vars:     Size  Location     Type
  cp              2    7[COMMON] PTR unsigned char 
		 -> Button1Message@intArr(32), PreMessageSetup@intArr(8), main@responseArray(64), 
 Return value:  Size  Location     Type
                  2    0[COMMON] PTR unsigned char 
 Registers used:
		wreg, fsr0l, fsr0h, fsr1l, fsr1h, status,2, status,0
 Tracked objects:
		On entry : 
		On exit  : 
		Unchanged: 
 Data sizes:     COMMON   BANK0   BANK1   BANK2   BANK3   BANK4   BANK5   BANK6   BANK7   BANK8   BANK9  BANK10  BANK11  BANK12
      Params:         5       0       0       0       0       0       0       0       0       0       0       0       0       0
      Locals:         2       0       0       0       0       0       0       0       0       0       0       0       0       0
      Temps:          2       0       0       0       0       0       0       0       0       0       0       0       0       0
      Totals:         9       0       0       0       0       0       0       0       0       0       0       0       0       0
Total ram usage:        9 bytes
 Hardware stack levels used:    1
 This function calls:
		Nothing
 This function is called by:
		_SendAT
		_SendCMGF
		_SendCSCS
		_SendBtn1Message
		_SendBtn2Message
		_SendBtn3Message
 This function uses a non-reentrant model


 *************** function _strncat *****************
 Defined at:
		line 3 in file "C:\Program Files (x86)\Microchip\xc8\v2.00\pic\sources\c99\common\strncat.c"
 Parameters:    Size  Location     Type
  d               2    6[COMMON] PTR unsigned char 
		 -> Button1Message@intArr(32), PreMessageSetup@intArr(8), main@responseArray(64), 
  s               1    8[COMMON] PTR const unsigned char 
		 -> SendBtn3Message@intline(16), SendBtn2Message@intline(16), SendBtn1Message@intline(16), SendCSCS@line(64), 
		 -> SendCMGF@line(64), SendAT@line(64), 
  n               2    9[COMMON] unsigned int 
 Auto vars:     Size  Location     Type
  a               2   12[COMMON] PTR unsigned char 
		 -> Button1Message@intArr(32), PreMessageSetup@intArr(8), main@responseArray(64), 
 Return value:  Size  Location     Type
                  2    6[COMMON] PTR unsigned char 
 Registers used:
		wreg, fsr0l, fsr0h, fsr1l, fsr1h, status,2, status,0, pclath, cstack
 Tracked objects:
		On entry : 
		On exit  : 
		Unchanged: 
 Data sizes:     COMMON   BANK0   BANK1   BANK2   BANK3   BANK4   BANK5   BANK6   BANK7   BANK8   BANK9  BANK10  BANK11  BANK12
      Params:         5       0       0       0       0       0       0       0       0       0       0       0       0       0
      Locals:         2       0       0       0       0       0       0       0       0       0       0       0       0       0
      Temps:          1       0       0       0       0       0       0       0       0       0       0       0       0       0
      Totals:         8       0       0       0       0       0       0       0       0       0       0       0       0       0
Total ram usage:        8 bytes
 Hardware stack levels used:    1
 Hardware stack levels required when called:    1
 This function calls:
		_strlen
 This function is called by:
		_SendAT
		_SendCMGF
		_SendCSCS
		_SendBtn1Message
		_SendBtn2Message
		_SendBtn3Message
 This function uses a non-reentrant model


 *************** function _strlen *****************
 Defined at:
		line 12 in file "C:\Program Files (x86)\Microchip\xc8\v2.00\pic\sources\c99\common\strlen.c"
 Parameters:    Size  Location     Type
  s               2    0[COMMON] PTR const unsigned char 
		 -> STR_6(4), STR_5(4), STR_4(4), Button1Message@intArr(32), 
		 -> STR_3(5), STR_2(5), STR_1(5), PreMessageSetup@intArr(8), 
		 -> main@responseArray(64), 
 Auto vars:     Size  Location     Type
  a               2    4[COMMON] PTR const unsigned char 
		 -> STR_6(4), STR_5(4), STR_4(4), Button1Message@intArr(32), 
		 -> STR_3(5), STR_2(5), STR_1(5), PreMessageSetup@intArr(8), 
		 -> main@responseArray(64), 
 Return value:  Size  Location     Type
                  2    0[COMMON] unsigned int 
 Registers used:
		wreg, fsr0l, fsr0h, status,2, status,0
 Tracked objects:
		On entry : 
		On exit  : 
		Unchanged: 
 Data sizes:     COMMON   BANK0   BANK1   BANK2   BANK3   BANK4   BANK5   BANK6   BANK7   BANK8   BANK9  BANK10  BANK11  BANK12
      Params:         2       0       0       0       0       0       0       0       0       0       0       0       0       0
      Locals:         2       0       0       0       0       0       0       0       0       0       0       0       0       0
      Temps:          2       0       0       0       0       0       0       0       0       0       0       0       0       0
      Totals:         6       0       0       0       0       0       0       0       0       0       0       0       0       0
Total ram usage:        6 bytes
 Hardware stack levels used:    1
 This function calls:
		Nothing
 This function is called by:
		_strncat
		_strstr
 This function uses a non-reentrant model


 *************** function _EUSART_Write_String *****************
 Defined at:
		line 110 in file "mcc_generated_files/eusart.c"
 Parameters:    Size  Location     Type
  s               2    1[COMMON] PTR unsigned char 
		 -> STR_15(7), STR_14(17), STR_13(7), STR_12(17), 
		 -> STR_11(7), STR_10(17), STR_9(16), STR_8(12), 
		 -> STR_7(5), 
 Auto vars:     Size  Location     Type
		None
 Return value:  Size  Location     Type
                  1    wreg      void 
 Registers used:
		wreg, fsr0l, fsr0h, status,2, status,0, pclath, cstack
 Tracked objects:
		On entry : 
		On exit  : 
		Unchanged: 
 Data sizes:     COMMON   BANK0   BANK1   BANK2   BANK3   BANK4   BANK5   BANK6   BANK7   BANK8   BANK9  BANK10  BANK11  BANK12
      Params:         2       0       0       0       0       0       0       0       0       0       0       0       0       0
      Locals:         0       0       0       0       0       0       0       0       0       0       0       0       0       0
      Temps:          1       0       0       0       0       0       0       0       0       0       0       0       0       0
      Totals:         3       0       0       0       0       0       0       0       0       0       0       0       0       0
Total ram usage:        3 bytes
 Hardware stack levels used:    1
 Hardware stack levels required when called:    1
 This function calls:
		_EUSART_Write
 This function is called by:
		_SendAT
		_SendCMGF
		_SendCSCS
		_SendBtn1Message
		_SendBtn2Message
		_SendBtn3Message
 This function uses a non-reentrant model


 *************** function _EUSART_Write *****************
 Defined at:
		line 103 in file "mcc_generated_files/eusart.c"
 Parameters:    Size  Location     Type
  txData          1    wreg     unsigned char 
 Auto vars:     Size  Location     Type
  txData          1    0[COMMON] unsigned char 
 Return value:  Size  Location     Type
                  1    wreg      void 
 Registers used:
		wreg
 Tracked objects:
		On entry : 
		On exit  : 
		Unchanged: 
 Data sizes:     COMMON   BANK0   BANK1   BANK2   BANK3   BANK4   BANK5   BANK6   BANK7   BANK8   BANK9  BANK10  BANK11  BANK12
      Params:         0       0       0       0       0       0       0       0       0       0       0       0       0       0
      Locals:         1       0       0       0       0       0       0       0       0       0       0       0       0       0
      Temps:          0       0       0       0       0       0       0       0       0       0       0       0       0       0
      Totals:         1       0       0       0       0       0       0       0       0       0       0       0       0       0
Total ram usage:        1 bytes
 Hardware stack levels used:    1
 This function calls:
		Nothing
 This function is called by:
		_EUSART_Write_String
 This function uses a non-reentrant model


 *************** function _EUSART_Read_String *****************
 Defined at:
		line 119 in file "mcc_generated_files/eusart.c"
 Parameters:    Size  Location     Type
  s               1    wreg     PTR unsigned char 
		 -> SendBtn3Message@intline(16), SendBtn2Message@intline(16), SendBtn1Message@intline(16), SendCSCS@line(64), 
		 -> SendCMGF@line(64), SendAT@line(64), 
  max_length      2    0[COMMON] unsigned int 
 Auto vars:     Size  Location     Type
  s               1   10[COMMON] PTR unsigned char 
		 -> SendBtn3Message@intline(16), SendBtn2Message@intline(16), SendBtn1Message@intline(16), SendCSCS@line(64), 
		 -> SendCMGF@line(64), SendAT@line(64), 
  c               1    9[COMMON] unsigned char 
  i               2    7[COMMON] int 
  seenNL          2    5[COMMON] unsigned int 
  seenCR          2    3[COMMON] unsigned int 
 Return value:  Size  Location     Type
                  2    0[COMMON] int 
 Registers used:
		wreg, fsr1l, fsr1h, status,2, status,0, pclath, cstack
 Tracked objects:
		On entry : 
		On exit  : 
		Unchanged: 
 Data sizes:     COMMON   BANK0   BANK1   BANK2   BANK3   BANK4   BANK5   BANK6   BANK7   BANK8   BANK9  BANK10  BANK11  BANK12
      Params:         2       0       0       0       0       0       0       0       0       0       0       0       0       0
      Locals:         8       0       0       0       0       0       0       0       0       0       0       0       0       0
      Temps:          1       0       0       0       0       0       0       0       0       0       0       0       0       0
      Totals:        11       0       0       0       0       0       0       0       0       0       0       0       0       0
Total ram usage:       11 bytes
 Hardware stack levels used:    1
 Hardware stack levels required when called:    1
 This function calls:
		_EUSART_Read
 This function is called by:
		_SendAT
		_SendCMGF
		_SendCSCS
		_SendBtn1Message
		_SendBtn2Message
		_SendBtn3Message
 This function uses a non-reentrant model


 *************** function _EUSART_Read *****************
 Defined at:
		line 88 in file "mcc_generated_files/eusart.c"
 Parameters:    Size  Location     Type
		None
 Auto vars:     Size  Location     Type
		None
 Return value:  Size  Location     Type
                  1    wreg      unsigned char 
 Registers used:
		wreg
 Tracked objects:
		On entry : 
		On exit  : 
		Unchanged: 
 Data sizes:     COMMON   BANK0   BANK1   BANK2   BANK3   BANK4   BANK5   BANK6   BANK7   BANK8   BANK9  BANK10  BANK11  BANK12
      Params:         0       0       0       0       0       0       0       0       0       0       0       0       0       0
      Locals:         0       0       0       0       0       0       0       0       0       0       0       0       0       0
      Temps:          0       0       0       0       0       0       0       0       0       0       0       0       0       0
      Totals:         0       0       0       0       0       0       0       0       0       0       0       0       0       0
Total ram usage:        0 bytes
 Hardware stack levels used:    1
 This function calls:
		Nothing
 This function is called by:
		_EUSART_Read_String
 This function uses a non-reentrant model



MODULE INFORMATION

Module		Function		Class		Link	Load	Size
C:\Program Files (x86)\Microchip\xc8\v2.00\pic\sources\c99\common\strncmp.c
		_strncmp       		CODE           	0362	0000	106

C:\Program Files (x86)\Microchip\xc8\v2.00\pic\sources\c99\common\strncmp.c estimated size: 106

C:\Program Files (x86)\Microchip\xc8\v2.00\pic\sources\c99\common\strncpy.c
		_strncpy       		CODE           	002B	0000	67

C:\Program Files (x86)\Microchip\xc8\v2.00\pic\sources\c99\common\strncpy.c estimated size: 67

C:\Program Files (x86)\Microchip\xc8\v2.00\pic\sources\c99\common\strlen.c
		_strlen        		CODE           	0008	0000	36

C:\Program Files (x86)\Microchip\xc8\v2.00\pic\sources\c99\common\strlen.c estimated size: 36

mcc_generated_files/pin_manager.c
		_PIN_MANAGER_Initialize		CODE           	0FDF	0000	34

mcc_generated_files/pin_manager.c estimated size: 34

C:\Program Files (x86)\Microchip\xc8\v2.00\pic\sources\c99\common\strchr.c
		_strchr        		CODE           	0FBF	0000	33

C:\Program Files (x86)\Microchip\xc8\v2.00\pic\sources\c99\common\strchr.c estimated size: 33

C:\Program Files (x86)\Microchip\xc8\v2.00\pic\sources\c99\common\memset.c
		_memset        		CODE           	06E5	0000	209

C:\Program Files (x86)\Microchip\xc8\v2.00\pic\sources\c99\common\memset.c estimated size: 209

mcc_generated_files/ext_int.c
		_EXT_INT_Initialize		CODE           	0F35	0000	2

mcc_generated_files/ext_int.c estimated size: 2

sim800at.c
		_SendCMGF      		CODE           	029C	0000	100
		_SendAT        		CODE           	0239	0000	100
		_SendCSCS      		CODE           	02FF	0000	100
		_SendBtn1Message		CODE           	056F	0000	185
		_SendBtn2Message		CODE           	043F	0000	153
		_SendBtn3Message		CODE           	04D7	0000	153

sim800at.c estimated size: 791

shared
		__initialization		CODE           	07B5	0000	73

shared estimated size: 73

mcc_generated_files/mcc.c
		_WDT_Initialize		CODE           	0004	0000	5
		_OSCILLATOR_Initialize		CODE           	0F3C	0000	9
		_SYSTEM_Initialize		CODE           	0F66	0000	17

mcc_generated_files/mcc.c estimated size: 31

C:\Program Files (x86)\Microchip\xc8\v2.00\pic\sources\c99\common\strstr.c
		_strstr        		CODE           	01DE	0000	92

C:\Program Files (x86)\Microchip\xc8\v2.00\pic\sources\c99\common\strstr.c estimated size: 92

mcc_generated_files/eusart.c
		_EUSART_Read   		CODE           	0F76	0000	18
		_EUSART_Write  		CODE           	0F4E	0000	13
		_EUSART_Write_String		CODE           	0F87	0000	26
		_EUSART_Initialize		CODE           	0F5A	0000	13
		_EUSART_Read_String		CODE           	018A	0000	85

mcc_generated_files/eusart.c estimated size: 155

main.c
		_Button1Message		CODE           	0138	0000	83
		_WarningFlash  		CODE           	0F44	0000	11
		_main          		CODE           	03CB	0000	117
		_Button3Message		CODE           	00F4	0000	69
		_FlashPin      		CODE           	0FA0	0000	32
		_Button2Message		CODE           	00B0	0000	69
		_PreMessageSetup		CODE           	0627	0000	191

main.c estimated size: 572

C:\Program Files (x86)\Microchip\xc8\v2.00\pic\sources\c99\common\strncat.c
		_strncat       		CODE           	006D	0000	68

C:\Program Files (x86)\Microchip\xc8\v2.00\pic\sources\c99\common\strncat.c estimated size: 68

