Microchip MPLAB XC8 Compiler V2.00 ()

Linker command line:

-W-3 --edf=C:\Program Files (x86)\Microchip\xc8\v2.00\pic\dat\en_msgs.txt \
  -cs -h+dist/default/production\PIC16F1765_SIM800_Control.production.sym \
  --cmf=dist/default/production\PIC16F1765_SIM800_Control.production.cmf -z \
  -Q16F1765 -oC:\Users\plj\AppData\Local\Temp\s880.2 \
  --defsym=__MPLAB_BUILD=1 \
  -Mdist/default/production/PIC16F1765_SIM800_Control.production.map -E1 \
  -ver=XC8 --acfsm=1493 -ASTACK=022C0h-023efh -pstack=STACK \
  -ACODE=00h-07FFhx4 -ASTRCODE=00h-01FFFh -ASTRING=00h-0FFhx32 \
  -ACONST=00h-0FFhx32 -AENTRY=00h-0FFhx32 -ACOMMON=070h-07Fh \
  -ABANK0=020h-06Fh -ABANK1=0A0h-0EFh -ABANK2=0120h-016Fh \
  -ABANK3=01A0h-01EFh -ABANK4=0220h-026Fh -ABANK5=02A0h-02EFh \
  -ABANK6=0320h-032Fh -ABANK7=03A0h-03EFh -ABANK8=0420h-046Fh \
  -ABANK9=04A0h-04EFh -ABANK10=0520h-056Fh -ABANK11=05A0h-05EFh \
  -ABANK12=0620h-064Fh -ABIGRAM=02000h-021EFh,02230h-023EFh \
  -ARAM=020h-06Fh,0A0h-0EFh,0120h-016Fh,01A0h-01EFh,0220h-026Fh,02A0h-02EFh,0320h-032Fh,03A0h-03EFh,0420h-046Fh,04A0h-04EFh,0520h-056Fh,05A0h-05EFh,0620h-064Fh \
  -AABS1=020h-07Fh,0A0h-0EFh,0120h-016Fh,01A0h-01EFh,0220h-026Fh,02A0h-02EFh,0320h-032Fh,03A0h-03EFh,0420h-046Fh,04A0h-04EFh,0520h-056Fh,05A0h-05EFh,0620h-064Fh \
  -ASFR0=00h-01Fh -ASFR1=080h-09Fh -ASFR2=0100h-011Fh -ASFR3=0180h-019Fh \
  -ASFR4=0200h-021Fh -ASFR5=0280h-029Fh -ASFR6=0300h-031Fh \
  -ASFR7=0380h-039Fh -ASFR8=0400h-041Fh -ASFR9=0480h-049Fh \
  -ASFR10=0500h-051Fh -ASFR11=0580h-059Fh -ASFR12=0600h-061Fh \
  -ASFR13=0680h-06EFh -ASFR14=0700h-076Fh -ASFR15=0780h-07EFh \
  -ASFR16=0800h-086Fh -ASFR17=0880h-08EFh -ASFR18=0900h-096Fh \
  -ASFR19=0980h-09EFh -ASFR20=0A00h-0A6Fh -ASFR21=0A80h-0AEFh \
  -ASFR22=0B00h-0B6Fh -ASFR23=0B80h-0BEFh -ASFR24=0C00h-0C6Fh \
  -ASFR25=0C80h-0CEFh -ASFR26=0D00h-0D6Fh -ASFR27=0D80h-0DEFh \
  -ASFR28=0E00h-0E6Fh -ASFR29=0E80h-0EEFh -ASFR30=0F00h-0F6Fh \
  -ASFR31=0F80h-0FEFh -preset_vec=00h,intentry,init,end_init -ppowerup=CODE \
  -pcinit=CODE -pfunctab=ENTRY -ACONFIG=08007h-08008h -pconfig=CONFIG \
  -DCONFIG=2 -AIDLOC=08000h-08003h -pidloc=IDLOC -DIDLOC=2 -DCODE=2 \
  -DSTRCODE=2 -DSTRING=2 -DCONST=2 -DENTRY=2 -k \
  C:\Users\plj\AppData\Local\Temp\s880.o \
  dist/default/production\PIC16F1765_SIM800_Control.production.o 

Object code version is 3.11

Machine type is 16F1765



                Name                               Link     Load   Length Selector   Space Scale
C:\Users\plj\AppData\Local\Temp\s880.o
                end_init                              2        2        2        0       0
                reset_vec                             0        0        2        0       0
                config                             8007     8007        2    1000E       0
dist/default/production\PIC16F1765_SIM800_Control.production.o
                cinit                               7D5      7D5       2B      FAA       0
                text23                              2AF      2AF       11      55E       0
                text22                              485      485       52      90A       0
                text21                              287      287        C      50E       0
                text20                              2C0      2C0       19      580       0
                text19                              319      319       29      632       0
                text18                              3BB      3BB       3F      776       0
                text17                              3FA      3FA       42      7F4       0
                text16                              4D7      4D7       63      9AE       0
                text15                              53A      53A       63      A74       0
                text14                              59D      59D       63      B3A       0
                text13                              2D9      2D9       1F      5B2       0
                text12                              27D      27D        A      4FA       0
                text11                              72B      72B       AA      E56       0
                text10                              342      342       3C      684       0
                text9                               68A      68A       A1      D14       0
                text8                               600      600       8A      C00       0
                text7                               37E      37E       3D      6FC       0
                text6                               293      293        C      526       0
                text5                               26A      26A        1      4D4       0
                text4                               275      275        8      4EA       0
                text3                               2F8      2F8       21      5F0       0
                text2                               26B      26B        4      4D6       0
                text1                               29F      29F       10      53E       0
                maintext                            43C      43C       49      878       0
                cstackBANK0                          20       20       50       20       1
                cstackCOMMON                         70       70        E       70       1
                cstackBANK1                          A0       A0       45       A0       1
                cstackBANK2                         120      120       40      120       1
                clrtext                             26F      26F        6      4DE       0
                bssBANK8                            420      420       40      420       1
                bssBANK7                            3A0      3A0       40      3A0       1
                bssBANK5                            2A0      2A0       40      2A0       1
                bssBANK4                            220      220       40      220       1
                bssBANK3                            1A0      1A0       40      1A0       1
                stringtext9                         852      852        5     1000       0
                stringtext8                         84B      84B        7     1000       0
                stringtext7                         844      844        7     1000       0
                stringtext6                         83D      83D        7     1000       0
                stringtext5                         836      836        7     1000       0
                stringtext4                         82D      82D        9     1000       0
                stringtext3                         821      821        C     1000       0
                stringtext2                         811      811       10     1000       0
                stringtext1                         800      800       11     1000       0

TOTAL           Name                               Link     Load   Length     Space
        CLASS   STACK          

        CLASS   CODE           
                end_init                              2        2        2         0
                cinit                               7D5      7D5       2B         0
                reset_vec                             0        0        2         0
                text23                              2AF      2AF       11         0
                text22                              485      485       52         0
                text21                              287      287        C         0
                text20                              2C0      2C0       19         0
                text19                              319      319       29         0
                text18                              3BB      3BB       3F         0
                text17                              3FA      3FA       42         0
                text16                              4D7      4D7       63         0
                text15                              53A      53A       63         0
                text14                              59D      59D       63         0
                text13                              2D9      2D9       1F         0
                text12                              27D      27D        A         0
                text11                              72B      72B       AA         0
                text10                              342      342       3C         0
                text9                               68A      68A       A1         0
                text8                               600      600       8A         0
                text7                               37E      37E       3D         0
                text6                               293      293        C         0
                text5                               26A      26A        1         0
                text4                               275      275        8         0
                text3                               2F8      2F8       21         0
                text2                               26B      26B        4         0
                text1                               29F      29F       10         0
                maintext                            43C      43C       49         0
                clrtext                             26F      26F        6         0

        CLASS   STRCODE        
                stringtext9                         852      852        5         0
                stringtext8                         84B      84B        7         0
                stringtext7                         844      844        7         0
                stringtext6                         83D      83D        7         0
                stringtext5                         836      836        7         0
                stringtext4                         82D      82D        9         0
                stringtext3                         821      821        C         0
                stringtext2                         811      811       10         0
                stringtext1                         800      800       11         0

        CLASS   STRING         

        CLASS   CONST          

        CLASS   ENTRY          

        CLASS   COMMON         
                cstackCOMMON                         70       70        E         1

        CLASS   BANK0          
                cstackBANK0                          20       20       50         1

        CLASS   BANK1          
                cstackBANK1                          A0       A0       45         1

        CLASS   BANK2          
                cstackBANK2                         120      120       40         1

        CLASS   BANK3          
                bssBANK3                            1A0      1A0       40         1

        CLASS   BANK4          
                bssBANK4                            220      220       40         1

        CLASS   BANK5          
                bssBANK5                            2A0      2A0       40         1

        CLASS   BANK6          

        CLASS   BANK7          
                bssBANK7                            3A0      3A0       40         1

        CLASS   BANK8          
                bssBANK8                            420      420       40         1

        CLASS   BANK9          

        CLASS   BANK10         

        CLASS   BANK11         

        CLASS   BANK12         

        CLASS   BIGRAM         

        CLASS   RAM            

        CLASS   ABS1           
                abs_s1                               7E       7E        2         1

        CLASS   SFR0           

        CLASS   SFR1           

        CLASS   SFR2           

        CLASS   SFR3           

        CLASS   SFR4           

        CLASS   SFR5           

        CLASS   SFR6           

        CLASS   SFR7           

        CLASS   SFR8           

        CLASS   SFR9           

        CLASS   SFR10          

        CLASS   SFR11          

        CLASS   SFR12          

        CLASS   SFR13          

        CLASS   SFR14          

        CLASS   SFR15          

        CLASS   SFR16          

        CLASS   SFR17          

        CLASS   SFR18          

        CLASS   SFR19          

        CLASS   SFR20          

        CLASS   SFR21          

        CLASS   SFR22          

        CLASS   SFR23          

        CLASS   SFR24          

        CLASS   SFR25          

        CLASS   SFR26          

        CLASS   SFR27          

        CLASS   SFR28          

        CLASS   SFR29          

        CLASS   SFR30          

        CLASS   SFR31          

        CLASS   CONFIG         
                config                             8007     8007        2         0

        CLASS   IDLOC          

        CLASS   BANK31         

        CLASS   BANK30         

        CLASS   BANK29         

        CLASS   BANK28         

        CLASS   BANK27         

        CLASS   BANK26         

        CLASS   BANK25         

        CLASS   BANK24         

        CLASS   BANK23         

        CLASS   BANK22         

        CLASS   BANK21         

        CLASS   BANK20         

        CLASS   BANK19         

        CLASS   BANK18         

        CLASS   BANK17         

        CLASS   BANK16         

        CLASS   BANK15         

        CLASS   BANK14         

        CLASS   BANK13         

        CLASS   EEDATA         



SEGMENTS        Name                           Load    Length   Top    Selector   Space  Class     Delta

                reset_vec                      000000  000004  000004         0       0  CODE        2
                cstackBANK0                    000020  000050  000070        20       1  BANK0       1
                cstackCOMMON                   000070  00000E  00007E        70       1  COMMON      1
                cstackBANK1                    0000A0  000045  0000E5        A0       1  BANK1       1
                cstackBANK2                    000120  000040  000160       120       1  BANK2       1
                bssBANK3                       0001A0  000040  0001E0       1A0       1  BANK3       1
                bssBANK4                       000220  000040  000260       220       1  BANK4       1
                bssBANK5                       0002A0  000040  0002E0       2A0       1  BANK5       1
                bssBANK7                       0003A0  000040  0003E0       3A0       1  BANK7       1
                bssBANK8                       000420  000040  000460       420       1  BANK8       1
                text5                          00026A  000001  00026B       4D4       0  CODE        2
                text2                          00026B  000004  00026F       4D6       0  CODE        2
                clrtext                        00026F  000006  000275       4DE       0  CODE        2
                text4                          000275  000008  00027D       4EA       0  CODE        2
                text12                         00027D  00000A  000287       4FA       0  CODE        2
                text21                         000287  00000C  000293       50E       0  CODE        2
                text6                          000293  00000C  00029F       526       0  CODE        2
                text1                          00029F  000010  0002AF       53E       0  CODE        2
                text23                         0002AF  000011  0002C0       55E       0  CODE        2
                text20                         0002C0  000019  0002D9       580       0  CODE        2
                text13                         0002D9  00001F  0002F8       5B2       0  CODE        2
                text3                          0002F8  000021  000319       5F0       0  CODE        2
                text19                         000319  000029  000342       632       0  CODE        2
                text10                         000342  00003C  00037E       684       0  CODE        2
                text7                          00037E  00003D  0003BB       6FC       0  CODE        2
                text18                         0003BB  00003F  0003FA       776       0  CODE        2
                text17                         0003FA  000042  00043C       7F4       0  CODE        2
                maintext                       00043C  000049  000485       878       0  CODE        2
                text22                         000485  000052  0004D7       90A       0  CODE        2
                text16                         0004D7  000063  00053A       9AE       0  CODE        2
                text15                         00053A  000063  00059D       A74       0  CODE        2
                text14                         00059D  000063  000600       B3A       0  CODE        2
                text8                          000600  00008A  00068A       C00       0  CODE        2
                text9                          00068A  0000A1  00072B       D14       0  CODE        2
                text11                         00072B  0000AA  0007D5       E56       0  CODE        2
                cinit                          0007D5  00002B  000800       FAA       0  CODE        2
                stringtext1                    000800  000057  000857      1000       0  STRCODE     2
                config                         008007  000002  008009     1000E       0  CONFIG      2


UNUSED ADDRESS RANGES

        Name                Unused          Largest block    Delta
        BANK1            000E5-000EF               B           1
        BANK10           00520-0056F              50           1
        BANK11           005A0-005EF              50           1
        BANK12           00620-0064F              30           1
        BANK2            00160-0016F              10           1
        BANK3            001E0-001EF              10           1
        BANK4            00260-0026F              10           1
        BANK5            002E0-002EF              10           1
        BANK6            00320-0032F              10           1
        BANK7            003E0-003EF              10           1
        BANK8            00460-0046F              10           1
        BANK9            004A0-004EF              50           1
        BIGRAM           02000-021EF             1F0           1
                         02230-023EF             1C0
        CODE             00004-00269             266           2
                         00857-01FFF             800
        CONST            00004-00269             100           2
                         00857-01FFF             100
        ENTRY            00004-00269             100           2
                         00857-01FFF             100
        IDLOC            08000-08003               4           2
        RAM              000E5-000EF               B           1
                         00160-0016F              10
                         001E0-001EF              10
                         00260-0026F              10
                         002E0-002EF              10
                         00320-0032F              10
                         003E0-003EF              10
                         00460-0046F              10
                         004A0-004EF              50
                         00520-0056F              50
                         005A0-005EF              50
                         00620-0064F              30
        SFR0             00000-0001F              20           1
        SFR1             00080-0009F              20           1
        SFR10            00500-0051F              20           1
        SFR11            00580-0059F              20           1
        SFR12            00600-0061F              20           1
        SFR13            00680-006EF              70           1
        SFR14            00700-0076F              70           1
        SFR15            00780-007EF              70           1
        SFR16            00800-0086F              70           1
        SFR17            00880-008EF              70           1
        SFR18            00900-0096F              70           1
        SFR19            00980-009EF              70           1
        SFR2             00100-0011F              20           1
        SFR20            00A00-00A6F              70           1
        SFR21            00A80-00AEF              70           1
        SFR22            00B00-00B6F              70           1
        SFR23            00B80-00BEF              70           1
        SFR24            00C00-00C6F              70           1
        SFR25            00C80-00CEF              70           1
        SFR26            00D00-00D6F              70           1
        SFR27            00D80-00DEF              70           1
        SFR28            00E00-00E6F              70           1
        SFR29            00E80-00EEF              70           1
        SFR3             00180-0019F              20           1
        SFR30            00F00-00F6F              70           1
        SFR31            00F80-00FEF              70           1
        SFR4             00200-0021F              20           1
        SFR5             00280-0029F              20           1
        SFR6             00300-0031F              20           1
        SFR7             00380-0039F              20           1
        SFR8             00400-0041F              20           1
        SFR9             00480-0049F              20           1
        STACK            022C0-023EF             130           1
        STRCODE          00004-00269             266           2
                         00857-01FFF            17A9
        STRING           00004-00269             100           2
                         00857-01FFF             100

                                  Symbol Table

?_EUSART_Read_String             cstackCOMMON 00070
?_SendAT                         cstackBANK0  00020
?_SendBtn1Message                cstackCOMMON 0007C
?_SendCMGF                       cstackBANK0  00020
?_SendCSCS                       cstackBANK0  00020
?_strcmp                         cstackCOMMON 00070
?_strlen                         cstackCOMMON 00070
Button1Message@charsRead         cstackBANK0  0006D
Button1Message@line              cstackBANK0  0006F
Button1Message@responseArray     cstackBANK1  000A1
EUSART_Read_String@c             cstackCOMMON 0007B
EUSART_Read_String@i             cstackCOMMON 00079
EUSART_Read_String@max_length    cstackCOMMON 00072
EUSART_Read_String@s             cstackCOMMON 00070
EUSART_Read_String@seenCR        cstackCOMMON 00075
EUSART_Read_String@seenNL        cstackCOMMON 00077
EUSART_Write@txData              cstackCOMMON 00070
EUSART_Write_String@s            cstackCOMMON 00071
PreMessageSetup@charsRead        cstackBANK0  00068
PreMessageSetup@responseArray    cstackBANK0  0006C
SendAT@F6746                     bssBANK5     002A0
SendAT@charsRead                 cstackBANK0  00066
SendAT@line                      cstackBANK0  00023
SendAT@response                  cstackBANK0  00065
SendAT@totalRead                 cstackBANK0  00063
SendBtn1Message@charsRead        cstackBANK0  00025
SendBtn1Message@line             cstackCOMMON 0007C
SendBtn1Message@response         cstackBANK0  00024
SendBtn1Message@totalRead        cstackBANK0  00022
SendCMGF@F6752                   bssBANK7     003A0
SendCMGF@charsRead               cstackBANK0  00066
SendCMGF@line                    cstackBANK0  00023
SendCMGF@response                cstackBANK0  00065
SendCMGF@totalRead               cstackBANK0  00063
SendCSCS@F6758                   bssBANK8     00420
SendCSCS@charsRead               cstackBANK0  00066
SendCSCS@line                    cstackBANK0  00023
SendCSCS@response                cstackBANK0  00065
SendCSCS@totalRead               cstackBANK0  00063
_ANSELA                          (abs)        0018C
_ANSELC                          (abs)        0018E
_BAUD1CON                        (abs)        0019F
_BORCON                          (abs)        0021D
_Button1Message                  text7        0037E
_EUSART_Initialize               text6        00293
_EUSART_Read                     text23       002AF
_EUSART_Read_String              text22       00485
_EUSART_Write                    text21       00287
_EUSART_Write_String             text20       002C0
_EXT_INT_Initialize              text5        0026A
_FlashPin                        text13       002D9
_LATA                            (abs)        0010C
_LATAbits                        (abs)        0010C
_LATC                            (abs)        0010E
_ODCONA                          (abs)        0028C
_ODCONC                          (abs)        0028E
_OPTION_REGbits                  (abs)        00095
_OSCCON                          (abs)        00099
_OSCILLATOR_Initialize           text4        00275
_OSCSTAT                         (abs)        0009A
_OSCTUNE                         (abs)        00098
_PIN_MANAGER_Initialize          text3        002F8
_PIR1bits                        (abs)        00011
_PORTCbits                       (abs)        0000E
_PreMessageSetup                 text9        0068A
_RC1REG                          (abs)        00199
_RC1STA                          (abs)        0019D
_RC1STAbits                      (abs)        0019D
_RC4PPS                          (abs)        00EA4
_RXPPS                           (abs)        00E24
_SLRCONA                         (abs)        0030C
_SLRCONC                         (abs)        0030E
_SPBRGH                          (abs)        0019C
_SPBRGL                          (abs)        0019B
_SYSTEM_Initialize               text1        0029F
_SendAT                          text16       004D7
_SendBtn1Message                 text8        00600
_SendCMGF                        text15       0053A
_SendCSCS                        text14       0059D
_TRISA                           (abs)        0008C
_TRISC                           (abs)        0008E
_TX1REG                          (abs)        0019A
_TX1STA                          (abs)        0019E
_TX1STAbits                      (abs)        0019E
_WDTCON                          (abs)        00097
_WDT_Initialize                  text2        0026B
_WPUA                            (abs)        0020C
_WPUC                            (abs)        0020E
_WarningFlash                    text12       0027D
__CFG_BOREN$ON                   (abs)        00000
__CFG_BORV$LO                    (abs)        00000
__CFG_CLKOUTEN$OFF               (abs)        00000
__CFG_CP$OFF                     (abs)        00000
__CFG_FCMEN$ON                   (abs)        00000
__CFG_FOSC$INTOSC                (abs)        00000
__CFG_IESO$ON                    (abs)        00000
__CFG_LPBOR$OFF                  (abs)        00000
__CFG_LVP$ON                     (abs)        00000
__CFG_MCLRE$ON                   (abs)        00000
__CFG_PLLEN$OFF                  (abs)        00000
__CFG_PPS1WAY$ON                 (abs)        00000
__CFG_PWRTE$OFF                  (abs)        00000
__CFG_STVREN$ON                  (abs)        00000
__CFG_WDTE$OFF                   (abs)        00000
__CFG_WRT$OFF                    (abs)        00000
__CFG_ZCD$OFF                    (abs)        00000
__Habs1                          abs1         00000
__Hbank0                         bank0        00000
__Hbank1                         bank1        00000
__Hbank10                        bank10       00000
__Hbank11                        bank11       00000
__Hbank12                        bank12       00000
__Hbank13                        bank13       00000
__Hbank14                        bank14       00000
__Hbank15                        bank15       00000
__Hbank16                        bank16       00000
__Hbank17                        bank17       00000
__Hbank18                        bank18       00000
__Hbank19                        bank19       00000
__Hbank2                         bank2        00000
__Hbank20                        bank20       00000
__Hbank21                        bank21       00000
__Hbank22                        bank22       00000
__Hbank23                        bank23       00000
__Hbank24                        bank24       00000
__Hbank25                        bank25       00000
__Hbank26                        bank26       00000
__Hbank27                        bank27       00000
__Hbank28                        bank28       00000
__Hbank29                        bank29       00000
__Hbank3                         bank3        00000
__Hbank30                        bank30       00000
__Hbank31                        bank31       00000
__Hbank4                         bank4        00000
__Hbank5                         bank5        00000
__Hbank6                         bank6        00000
__Hbank7                         bank7        00000
__Hbank8                         bank8        00000
__Hbank9                         bank9        00000
__Hbigram                        bigram       00000
__HbssBANK3                      bssBANK3     00000
__HbssBANK4                      bssBANK4     00000
__HbssBANK5                      bssBANK5     00000
__HbssBANK7                      bssBANK7     00000
__HbssBANK8                      bssBANK8     00000
__Hcinit                         cinit        00800
__Hclrtext                       clrtext      00000
__Hcode                          code         00000
__Hcommon                        common       00000
__Hconfig                        config       08009
__HcstackBANK0                   cstackBANK0  00000
__HcstackBANK1                   cstackBANK1  00000
__HcstackBANK2                   cstackBANK2  00000
__HcstackCOMMON                  cstackCOMMON 00000
__Heeprom_data                   eeprom_data  00000
__Hend_init                      end_init     00004
__Hfunctab                       functab      00000
__Hidloc                         idloc        00000
__Hinit                          init         00002
__Hintentry                      intentry     00002
__Hmaintext                      maintext     00000
__Hpowerup                       powerup      00000
__Hram                           ram          00000
__Hreset_vec                     reset_vec    00002
__Hsfr0                          sfr0         00000
__Hsfr1                          sfr1         00000
__Hsfr10                         sfr10        00000
__Hsfr11                         sfr11        00000
__Hsfr12                         sfr12        00000
__Hsfr13                         sfr13        00000
__Hsfr14                         sfr14        00000
__Hsfr15                         sfr15        00000
__Hsfr16                         sfr16        00000
__Hsfr17                         sfr17        00000
__Hsfr18                         sfr18        00000
__Hsfr19                         sfr19        00000
__Hsfr2                          sfr2         00000
__Hsfr20                         sfr20        00000
__Hsfr21                         sfr21        00000
__Hsfr22                         sfr22        00000
__Hsfr23                         sfr23        00000
__Hsfr24                         sfr24        00000
__Hsfr25                         sfr25        00000
__Hsfr26                         sfr26        00000
__Hsfr27                         sfr27        00000
__Hsfr28                         sfr28        00000
__Hsfr29                         sfr29        00000
__Hsfr3                          sfr3         00000
__Hsfr30                         sfr30        00000
__Hsfr31                         sfr31        00000
__Hsfr4                          sfr4         00000
__Hsfr5                          sfr5         00000
__Hsfr6                          sfr6         00000
__Hsfr7                          sfr7         00000
__Hsfr8                          sfr8         00000
__Hsfr9                          sfr9         00000
__Hspace_0                       (abs)        08009
__Hspace_1                       (abs)        00460
__Hspace_2                       (abs)        00000
__Hspace_3                       (abs)        00000
__Hstack                         stack        00000
__Hstrings                       strings      00000
__Hstringtext1                   stringtext1  00000
__Hstringtext10                  stringtext10 00000
__Hstringtext2                   stringtext2  00000
__Hstringtext3                   stringtext3  00000
__Hstringtext4                   stringtext4  00000
__Hstringtext5                   stringtext5  00000
__Hstringtext6                   stringtext6  00000
__Hstringtext7                   stringtext7  00000
__Hstringtext8                   stringtext8  00000
__Hstringtext9                   stringtext9  00000
__Htext                          text         00000
__Labs1                          abs1         00000
__Lbank0                         bank0        00000
__Lbank1                         bank1        00000
__Lbank10                        bank10       00000
__Lbank11                        bank11       00000
__Lbank12                        bank12       00000
__Lbank13                        bank13       00000
__Lbank14                        bank14       00000
__Lbank15                        bank15       00000
__Lbank16                        bank16       00000
__Lbank17                        bank17       00000
__Lbank18                        bank18       00000
__Lbank19                        bank19       00000
__Lbank2                         bank2        00000
__Lbank20                        bank20       00000
__Lbank21                        bank21       00000
__Lbank22                        bank22       00000
__Lbank23                        bank23       00000
__Lbank24                        bank24       00000
__Lbank25                        bank25       00000
__Lbank26                        bank26       00000
__Lbank27                        bank27       00000
__Lbank28                        bank28       00000
__Lbank29                        bank29       00000
__Lbank3                         bank3        00000
__Lbank30                        bank30       00000
__Lbank31                        bank31       00000
__Lbank4                         bank4        00000
__Lbank5                         bank5        00000
__Lbank6                         bank6        00000
__Lbank7                         bank7        00000
__Lbank8                         bank8        00000
__Lbank9                         bank9        00000
__Lbigram                        bigram       00000
__LbssBANK3                      bssBANK3     00000
__LbssBANK4                      bssBANK4     00000
__LbssBANK5                      bssBANK5     00000
__LbssBANK7                      bssBANK7     00000
__LbssBANK8                      bssBANK8     00000
__Lcinit                         cinit        007D5
__Lclrtext                       clrtext      00000
__Lcode                          code         00000
__Lcommon                        common       00000
__Lconfig                        config       08007
__LcstackBANK0                   cstackBANK0  00000
__LcstackBANK1                   cstackBANK1  00000
__LcstackBANK2                   cstackBANK2  00000
__LcstackCOMMON                  cstackCOMMON 00000
__Leeprom_data                   eeprom_data  00000
__Lend_init                      end_init     00002
__Lfunctab                       functab      00000
__Lidloc                         idloc        00000
__Linit                          init         00002
__Lintentry                      intentry     00002
__Lmaintext                      maintext     00000
__Lpowerup                       powerup      00000
__Lram                           ram          00000
__Lreset_vec                     reset_vec    00000
__Lsfr0                          sfr0         00000
__Lsfr1                          sfr1         00000
__Lsfr10                         sfr10        00000
__Lsfr11                         sfr11        00000
__Lsfr12                         sfr12        00000
__Lsfr13                         sfr13        00000
__Lsfr14                         sfr14        00000
__Lsfr15                         sfr15        00000
__Lsfr16                         sfr16        00000
__Lsfr17                         sfr17        00000
__Lsfr18                         sfr18        00000
__Lsfr19                         sfr19        00000
__Lsfr2                          sfr2         00000
__Lsfr20                         sfr20        00000
__Lsfr21                         sfr21        00000
__Lsfr22                         sfr22        00000
__Lsfr23                         sfr23        00000
__Lsfr24                         sfr24        00000
__Lsfr25                         sfr25        00000
__Lsfr26                         sfr26        00000
__Lsfr27                         sfr27        00000
__Lsfr28                         sfr28        00000
__Lsfr29                         sfr29        00000
__Lsfr3                          sfr3         00000
__Lsfr30                         sfr30        00000
__Lsfr31                         sfr31        00000
__Lsfr4                          sfr4         00000
__Lsfr5                          sfr5         00000
__Lsfr6                          sfr6         00000
__Lsfr7                          sfr7         00000
__Lsfr8                          sfr8         00000
__Lsfr9                          sfr9         00000
__Lspace_0                       (abs)        00000
__Lspace_1                       (abs)        00000
__Lspace_2                       (abs)        00000
__Lspace_3                       (abs)        00000
__Lstack                         stack        00000
__Lstrings                       strings      00000
__Lstringtext1                   stringtext1  00000
__Lstringtext10                  stringtext10 00000
__Lstringtext2                   stringtext2  00000
__Lstringtext3                   stringtext3  00000
__Lstringtext4                   stringtext4  00000
__Lstringtext5                   stringtext5  00000
__Lstringtext6                   stringtext6  00000
__Lstringtext7                   stringtext7  00000
__Lstringtext8                   stringtext8  00000
__Lstringtext9                   stringtext9  00000
__Ltext                          text         00000
__S0                             (abs)        08009
__S1                             (abs)        00460
__S2                             (abs)        00000
___int_sp                        stack        00000
___latbits                       (abs)        00002
___sp                            stack        00000
__end_of_Button1Message          text7        003BB
__end_of_EUSART_Initialize       text6        0029F
__end_of_EUSART_Read             text23       002C0
__end_of_EUSART_Read_String      text22       004D7
__end_of_EUSART_Write            text21       00293
__end_of_EUSART_Write_String     text20       002D9
__end_of_EXT_INT_Initialize      text5        0026B
__end_of_FlashPin                text13       002F8
__end_of_OSCILLATOR_Initialize   text4        0027D
__end_of_PIN_MANAGER_Initialize  text3        00319
__end_of_PreMessageSetup         text9        0072B
__end_of_SYSTEM_Initialize       text1        002AF
__end_of_SendAT                  text16       0053A
__end_of_SendBtn1Message         text8        0068A
__end_of_SendCMGF                text15       0059D
__end_of_SendCSCS                text14       00600
__end_of_WDT_Initialize          text2        0026F
__end_of_WarningFlash            text12       00287
__end_of__initialization         cinit        007FD
__end_of_main                    maintext     00485
__end_of_memset                  text11       007D5
__end_of_strcmp                  text10       0037E
__end_of_strlen                  text19       00342
__end_of_strncat                 text18       003FA
__end_of_strncpy                 text17       0043C
__initialization                 cinit        007D5
__pbssBANK3                      bssBANK3     001A0
__pbssBANK4                      bssBANK4     00220
__pbssBANK5                      bssBANK5     002A0
__pbssBANK7                      bssBANK7     003A0
__pbssBANK8                      bssBANK8     00420
__pcstackBANK0                   cstackBANK0  00020
__pcstackBANK1                   cstackBANK1  000A0
__pcstackBANK2                   cstackBANK2  00120
__pcstackCOMMON                  cstackCOMMON 00070
__pmaintext                      maintext     0043C
__pstringtext1                   stringtext1  00800
__pstringtext10                  stringtext10 00000
__pstringtext2                   stringtext2  00811
__pstringtext3                   stringtext3  00821
__pstringtext4                   stringtext4  0082D
__pstringtext5                   stringtext5  00836
__pstringtext6                   stringtext6  0083D
__pstringtext7                   stringtext7  00844
__pstringtext8                   stringtext8  0084B
__pstringtext9                   stringtext9  00852
__ptext1                         text1        0029F
__ptext10                        text10       00342
__ptext11                        text11       0072B
__ptext12                        text12       0027D
__ptext13                        text13       002D9
__ptext14                        text14       0059D
__ptext15                        text15       0053A
__ptext16                        text16       004D7
__ptext17                        text17       003FA
__ptext18                        text18       003BB
__ptext19                        text19       00319
__ptext2                         text2        0026B
__ptext20                        text20       002C0
__ptext21                        text21       00287
__ptext22                        text22       00485
__ptext23                        text23       002AF
__ptext3                         text3        002F8
__ptext4                         text4        00275
__ptext5                         text5        0026A
__ptext6                         text6        00293
__ptext7                         text7        0037E
__ptext8                         text8        00600
__ptext9                         text9        0068A
__size_of_Button1Message         (abs)        00000
__size_of_EUSART_Initialize      (abs)        00000
__size_of_EUSART_Read            (abs)        00000
__size_of_EUSART_Read_String     (abs)        00000
__size_of_EUSART_Write           (abs)        00000
__size_of_EUSART_Write_String    (abs)        00000
__size_of_EXT_INT_Initialize     (abs)        00000
__size_of_FlashPin               (abs)        00000
__size_of_OSCILLATOR_Initialize  (abs)        00000
__size_of_PIN_MANAGER_Initialize (abs)        00000
__size_of_PreMessageSetup        (abs)        00000
__size_of_SYSTEM_Initialize      (abs)        00000
__size_of_SendAT                 (abs)        00000
__size_of_SendBtn1Message        (abs)        00000
__size_of_SendCMGF               (abs)        00000
__size_of_SendCSCS               (abs)        00000
__size_of_WDT_Initialize         (abs)        00000
__size_of_WarningFlash           (abs)        00000
__size_of_main                   (abs)        00000
__size_of_memset                 (abs)        00000
__size_of_strcmp                 (abs)        00000
__size_of_strlen                 (abs)        00000
__size_of_strncat                (abs)        00000
__size_of_strncpy                (abs)        00000
_main                            maintext     0043C
_memset                          text11       0072B
_strcmp                          text10       00342
_strlen                          text19       00319
_strncat                         text18       003BB
_strncpy                         text17       003FA
btemp                            (abs)        0007E
clear_ram0                       clrtext      0026F
end_of_initialization            cinit        007FD
intlevel0                        functab      00000
intlevel1                        functab      00000
intlevel2                        functab      00000
intlevel3                        functab      00000
intlevel4                        functab      00000
intlevel5                        functab      00000
main@F7078                       bssBANK3     001A0
main@F7080                       bssBANK4     00220
main@charsRead                   cstackBANK1  000E3
main@lineArray                   cstackBANK2  00120
main@responseArray               cstackBANK1  000A3
memset@c                         cstackCOMMON 00070
memset@dest                      cstackCOMMON 00078
memset@k                         cstackCOMMON 00076
memset@n                         cstackCOMMON 00072
memset@s                         cstackCOMMON 00079
reset_vec                        reset_vec    00000
stackhi                          (abs)        023EF
stacklo                          (abs)        022C0
start                            init         00002
start_initialization             cinit        007D5
strcmp@l                         cstackCOMMON 00074
strcmp@r                         cstackCOMMON 00070
strlen@a                         cstackCOMMON 00076
strlen@s                         cstackCOMMON 00077
strncat@a                        cstackCOMMON 0007C
strncat@d                        cstackCOMMON 0007D
strncat@n                        cstackCOMMON 00079
strncat@s                        cstackCOMMON 00078
strncpy@cp                       cstackCOMMON 00076
strncpy@d                        cstackCOMMON 00077
strncpy@n                        cstackCOMMON 00072
strncpy@s                        cstackCOMMON 00070
wtemp0                           (abs)        0007E


FUNCTION INFORMATION:

 *************** function _main *****************
 Defined at:
		line 67 in file "main.c"
 Parameters:    Size  Location     Type
		None
 Auto vars:     Size  Location     Type
  responseArra   64    3[BANK1 ] unsigned char [64]
  lineArray      64    0[BANK2 ] unsigned char [64]
  charsRead       2   67[BANK1 ] int 
 Return value:  Size  Location     Type
                  1    wreg      void 
 Registers used:
		wreg, fsr0l, fsr0h, fsr1l, fsr1h, status,2, status,0, pclath, cstack
 Tracked objects:
		On entry : 
		On exit  : 
		Unchanged: 
 Data sizes:     COMMON   BANK0   BANK1   BANK2   BANK3   BANK4   BANK5   BANK6   BANK7   BANK8   BANK9  BANK10  BANK11  BANK12
      Params:         0       0       0       0       0       0       0       0       0       0       0       0       0       0
      Locals:         0       0      66      64       0       0       0       0       0       0       0       0       0       0
      Temps:          0       0       1       0       0       0       0       0       0       0       0       0       0       0
      Totals:         0       0      67      64       0       0       0       0       0       0       0       0       0       0
Total ram usage:      131 bytes
 Hardware stack levels required when called:    5
 This function calls:
		_Button1Message
		_SYSTEM_Initialize
 This function is called by:
		Startup code after reset
 This function uses a non-reentrant model


 *************** function _SYSTEM_Initialize *****************
 Defined at:
		line 50 in file "mcc_generated_files/mcc.c"
 Parameters:    Size  Location     Type
		None
 Auto vars:     Size  Location     Type
		None
 Return value:  Size  Location     Type
                  1    wreg      void 
 Registers used:
		wreg, status,2, status,0, pclath, cstack
 Tracked objects:
		On entry : 
		On exit  : 
		Unchanged: 
 Data sizes:     COMMON   BANK0   BANK1   BANK2   BANK3   BANK4   BANK5   BANK6   BANK7   BANK8   BANK9  BANK10  BANK11  BANK12
      Params:         0       0       0       0       0       0       0       0       0       0       0       0       0       0
      Locals:         0       0       0       0       0       0       0       0       0       0       0       0       0       0
      Temps:          0       0       0       0       0       0       0       0       0       0       0       0       0       0
      Totals:         0       0       0       0       0       0       0       0       0       0       0       0       0       0
Total ram usage:        0 bytes
 Hardware stack levels used:    1
 Hardware stack levels required when called:    1
 This function calls:
		_EUSART_Initialize
		_EXT_INT_Initialize
		_OSCILLATOR_Initialize
		_PIN_MANAGER_Initialize
		_WDT_Initialize
 This function is called by:
		_main
 This function uses a non-reentrant model


 *************** function _WDT_Initialize *****************
 Defined at:
		line 72 in file "mcc_generated_files/mcc.c"
 Parameters:    Size  Location     Type
		None
 Auto vars:     Size  Location     Type
		None
 Return value:  Size  Location     Type
                  1    wreg      void 
 Registers used:
		wreg
 Tracked objects:
		On entry : 
		On exit  : 
		Unchanged: 
 Data sizes:     COMMON   BANK0   BANK1   BANK2   BANK3   BANK4   BANK5   BANK6   BANK7   BANK8   BANK9  BANK10  BANK11  BANK12
      Params:         0       0       0       0       0       0       0       0       0       0       0       0       0       0
      Locals:         0       0       0       0       0       0       0       0       0       0       0       0       0       0
      Temps:          0       0       0       0       0       0       0       0       0       0       0       0       0       0
      Totals:         0       0       0       0       0       0       0       0       0       0       0       0       0       0
Total ram usage:        0 bytes
 Hardware stack levels used:    1
 This function calls:
		Nothing
 This function is called by:
		_SYSTEM_Initialize
 This function uses a non-reentrant model


 *************** function _PIN_MANAGER_Initialize *****************
 Defined at:
		line 57 in file "mcc_generated_files/pin_manager.c"
 Parameters:    Size  Location     Type
		None
 Auto vars:     Size  Location     Type
		None
 Return value:  Size  Location     Type
                  1    wreg      void 
 Registers used:
		wreg, status,2
 Tracked objects:
		On entry : 
		On exit  : 
		Unchanged: 
 Data sizes:     COMMON   BANK0   BANK1   BANK2   BANK3   BANK4   BANK5   BANK6   BANK7   BANK8   BANK9  BANK10  BANK11  BANK12
      Params:         0       0       0       0       0       0       0       0       0       0       0       0       0       0
      Locals:         0       0       0       0       0       0       0       0       0       0       0       0       0       0
      Temps:          0       0       0       0       0       0       0       0       0       0       0       0       0       0
      Totals:         0       0       0       0       0       0       0       0       0       0       0       0       0       0
Total ram usage:        0 bytes
 Hardware stack levels used:    1
 This function calls:
		Nothing
 This function is called by:
		_SYSTEM_Initialize
 This function uses a non-reentrant model


 *************** function _OSCILLATOR_Initialize *****************
 Defined at:
		line 60 in file "mcc_generated_files/mcc.c"
 Parameters:    Size  Location     Type
		None
 Auto vars:     Size  Location     Type
		None
 Return value:  Size  Location     Type
                  1    wreg      void 
 Registers used:
		wreg, status,2
 Tracked objects:
		On entry : 
		On exit  : 
		Unchanged: 
 Data sizes:     COMMON   BANK0   BANK1   BANK2   BANK3   BANK4   BANK5   BANK6   BANK7   BANK8   BANK9  BANK10  BANK11  BANK12
      Params:         0       0       0       0       0       0       0       0       0       0       0       0       0       0
      Locals:         0       0       0       0       0       0       0       0       0       0       0       0       0       0
      Temps:          0       0       0       0       0       0       0       0       0       0       0       0       0       0
      Totals:         0       0       0       0       0       0       0       0       0       0       0       0       0       0
Total ram usage:        0 bytes
 Hardware stack levels used:    1
 This function calls:
		Nothing
 This function is called by:
		_SYSTEM_Initialize
 This function uses a non-reentrant model


 *************** function _EXT_INT_Initialize *****************
 Defined at:
		line 32 in file "mcc_generated_files/ext_int.c"
 Parameters:    Size  Location     Type
		None
 Auto vars:     Size  Location     Type
		None
 Return value:  Size  Location     Type
                  1    wreg      void 
 Registers used:
		None
 Tracked objects:
		On entry : 
		On exit  : 
		Unchanged: 
 Data sizes:     COMMON   BANK0   BANK1   BANK2   BANK3   BANK4   BANK5   BANK6   BANK7   BANK8   BANK9  BANK10  BANK11  BANK12
      Params:         0       0       0       0       0       0       0       0       0       0       0       0       0       0
      Locals:         0       0       0       0       0       0       0       0       0       0       0       0       0       0
      Temps:          0       0       0       0       0       0       0       0       0       0       0       0       0       0
      Totals:         0       0       0       0       0       0       0       0       0       0       0       0       0       0
Total ram usage:        0 bytes
 Hardware stack levels used:    1
 This function calls:
		Nothing
 This function is called by:
		_SYSTEM_Initialize
 This function uses a non-reentrant model


 *************** function _EUSART_Initialize *****************
 Defined at:
		line 55 in file "mcc_generated_files/eusart.c"
 Parameters:    Size  Location     Type
		None
 Auto vars:     Size  Location     Type
		None
 Return value:  Size  Location     Type
                  1    wreg      void 
 Registers used:
		wreg
 Tracked objects:
		On entry : 
		On exit  : 
		Unchanged: 
 Data sizes:     COMMON   BANK0   BANK1   BANK2   BANK3   BANK4   BANK5   BANK6   BANK7   BANK8   BANK9  BANK10  BANK11  BANK12
      Params:         0       0       0       0       0       0       0       0       0       0       0       0       0       0
      Locals:         0       0       0       0       0       0       0       0       0       0       0       0       0       0
      Temps:          0       0       0       0       0       0       0       0       0       0       0       0       0       0
      Totals:         0       0       0       0       0       0       0       0       0       0       0       0       0       0
Total ram usage:        0 bytes
 Hardware stack levels used:    1
 This function calls:
		Nothing
 This function is called by:
		_SYSTEM_Initialize
 This function uses a non-reentrant model


 *************** function _Button1Message *****************
 Defined at:
		line 139 in file "main.c"
 Parameters:    Size  Location     Type
  responseArra    1    wreg     PTR unsigned char 
		 -> main@responseArray(64), 
  charsRead       2   77[BANK0 ] int 
  line            1   79[BANK0 ] PTR unsigned char 
		 -> main@lineArray(64), 
 Auto vars:     Size  Location     Type
  responseArra    1    1[BANK1 ] PTR unsigned char 
		 -> main@responseArray(64), 
 Return value:  Size  Location     Type
                  1    wreg      void 
 Registers used:
		wreg, fsr0l, fsr0h, fsr1l, fsr1h, status,2, status,0, pclath, cstack
 Tracked objects:
		On entry : 
		On exit  : 
		Unchanged: 
 Data sizes:     COMMON   BANK0   BANK1   BANK2   BANK3   BANK4   BANK5   BANK6   BANK7   BANK8   BANK9  BANK10  BANK11  BANK12
      Params:         0       3       0       0       0       0       0       0       0       0       0       0       0       0
      Locals:         0       0       1       0       0       0       0       0       0       0       0       0       0       0
      Temps:          0       0       1       0       0       0       0       0       0       0       0       0       0       0
      Totals:         0       3       2       0       0       0       0       0       0       0       0       0       0       0
Total ram usage:        5 bytes
 Hardware stack levels used:    1
 Hardware stack levels required when called:    4
 This function calls:
		_PreMessageSetup
		_SendBtn1Message
		_WarningFlash
		_memset
		_strcmp
 This function is called by:
		_main
 This function uses a non-reentrant model


 *************** function _SendBtn1Message *****************
 Defined at:
		line 135 in file "sim800at.c"
 Parameters:    Size  Location     Type
  response        1    wreg     PTR unsigned char 
		 -> main@responseArray(64), 
  line            1   12[COMMON] PTR unsigned char 
		 -> main@lineArray(64), 
 Auto vars:     Size  Location     Type
  response        1    4[BANK0 ] PTR unsigned char 
		 -> main@responseArray(64), 
  charsRead       2    5[BANK0 ] int 
  totalRead       2    2[BANK0 ] int 
 Return value:  Size  Location     Type
                  2   12[COMMON] int 
 Registers used:
		wreg, fsr0l, fsr0h, fsr1l, fsr1h, status,2, status,0, pclath, cstack
 Tracked objects:
		On entry : 
		On exit  : 
		Unchanged: 
 Data sizes:     COMMON   BANK0   BANK1   BANK2   BANK3   BANK4   BANK5   BANK6   BANK7   BANK8   BANK9  BANK10  BANK11  BANK12
      Params:         2       0       0       0       0       0       0       0       0       0       0       0       0       0
      Locals:         0       5       0       0       0       0       0       0       0       0       0       0       0       0
      Temps:          0       2       0       0       0       0       0       0       0       0       0       0       0       0
      Totals:         2       7       0       0       0       0       0       0       0       0       0       0       0       0
Total ram usage:        9 bytes
 Hardware stack levels used:    1
 Hardware stack levels required when called:    2
 This function calls:
		_EUSART_Read_String
		_EUSART_Write_String
		_strncpy
 This function is called by:
		_Button1Message
 This function uses a non-reentrant model


 *************** function _PreMessageSetup *****************
 Defined at:
		line 107 in file "main.c"
 Parameters:    Size  Location     Type
  responseArra    1    wreg     PTR unsigned char 
		 -> main@responseArray(64), 
  charsRead       2   72[BANK0 ] int 
 Auto vars:     Size  Location     Type
  responseArra    1   76[BANK0 ] PTR unsigned char 
		 -> main@responseArray(64), 
 Return value:  Size  Location     Type
                  1    wreg      void 
 Registers used:
		wreg, fsr0l, fsr0h, fsr1l, fsr1h, status,2, status,0, pclath, cstack
 Tracked objects:
		On entry : 
		On exit  : 
		Unchanged: 
 Data sizes:     COMMON   BANK0   BANK1   BANK2   BANK3   BANK4   BANK5   BANK6   BANK7   BANK8   BANK9  BANK10  BANK11  BANK12
      Params:         0       2       0       0       0       0       0       0       0       0       0       0       0       0
      Locals:         0       1       0       0       0       0       0       0       0       0       0       0       0       0
      Temps:          0       2       0       0       0       0       0       0       0       0       0       0       0       0
      Totals:         0       5       0       0       0       0       0       0       0       0       0       0       0       0
Total ram usage:        5 bytes
 Hardware stack levels used:    1
 Hardware stack levels required when called:    3
 This function calls:
		_SendAT
		_SendCMGF
		_SendCSCS
		_WarningFlash
		_memset
		_strcmp
 This function is called by:
		_Button1Message
		_Button2Message
		_Button3Message
		_CookiesTest
 This function uses a non-reentrant model


 *************** function _strcmp *****************
 Defined at:
		line 3 in file "C:\Program Files (x86)\Microchip\xc8\v2.00\pic\sources\c99\common\strcmp.c"
 Parameters:    Size  Location     Type
  l               1    wreg     PTR const unsigned char 
		 -> main@responseArray(64), 
  r               2    0[COMMON] PTR const unsigned char 
		 -> STR_8(3), STR_6(3), STR_5(3), STR_4(3), 
		 -> STR_3(7), STR_2(7), STR_1(7), 
 Auto vars:     Size  Location     Type
  l               1    4[COMMON] PTR const unsigned char 
		 -> main@responseArray(64), 
 Return value:  Size  Location     Type
                  2    0[COMMON] int 
 Registers used:
		wreg, fsr0l, fsr0h, fsr1l, fsr1h, status,2, status,0, pclath
 Tracked objects:
		On entry : 
		On exit  : 
		Unchanged: 
 Data sizes:     COMMON   BANK0   BANK1   BANK2   BANK3   BANK4   BANK5   BANK6   BANK7   BANK8   BANK9  BANK10  BANK11  BANK12
      Params:         2       0       0       0       0       0       0       0       0       0       0       0       0       0
      Locals:         1       0       0       0       0       0       0       0       0       0       0       0       0       0
      Temps:          2       0       0       0       0       0       0       0       0       0       0       0       0       0
      Totals:         5       0       0       0       0       0       0       0       0       0       0       0       0       0
Total ram usage:        5 bytes
 Hardware stack levels used:    1
 This function calls:
		Nothing
 This function is called by:
		_PreMessageSetup
		_Button1Message
		_Button2Message
		_Button3Message
		_CookiesTest
 This function uses a non-reentrant model


 *************** function _memset *****************
 Defined at:
		line 4 in file "C:\Program Files (x86)\Microchip\xc8\v2.00\pic\sources\c99\common\memset.c"
 Parameters:    Size  Location     Type
  dest            1    wreg     PTR void 
		 -> main@responseArray(64), 
  c               2    0[COMMON] int 
  n               2    2[COMMON] unsigned int 
 Auto vars:     Size  Location     Type
  dest            1    8[COMMON] PTR void 
		 -> main@responseArray(64), 
  k               2    6[COMMON] unsigned int 
  s               1    9[COMMON] PTR unsigned char 
		 -> main@responseArray(64), 
 Return value:  Size  Location     Type
                  1    wreg      PTR void 
 Registers used:
		wreg, fsr1l, fsr1h, status,2, status,0
 Tracked objects:
		On entry : 
		On exit  : 
		Unchanged: 
 Data sizes:     COMMON   BANK0   BANK1   BANK2   BANK3   BANK4   BANK5   BANK6   BANK7   BANK8   BANK9  BANK10  BANK11  BANK12
      Params:         4       0       0       0       0       0       0       0       0       0       0       0       0       0
      Locals:         4       0       0       0       0       0       0       0       0       0       0       0       0       0
      Temps:          2       0       0       0       0       0       0       0       0       0       0       0       0       0
      Totals:        10       0       0       0       0       0       0       0       0       0       0       0       0       0
Total ram usage:       10 bytes
 Hardware stack levels used:    1
 This function calls:
		Nothing
 This function is called by:
		_PreMessageSetup
		_Button1Message
		_Button2Message
		_Button3Message
		_CookiesTest
 This function uses a non-reentrant model


 *************** function _WarningFlash *****************
 Defined at:
		line 101 in file "main.c"
 Parameters:    Size  Location     Type
		None
 Auto vars:     Size  Location     Type
		None
 Return value:  Size  Location     Type
                  1    wreg      void 
 Registers used:
		wreg, status,2, status,0, pclath, cstack
 Tracked objects:
		On entry : 
		On exit  : 
		Unchanged: 
 Data sizes:     COMMON   BANK0   BANK1   BANK2   BANK3   BANK4   BANK5   BANK6   BANK7   BANK8   BANK9  BANK10  BANK11  BANK12
      Params:         0       0       0       0       0       0       0       0       0       0       0       0       0       0
      Locals:         0       0       0       0       0       0       0       0       0       0       0       0       0       0
      Temps:          0       0       0       0       0       0       0       0       0       0       0       0       0       0
      Totals:         0       0       0       0       0       0       0       0       0       0       0       0       0       0
Total ram usage:        0 bytes
 Hardware stack levels used:    1
 Hardware stack levels required when called:    1
 This function calls:
		_FlashPin
 This function is called by:
		_PreMessageSetup
		_Button1Message
		_Button2Message
		_Button3Message
		_CookiesTest
 This function uses a non-reentrant model


 *************** function _FlashPin *****************
 Defined at:
		line 58 in file "main.c"
 Parameters:    Size  Location     Type
		None
 Auto vars:     Size  Location     Type
		None
 Return value:  Size  Location     Type
                  1    wreg      void 
 Registers used:
		wreg
 Tracked objects:
		On entry : 
		On exit  : 
		Unchanged: 
 Data sizes:     COMMON   BANK0   BANK1   BANK2   BANK3   BANK4   BANK5   BANK6   BANK7   BANK8   BANK9  BANK10  BANK11  BANK12
      Params:         0       0       0       0       0       0       0       0       0       0       0       0       0       0
      Locals:         0       0       0       0       0       0       0       0       0       0       0       0       0       0
      Temps:          2       0       0       0       0       0       0       0       0       0       0       0       0       0
      Totals:         2       0       0       0       0       0       0       0       0       0       0       0       0       0
Total ram usage:        2 bytes
 Hardware stack levels used:    1
 This function calls:
		Nothing
 This function is called by:
		_WarningFlash
 This function uses a non-reentrant model


 *************** function _SendCSCS *****************
 Defined at:
		line 83 in file "sim800at.c"
 Parameters:    Size  Location     Type
  response        1    wreg     PTR unsigned char 
		 -> main@responseArray(64), 
 Auto vars:     Size  Location     Type
  response        1   69[BANK0 ] PTR unsigned char 
		 -> main@responseArray(64), 
  line           64    3[BANK0 ] unsigned char [64]
  charsRead       2   70[BANK0 ] int 
  totalRead       2   67[BANK0 ] int 
 Return value:  Size  Location     Type
                  2    0[BANK0 ] int 
 Registers used:
		wreg, fsr0l, fsr0h, fsr1l, fsr1h, status,2, status,0, pclath, cstack
 Tracked objects:
		On entry : 
		On exit  : 
		Unchanged: 
 Data sizes:     COMMON   BANK0   BANK1   BANK2   BANK3   BANK4   BANK5   BANK6   BANK7   BANK8   BANK9  BANK10  BANK11  BANK12
      Params:         0       2       0       0       0       0       0       0       0       0       0       0       0       0
      Locals:         0      69       0       0       0       0       0       0       0       0       0       0       0       0
      Temps:          0       1       0       0       0       0       0       0       0       0       0       0       0       0
      Totals:         0      72       0       0       0       0       0       0       0       0       0       0       0       0
Total ram usage:       72 bytes
 Hardware stack levels used:    1
 Hardware stack levels required when called:    2
 This function calls:
		_EUSART_Read_String
		_EUSART_Write_String
		_strncat
		_strncpy
 This function is called by:
		_PreMessageSetup
 This function uses a non-reentrant model


 *************** function _SendCMGF *****************
 Defined at:
		line 54 in file "sim800at.c"
 Parameters:    Size  Location     Type
  response        1    wreg     PTR unsigned char 
		 -> main@responseArray(64), 
 Auto vars:     Size  Location     Type
  response        1   69[BANK0 ] PTR unsigned char 
		 -> main@responseArray(64), 
  line           64    3[BANK0 ] unsigned char [64]
  charsRead       2   70[BANK0 ] int 
  totalRead       2   67[BANK0 ] int 
 Return value:  Size  Location     Type
                  2    0[BANK0 ] int 
 Registers used:
		wreg, fsr0l, fsr0h, fsr1l, fsr1h, status,2, status,0, pclath, cstack
 Tracked objects:
		On entry : 
		On exit  : 
		Unchanged: 
 Data sizes:     COMMON   BANK0   BANK1   BANK2   BANK3   BANK4   BANK5   BANK6   BANK7   BANK8   BANK9  BANK10  BANK11  BANK12
      Params:         0       2       0       0       0       0       0       0       0       0       0       0       0       0
      Locals:         0      69       0       0       0       0       0       0       0       0       0       0       0       0
      Temps:          0       1       0       0       0       0       0       0       0       0       0       0       0       0
      Totals:         0      72       0       0       0       0       0       0       0       0       0       0       0       0
Total ram usage:       72 bytes
 Hardware stack levels used:    1
 Hardware stack levels required when called:    2
 This function calls:
		_EUSART_Read_String
		_EUSART_Write_String
		_strncat
		_strncpy
 This function is called by:
		_PreMessageSetup
 This function uses a non-reentrant model


 *************** function _SendAT *****************
 Defined at:
		line 25 in file "sim800at.c"
 Parameters:    Size  Location     Type
  response        1    wreg     PTR unsigned char 
		 -> main@responseArray(64), 
 Auto vars:     Size  Location     Type
  response        1   69[BANK0 ] PTR unsigned char 
		 -> main@responseArray(64), 
  line           64    3[BANK0 ] unsigned char [64]
  charsRead       2   70[BANK0 ] int 
  totalRead       2   67[BANK0 ] int 
 Return value:  Size  Location     Type
                  2    0[BANK0 ] int 
 Registers used:
		wreg, fsr0l, fsr0h, fsr1l, fsr1h, status,2, status,0, pclath, cstack
 Tracked objects:
		On entry : 
		On exit  : 
		Unchanged: 
 Data sizes:     COMMON   BANK0   BANK1   BANK2   BANK3   BANK4   BANK5   BANK6   BANK7   BANK8   BANK9  BANK10  BANK11  BANK12
      Params:         0       2       0       0       0       0       0       0       0       0       0       0       0       0
      Locals:         0      69       0       0       0       0       0       0       0       0       0       0       0       0
      Temps:          0       1       0       0       0       0       0       0       0       0       0       0       0       0
      Totals:         0      72       0       0       0       0       0       0       0       0       0       0       0       0
Total ram usage:       72 bytes
 Hardware stack levels used:    1
 Hardware stack levels required when called:    2
 This function calls:
		_EUSART_Read_String
		_EUSART_Write_String
		_strncat
		_strncpy
 This function is called by:
		_PreMessageSetup
 This function uses a non-reentrant model


 *************** function _strncpy *****************
 Defined at:
		line 7 in file "C:\Program Files (x86)\Microchip\xc8\v2.00\pic\sources\c99\common\strncpy.c"
 Parameters:    Size  Location     Type
  d               1    wreg     PTR unsigned char 
		 -> main@responseArray(64), 
  s               2    0[COMMON] PTR const unsigned char 
		 -> SendCSCS@line(64), SendCMGF@line(64), SendAT@line(64), STR_7(9), 
		 -> main@lineArray(64), 
  n               2    2[COMMON] unsigned int 
 Auto vars:     Size  Location     Type
  d               1    7[COMMON] PTR unsigned char 
		 -> main@responseArray(64), 
  cp              1    6[COMMON] PTR unsigned char 
		 -> main@responseArray(64), 
 Return value:  Size  Location     Type
                  1    wreg      PTR unsigned char 
 Registers used:
		wreg, fsr0l, fsr0h, fsr1l, fsr1h, status,2, status,0, pclath
 Tracked objects:
		On entry : 
		On exit  : 
		Unchanged: 
 Data sizes:     COMMON   BANK0   BANK1   BANK2   BANK3   BANK4   BANK5   BANK6   BANK7   BANK8   BANK9  BANK10  BANK11  BANK12
      Params:         4       0       0       0       0       0       0       0       0       0       0       0       0       0
      Locals:         2       0       0       0       0       0       0       0       0       0       0       0       0       0
      Temps:          2       0       0       0       0       0       0       0       0       0       0       0       0       0
      Totals:         8       0       0       0       0       0       0       0       0       0       0       0       0       0
Total ram usage:        8 bytes
 Hardware stack levels used:    1
 This function calls:
		Nothing
 This function is called by:
		_SendAT
		_SendCMGF
		_SendCSCS
		_SendBtn1Message
		_SendTestMessage
		_SendBtn2Message
		_SendBtn3Message
 This function uses a non-reentrant model


 *************** function _strncat *****************
 Defined at:
		line 3 in file "C:\Program Files (x86)\Microchip\xc8\v2.00\pic\sources\c99\common\strncat.c"
 Parameters:    Size  Location     Type
  d               1    wreg     PTR unsigned char 
		 -> main@responseArray(64), 
  s               1    8[COMMON] PTR const unsigned char 
		 -> SendCSCS@line(64), SendCMGF@line(64), SendAT@line(64), 
  n               2    9[COMMON] unsigned int 
 Auto vars:     Size  Location     Type
  d               1   13[COMMON] PTR unsigned char 
		 -> main@responseArray(64), 
  a               1   12[COMMON] PTR unsigned char 
		 -> main@responseArray(64), 
 Return value:  Size  Location     Type
                  1    wreg      PTR unsigned char 
 Registers used:
		wreg, fsr1l, fsr1h, status,2, status,0, pclath, cstack
 Tracked objects:
		On entry : 
		On exit  : 
		Unchanged: 
 Data sizes:     COMMON   BANK0   BANK1   BANK2   BANK3   BANK4   BANK5   BANK6   BANK7   BANK8   BANK9  BANK10  BANK11  BANK12
      Params:         3       0       0       0       0       0       0       0       0       0       0       0       0       0
      Locals:         2       0       0       0       0       0       0       0       0       0       0       0       0       0
      Temps:          1       0       0       0       0       0       0       0       0       0       0       0       0       0
      Totals:         6       0       0       0       0       0       0       0       0       0       0       0       0       0
Total ram usage:        6 bytes
 Hardware stack levels used:    1
 Hardware stack levels required when called:    1
 This function calls:
		_strlen
 This function is called by:
		_SendAT
		_SendCMGF
		_SendCSCS
 This function uses a non-reentrant model


 *************** function _strlen *****************
 Defined at:
		line 12 in file "C:\Program Files (x86)\Microchip\xc8\v2.00\pic\sources\c99\common\strlen.c"
 Parameters:    Size  Location     Type
  s               1    wreg     PTR const unsigned char 
		 -> main@responseArray(64), 
 Auto vars:     Size  Location     Type
  s               1    7[COMMON] PTR const unsigned char 
		 -> main@responseArray(64), 
  a               1    6[COMMON] PTR const unsigned char 
		 -> main@responseArray(64), 
 Return value:  Size  Location     Type
                  2    0[COMMON] unsigned int 
 Registers used:
		wreg, fsr1l, fsr1h, status,2, status,0
 Tracked objects:
		On entry : 
		On exit  : 
		Unchanged: 
 Data sizes:     COMMON   BANK0   BANK1   BANK2   BANK3   BANK4   BANK5   BANK6   BANK7   BANK8   BANK9  BANK10  BANK11  BANK12
      Params:         2       0       0       0       0       0       0       0       0       0       0       0       0       0
      Locals:         2       0       0       0       0       0       0       0       0       0       0       0       0       0
      Temps:          4       0       0       0       0       0       0       0       0       0       0       0       0       0
      Totals:         8       0       0       0       0       0       0       0       0       0       0       0       0       0
Total ram usage:        8 bytes
 Hardware stack levels used:    1
 This function calls:
		Nothing
 This function is called by:
		_strncat
 This function uses a non-reentrant model


 *************** function _EUSART_Write_String *****************
 Defined at:
		line 110 in file "mcc_generated_files/eusart.c"
 Parameters:    Size  Location     Type
  s               2    1[COMMON] PTR unsigned char 
		 -> STR_19(7), STR_18(17), STR_17(7), STR_16(17), 
		 -> STR_15(7), STR_14(17), STR_13(9), STR_12(17), 
		 -> STR_11(16), STR_10(12), STR_9(5), 
 Auto vars:     Size  Location     Type
		None
 Return value:  Size  Location     Type
                  1    wreg      void 
 Registers used:
		wreg, fsr0l, fsr0h, status,2, status,0, pclath, cstack
 Tracked objects:
		On entry : 
		On exit  : 
		Unchanged: 
 Data sizes:     COMMON   BANK0   BANK1   BANK2   BANK3   BANK4   BANK5   BANK6   BANK7   BANK8   BANK9  BANK10  BANK11  BANK12
      Params:         2       0       0       0       0       0       0       0       0       0       0       0       0       0
      Locals:         0       0       0       0       0       0       0       0       0       0       0       0       0       0
      Temps:          1       0       0       0       0       0       0       0       0       0       0       0       0       0
      Totals:         3       0       0       0       0       0       0       0       0       0       0       0       0       0
Total ram usage:        3 bytes
 Hardware stack levels used:    1
 Hardware stack levels required when called:    1
 This function calls:
		_EUSART_Write
 This function is called by:
		_SendAT
		_SendCMGF
		_SendCSCS
		_SendBtn1Message
		_SendTestMessage
		_SendBtn2Message
		_SendBtn3Message
 This function uses a non-reentrant model


 *************** function _EUSART_Write *****************
 Defined at:
		line 103 in file "mcc_generated_files/eusart.c"
 Parameters:    Size  Location     Type
  txData          1    wreg     unsigned char 
 Auto vars:     Size  Location     Type
  txData          1    0[COMMON] unsigned char 
 Return value:  Size  Location     Type
                  1    wreg      void 
 Registers used:
		wreg
 Tracked objects:
		On entry : 
		On exit  : 
		Unchanged: 
 Data sizes:     COMMON   BANK0   BANK1   BANK2   BANK3   BANK4   BANK5   BANK6   BANK7   BANK8   BANK9  BANK10  BANK11  BANK12
      Params:         0       0       0       0       0       0       0       0       0       0       0       0       0       0
      Locals:         1       0       0       0       0       0       0       0       0       0       0       0       0       0
      Temps:          0       0       0       0       0       0       0       0       0       0       0       0       0       0
      Totals:         1       0       0       0       0       0       0       0       0       0       0       0       0       0
Total ram usage:        1 bytes
 Hardware stack levels used:    1
 This function calls:
		Nothing
 This function is called by:
		_EUSART_Write_String
 This function uses a non-reentrant model


 *************** function _EUSART_Read_String *****************
 Defined at:
		line 119 in file "mcc_generated_files/eusart.c"
 Parameters:    Size  Location     Type
  s               2    0[COMMON] PTR unsigned char 
		 -> SendCSCS@line(64), SendCMGF@line(64), SendAT@line(64), STR_7(9), 
		 -> main@lineArray(64), 
  max_length      2    2[COMMON] unsigned int 
 Auto vars:     Size  Location     Type
  c               1   11[COMMON] unsigned char 
  i               2    9[COMMON] int 
  seenNL          2    7[COMMON] unsigned int 
  seenCR          2    5[COMMON] unsigned int 
 Return value:  Size  Location     Type
                  2    0[COMMON] int 
 Registers used:
		wreg, fsr1l, fsr1h, status,2, status,0, pclath, cstack
 Tracked objects:
		On entry : 
		On exit  : 
		Unchanged: 
 Data sizes:     COMMON   BANK0   BANK1   BANK2   BANK3   BANK4   BANK5   BANK6   BANK7   BANK8   BANK9  BANK10  BANK11  BANK12
      Params:         4       0       0       0       0       0       0       0       0       0       0       0       0       0
      Locals:         7       0       0       0       0       0       0       0       0       0       0       0       0       0
      Temps:          1       0       0       0       0       0       0       0       0       0       0       0       0       0
      Totals:        12       0       0       0       0       0       0       0       0       0       0       0       0       0
Total ram usage:       12 bytes
 Hardware stack levels used:    1
 Hardware stack levels required when called:    1
 This function calls:
		_EUSART_Read
 This function is called by:
		_SendAT
		_SendCMGF
		_SendCSCS
		_SendBtn1Message
		_SendTestMessage
		_SendBtn2Message
		_SendBtn3Message
 This function uses a non-reentrant model


 *************** function _EUSART_Read *****************
 Defined at:
		line 88 in file "mcc_generated_files/eusart.c"
 Parameters:    Size  Location     Type
		None
 Auto vars:     Size  Location     Type
		None
 Return value:  Size  Location     Type
                  1    wreg      unsigned char 
 Registers used:
		wreg
 Tracked objects:
		On entry : 
		On exit  : 
		Unchanged: 
 Data sizes:     COMMON   BANK0   BANK1   BANK2   BANK3   BANK4   BANK5   BANK6   BANK7   BANK8   BANK9  BANK10  BANK11  BANK12
      Params:         0       0       0       0       0       0       0       0       0       0       0       0       0       0
      Locals:         0       0       0       0       0       0       0       0       0       0       0       0       0       0
      Temps:          0       0       0       0       0       0       0       0       0       0       0       0       0       0
      Totals:         0       0       0       0       0       0       0       0       0       0       0       0       0       0
Total ram usage:        0 bytes
 Hardware stack levels used:    1
 This function calls:
		Nothing
 This function is called by:
		_EUSART_Read_String
 This function uses a non-reentrant model



MODULE INFORMATION

Module		Function		Class		Link	Load	Size
C:\Program Files (x86)\Microchip\xc8\v2.00\pic\sources\c99\common\strncpy.c
		_strncpy       		CODE           	03FA	0000	67

C:\Program Files (x86)\Microchip\xc8\v2.00\pic\sources\c99\common\strncpy.c estimated size: 67

C:\Program Files (x86)\Microchip\xc8\v2.00\pic\sources\c99\common\strlen.c
		_strlen        		CODE           	0319	0000	42

C:\Program Files (x86)\Microchip\xc8\v2.00\pic\sources\c99\common\strlen.c estimated size: 42

mcc_generated_files/pin_manager.c
		_PIN_MANAGER_Initialize		CODE           	02F8	0000	34

mcc_generated_files/pin_manager.c estimated size: 34

C:\Program Files (x86)\Microchip\xc8\v2.00\pic\sources\c99\common\strcmp.c
		_strcmp        		CODE           	0342	0000	61

C:\Program Files (x86)\Microchip\xc8\v2.00\pic\sources\c99\common\strcmp.c estimated size: 61

C:\Program Files (x86)\Microchip\xc8\v2.00\pic\sources\c99\common\memset.c
		_memset        		CODE           	072B	0000	171

C:\Program Files (x86)\Microchip\xc8\v2.00\pic\sources\c99\common\memset.c estimated size: 171

mcc_generated_files/ext_int.c
		_EXT_INT_Initialize		CODE           	026A	0000	2

mcc_generated_files/ext_int.c estimated size: 2

sim800at.c
		_SendCMGF      		CODE           	053A	0000	100
		_SendAT        		CODE           	04D7	0000	100
		_SendCSCS      		CODE           	059D	0000	100
		_SendBtn1Message		CODE           	0600	0000	139

sim800at.c estimated size: 439

shared
		__initialization		CODE           	07D5	0000	41

shared estimated size: 41

mcc_generated_files/mcc.c
		_WDT_Initialize		CODE           	026B	0000	5
		_OSCILLATOR_Initialize		CODE           	0275	0000	9
		_SYSTEM_Initialize		CODE           	029F	0000	17

mcc_generated_files/mcc.c estimated size: 31

mcc_generated_files/eusart.c
		_EUSART_Read   		CODE           	02AF	0000	18
		_EUSART_Write  		CODE           	0287	0000	13
		_EUSART_Write_String		CODE           	02C0	0000	26
		_EUSART_Initialize		CODE           	0293	0000	13
		_EUSART_Read_String		CODE           	0485	0000	83

mcc_generated_files/eusart.c estimated size: 153

main.c
		_Button1Message		CODE           	037E	0000	62
		_WarningFlash  		CODE           	027D	0000	11
		_main          		CODE           	043C	0000	74
		_FlashPin      		CODE           	02D9	0000	32
		_PreMessageSetup		CODE           	068A	0000	162

main.c estimated size: 341

C:\Program Files (x86)\Microchip\xc8\v2.00\pic\sources\c99\common\strncat.c
		_strncat       		CODE           	03BB	0000	64

C:\Program Files (x86)\Microchip\xc8\v2.00\pic\sources\c99\common\strncat.c estimated size: 64

